<?xml version="1.0"?>
<link_info>
   <banner>TI ARM Linker PC v16.9.0.LTS</banner>
   <copyright>Copyright (c) 1996-2015 Texas Instruments Incorporated</copyright>
   <link_time>0x587caa9a</link_time>
   <link_errors>0x0</link_errors>
   <output_file>Checkweigher_Wifi.out</output_file>
   <entry_point>
      <name>_c_int00</name>
      <address>0x4825</address>
   </entry_point>
   <input_file_list>
      <input_file id="fl-2">
         <path>.\</path>
         <kind>object</kind>
         <file>EF_WLAN.obj</file>
         <name>EF_WLAN.obj</name>
      </input_file>
      <input_file id="fl-3">
         <path>.\</path>
         <kind>object</kind>
         <file>main.obj</file>
         <name>main.obj</name>
      </input_file>
      <input_file id="fl-4">
         <path>.\</path>
         <kind>object</kind>
         <file>tm4c123gh6pm_startup_ccs.obj</file>
         <name>tm4c123gh6pm_startup_ccs.obj</name>
      </input_file>
      <input_file id="fl-5">
         <path>.\</path>
         <kind>object</kind>
         <file>uartstdio.obj</file>
         <name>uartstdio.obj</name>
      </input_file>
      <input_file id="fl-6">
         <path>.\HAL\</path>
         <kind>object</kind>
         <file>EF_BarCode_Scanner.obj</file>
         <name>EF_BarCode_Scanner.obj</name>
      </input_file>
      <input_file id="fl-7">
         <path>.\HAL\</path>
         <kind>object</kind>
         <file>EF_E2PROM_24C16.obj</file>
         <name>EF_E2PROM_24C16.obj</name>
      </input_file>
      <input_file id="fl-8">
         <path>.\HAL\</path>
         <kind>object</kind>
         <file>EF_IP_OP_card.obj</file>
         <name>EF_IP_OP_card.obj</name>
      </input_file>
      <input_file id="fl-9">
         <path>.\HAL\</path>
         <kind>object</kind>
         <file>EF_LCD.obj</file>
         <name>EF_LCD.obj</name>
      </input_file>
      <input_file id="fl-a">
         <path>.\HAL\</path>
         <kind>object</kind>
         <file>EF_Scale_rinstrum.obj</file>
         <name>EF_Scale_rinstrum.obj</name>
      </input_file>
      <input_file id="fl-b">
         <path>.\MCAL\</path>
         <kind>object</kind>
         <file>EF_TIVA_DIO.obj</file>
         <name>EF_TIVA_DIO.obj</name>
      </input_file>
      <input_file id="fl-c">
         <path>.\MCAL\</path>
         <kind>object</kind>
         <file>EF_TIVA_EEPROM.obj</file>
         <name>EF_TIVA_EEPROM.obj</name>
      </input_file>
      <input_file id="fl-d">
         <path>.\MCAL\</path>
         <kind>object</kind>
         <file>EF_TIVA_I2C.obj</file>
         <name>EF_TIVA_I2C.obj</name>
      </input_file>
      <input_file id="fl-e">
         <path>.\MCAL\</path>
         <kind>object</kind>
         <file>EF_TIVA_Timer.obj</file>
         <name>EF_TIVA_Timer.obj</name>
      </input_file>
      <input_file id="fl-f">
         <path>.\MCAL\</path>
         <kind>object</kind>
         <file>EF_TIVA_uart.obj</file>
         <name>EF_TIVA_uart.obj</name>
      </input_file>
      <input_file id="fl-10">
         <path>.\Services\</path>
         <kind>object</kind>
         <file>EF_PrintMenus.obj</file>
         <name>EF_PrintMenus.obj</name>
      </input_file>
      <input_file id="fl-11">
         <path>.\Services\</path>
         <kind>object</kind>
         <file>EF_UserInterface.obj</file>
         <name>EF_UserInterface.obj</name>
      </input_file>
      <input_file id="fl-12">
         <path>.\Utilities\</path>
         <kind>object</kind>
         <file>EF_SpechialTIMER.obj</file>
         <name>EF_SpechialTIMER.obj</name>
      </input_file>
      <input_file id="fl-13">
         <path>.\Utilities\</path>
         <kind>object</kind>
         <file>std_types.obj</file>
         <name>std_types.obj</name>
      </input_file>
      <input_file id="fl-14">
         <path>.\board\</path>
         <kind>object</kind>
         <file>board.obj</file>
         <name>board.obj</name>
      </input_file>
      <input_file id="fl-15">
         <path>.\cli_uart\</path>
         <kind>object</kind>
         <file>cli_uart.obj</file>
         <name>cli_uart.obj</name>
      </input_file>
      <input_file id="fl-16">
         <path>.\simplelink\source\</path>
         <kind>object</kind>
         <file>device.obj</file>
         <name>device.obj</name>
      </input_file>
      <input_file id="fl-17">
         <path>.\simplelink\source\</path>
         <kind>object</kind>
         <file>driver.obj</file>
         <name>driver.obj</name>
      </input_file>
      <input_file id="fl-18">
         <path>.\simplelink\source\</path>
         <kind>object</kind>
         <file>flowcont.obj</file>
         <name>flowcont.obj</name>
      </input_file>
      <input_file id="fl-19">
         <path>.\simplelink\source\</path>
         <kind>object</kind>
         <file>fs.obj</file>
         <name>fs.obj</name>
      </input_file>
      <input_file id="fl-1a">
         <path>.\simplelink\source\</path>
         <kind>object</kind>
         <file>netapp.obj</file>
         <name>netapp.obj</name>
      </input_file>
      <input_file id="fl-1b">
         <path>.\simplelink\source\</path>
         <kind>object</kind>
         <file>netcfg.obj</file>
         <name>netcfg.obj</name>
      </input_file>
      <input_file id="fl-1c">
         <path>.\simplelink\source\</path>
         <kind>object</kind>
         <file>nonos.obj</file>
         <name>nonos.obj</name>
      </input_file>
      <input_file id="fl-1d">
         <path>.\simplelink\source\</path>
         <kind>object</kind>
         <file>socket.obj</file>
         <name>socket.obj</name>
      </input_file>
      <input_file id="fl-1e">
         <path>.\simplelink\source\</path>
         <kind>object</kind>
         <file>spawn.obj</file>
         <name>spawn.obj</name>
      </input_file>
      <input_file id="fl-1f">
         <path>.\simplelink\source\</path>
         <kind>object</kind>
         <file>wlan.obj</file>
         <name>wlan.obj</name>
      </input_file>
      <input_file id="fl-20">
         <path>.\spi\</path>
         <kind>object</kind>
         <file>spi.obj</file>
         <name>spi.obj</name>
      </input_file>
      <input_file id="fl-21">
         <path>.\uart\</path>
         <kind>object</kind>
         <file>uart.obj</file>
         <name>uart.obj</name>
      </input_file>
      <input_file id="fl-28">
         <path>C:\ti\TivaWare_C_Series-2.1.0.12573\driverlib\ccs\Debug\</path>
         <kind>archive</kind>
         <file>driverlib.lib</file>
         <name>eeprom.obj</name>
      </input_file>
      <input_file id="fl-29">
         <path>C:\ti\TivaWare_C_Series-2.1.0.12573\driverlib\ccs\Debug\</path>
         <kind>archive</kind>
         <file>driverlib.lib</file>
         <name>fpu.obj</name>
      </input_file>
      <input_file id="fl-2a">
         <path>C:\ti\TivaWare_C_Series-2.1.0.12573\driverlib\ccs\Debug\</path>
         <kind>archive</kind>
         <file>driverlib.lib</file>
         <name>gpio.obj</name>
      </input_file>
      <input_file id="fl-2b">
         <path>C:\ti\TivaWare_C_Series-2.1.0.12573\driverlib\ccs\Debug\</path>
         <kind>archive</kind>
         <file>driverlib.lib</file>
         <name>i2c.obj</name>
      </input_file>
      <input_file id="fl-2c">
         <path>C:\ti\TivaWare_C_Series-2.1.0.12573\driverlib\ccs\Debug\</path>
         <kind>archive</kind>
         <file>driverlib.lib</file>
         <name>interrupt.obj</name>
      </input_file>
      <input_file id="fl-2d">
         <path>C:\ti\TivaWare_C_Series-2.1.0.12573\driverlib\ccs\Debug\</path>
         <kind>archive</kind>
         <file>driverlib.lib</file>
         <name>ssi.obj</name>
      </input_file>
      <input_file id="fl-2e">
         <path>C:\ti\TivaWare_C_Series-2.1.0.12573\driverlib\ccs\Debug\</path>
         <kind>archive</kind>
         <file>driverlib.lib</file>
         <name>sysctl.obj</name>
      </input_file>
      <input_file id="fl-2f">
         <path>C:\ti\TivaWare_C_Series-2.1.0.12573\driverlib\ccs\Debug\</path>
         <kind>archive</kind>
         <file>driverlib.lib</file>
         <name>timer.obj</name>
      </input_file>
      <input_file id="fl-30">
         <path>C:\ti\TivaWare_C_Series-2.1.0.12573\driverlib\ccs\Debug\</path>
         <kind>archive</kind>
         <file>driverlib.lib</file>
         <name>uart.obj</name>
      </input_file>
      <input_file id="fl-31">
         <path>C:\ti\TivaWare_C_Series-2.1.0.12573\driverlib\ccs\Debug\</path>
         <kind>archive</kind>
         <file>driverlib.lib</file>
         <name>cpu.obj</name>
      </input_file>
      <input_file id="fl-e7">
         <path>C:\ti\ccsv7\tools\compiler\ti-cgt-arm_16.9.0.LTS\lib\</path>
         <kind>archive</kind>
         <file>rtsv7M4_T_le_v4SPD16_eabi.lib</file>
         <name>boot.obj</name>
      </input_file>
      <input_file id="fl-e8">
         <path>C:\ti\ccsv7\tools\compiler\ti-cgt-arm_16.9.0.LTS\lib\</path>
         <kind>archive</kind>
         <file>rtsv7M4_T_le_v4SPD16_eabi.lib</file>
         <name>copy_decompress_lzss.obj</name>
      </input_file>
      <input_file id="fl-e9">
         <path>C:\ti\ccsv7\tools\compiler\ti-cgt-arm_16.9.0.LTS\lib\</path>
         <kind>archive</kind>
         <file>rtsv7M4_T_le_v4SPD16_eabi.lib</file>
         <name>copy_decompress_none.obj</name>
      </input_file>
      <input_file id="fl-ea">
         <path>C:\ti\ccsv7\tools\compiler\ti-cgt-arm_16.9.0.LTS\lib\</path>
         <kind>archive</kind>
         <file>rtsv7M4_T_le_v4SPD16_eabi.lib</file>
         <name>copy_zero_init.obj</name>
      </input_file>
      <input_file id="fl-eb">
         <path>C:\ti\ccsv7\tools\compiler\ti-cgt-arm_16.9.0.LTS\lib\</path>
         <kind>archive</kind>
         <file>rtsv7M4_T_le_v4SPD16_eabi.lib</file>
         <name>exit.obj</name>
      </input_file>
      <input_file id="fl-ec">
         <path>C:\ti\ccsv7\tools\compiler\ti-cgt-arm_16.9.0.LTS\lib\</path>
         <kind>archive</kind>
         <file>rtsv7M4_T_le_v4SPD16_eabi.lib</file>
         <name>fd_add_t2.obj</name>
      </input_file>
      <input_file id="fl-ed">
         <path>C:\ti\ccsv7\tools\compiler\ti-cgt-arm_16.9.0.LTS\lib\</path>
         <kind>archive</kind>
         <file>rtsv7M4_T_le_v4SPD16_eabi.lib</file>
         <name>fd_div_t2.obj</name>
      </input_file>
      <input_file id="fl-ee">
         <path>C:\ti\ccsv7\tools\compiler\ti-cgt-arm_16.9.0.LTS\lib\</path>
         <kind>archive</kind>
         <file>rtsv7M4_T_le_v4SPD16_eabi.lib</file>
         <name>fd_mul_t2.obj</name>
      </input_file>
      <input_file id="fl-ef">
         <path>C:\ti\ccsv7\tools\compiler\ti-cgt-arm_16.9.0.LTS\lib\</path>
         <kind>archive</kind>
         <file>rtsv7M4_T_le_v4SPD16_eabi.lib</file>
         <name>fd_tos_t2.obj</name>
      </input_file>
      <input_file id="fl-f0">
         <path>C:\ti\ccsv7\tools\compiler\ti-cgt-arm_16.9.0.LTS\lib\</path>
         <kind>archive</kind>
         <file>rtsv7M4_T_le_v4SPD16_eabi.lib</file>
         <name>memcpy_t2.obj</name>
      </input_file>
      <input_file id="fl-f1">
         <path>C:\ti\ccsv7\tools\compiler\ti-cgt-arm_16.9.0.LTS\lib\</path>
         <kind>archive</kind>
         <file>rtsv7M4_T_le_v4SPD16_eabi.lib</file>
         <name>memset_t2.obj</name>
      </input_file>
      <input_file id="fl-f2">
         <path>C:\ti\ccsv7\tools\compiler\ti-cgt-arm_16.9.0.LTS\lib\</path>
         <kind>archive</kind>
         <file>rtsv7M4_T_le_v4SPD16_eabi.lib</file>
         <name>mpu_init.obj</name>
      </input_file>
      <input_file id="fl-f3">
         <path>C:\ti\ccsv7\tools\compiler\ti-cgt-arm_16.9.0.LTS\lib\</path>
         <kind>archive</kind>
         <file>rtsv7M4_T_le_v4SPD16_eabi.lib</file>
         <name>pre_init.obj</name>
      </input_file>
      <input_file id="fl-f4">
         <path>C:\ti\ccsv7\tools\compiler\ti-cgt-arm_16.9.0.LTS\lib\</path>
         <kind>archive</kind>
         <file>rtsv7M4_T_le_v4SPD16_eabi.lib</file>
         <name>stkdepth_vars.obj</name>
      </input_file>
      <input_file id="fl-f5">
         <path>C:\ti\ccsv7\tools\compiler\ti-cgt-arm_16.9.0.LTS\lib\</path>
         <kind>archive</kind>
         <file>rtsv7M4_T_le_v4SPD16_eabi.lib</file>
         <name>strlen.obj</name>
      </input_file>
      <input_file id="fl-f6">
         <path>C:\ti\ccsv7\tools\compiler\ti-cgt-arm_16.9.0.LTS\lib\</path>
         <kind>archive</kind>
         <file>rtsv7M4_T_le_v4SPD16_eabi.lib</file>
         <name>u_divt2.obj</name>
      </input_file>
      <input_file id="fl-f7">
         <path>C:\ti\ccsv7\tools\compiler\ti-cgt-arm_16.9.0.LTS\lib\</path>
         <kind>archive</kind>
         <file>rtsv7M4_T_le_v4SPD16_eabi.lib</file>
         <name>u_tofd_t2.obj</name>
      </input_file>
      <input_file id="fl-f8">
         <path>C:\ti\ccsv7\tools\compiler\ti-cgt-arm_16.9.0.LTS\lib\</path>
         <kind>archive</kind>
         <file>rtsv7M4_T_le_v4SPD16_eabi.lib</file>
         <name>_lock.obj</name>
      </input_file>
      <input_file id="fl-f9">
         <path>C:\ti\ccsv7\tools\compiler\ti-cgt-arm_16.9.0.LTS\lib\</path>
         <kind>archive</kind>
         <file>rtsv7M4_T_le_v4SPD16_eabi.lib</file>
         <name>args_main.obj</name>
      </input_file>
      <input_file id="fl-fa">
         <path>C:\ti\ccsv7\tools\compiler\ti-cgt-arm_16.9.0.LTS\lib\</path>
         <kind>archive</kind>
         <file>rtsv7M4_T_le_v4SPD16_eabi.lib</file>
         <name>autoinit.obj</name>
      </input_file>
      <input_file id="fl-fb">
         <path>C:\ti\ccsv7\tools\compiler\ti-cgt-arm_16.9.0.LTS\lib\</path>
         <kind>archive</kind>
         <file>rtsv7M4_T_le_v4SPD16_eabi.lib</file>
         <name>cpy_tbl.obj</name>
      </input_file>
      <input_file id="fl-fc">
         <path>C:\ti\ccsv7\tools\compiler\ti-cgt-arm_16.9.0.LTS\lib\</path>
         <kind>archive</kind>
         <file>rtsv7M4_T_le_v4SPD16_eabi.lib</file>
         <name>i_div0.obj</name>
      </input_file>
      <input_file id="fl-fd">
         <path>C:\ti\ccsv7\tools\compiler\ti-cgt-arm_16.9.0.LTS\lib\</path>
         <kind>archive</kind>
         <file>rtsv7M4_T_le_v4SPD16_eabi.lib</file>
         <name>startup.obj</name>
      </input_file>
   </input_file_list>
   <object_component_list>
      <object_component id="oc-f">
         <name>.intvecs</name>
         <load_address>0x0</load_address>
         <run_address>0x0</run_address>
         <size>0x26c</size>
         <input_file_ref idref="fl-4"/>
      </object_component>
      <object_component id="oc-2ae">
         <name>.text</name>
         <load_address>0x270</load_address>
         <run_address>0x270</run_address>
         <size>0x1fd4</size>
         <input_file_ref idref="fl-11"/>
      </object_component>
      <object_component id="oc-1b9">
         <name>.text:TimerIntClear</name>
         <load_address>0x2244</load_address>
         <run_address>0x2244</run_address>
         <size>0x4</size>
         <input_file_ref idref="fl-2f"/>
      </object_component>
      <object_component id="oc-37">
         <name>.text</name>
         <load_address>0x2248</load_address>
         <run_address>0x2248</run_address>
         <size>0x658</size>
         <input_file_ref idref="fl-f"/>
      </object_component>
      <object_component id="oc-3d">
         <name>.text</name>
         <load_address>0x28a0</load_address>
         <run_address>0x28a0</run_address>
         <size>0x5f4</size>
         <input_file_ref idref="fl-a"/>
      </object_component>
      <object_component id="oc-c2">
         <name>.text:UARTIntClear</name>
         <load_address>0x2e94</load_address>
         <run_address>0x2e94</run_address>
         <size>0x4</size>
         <input_file_ref idref="fl-30"/>
      </object_component>
      <object_component id="oc-316">
         <name>.text</name>
         <load_address>0x2e98</load_address>
         <run_address>0x2e98</run_address>
         <size>0x52c</size>
         <input_file_ref idref="fl-5"/>
      </object_component>
      <object_component id="oc-75">
         <name>.text</name>
         <load_address>0x33c4</load_address>
         <run_address>0x33c4</run_address>
         <size>0x4</size>
         <input_file_ref idref="fl-f3"/>
      </object_component>
      <object_component id="oc-104">
         <name>.text</name>
         <load_address>0x33c8</load_address>
         <run_address>0x33c8</run_address>
         <size>0x320</size>
         <input_file_ref idref="fl-12"/>
      </object_component>
      <object_component id="oc-326">
         <name>.text</name>
         <load_address>0x36e8</load_address>
         <run_address>0x36e8</run_address>
         <size>0x2c6</size>
         <input_file_ref idref="fl-10"/>
      </object_component>
      <object_component id="oc-175">
         <name>.text</name>
         <load_address>0x39ae</load_address>
         <run_address>0x39ae</run_address>
         <size>0x1b6</size>
         <input_file_ref idref="fl-ec"/>
      </object_component>
      <object_component id="oc-17a">
         <name>.text</name>
         <load_address>0x3b64</load_address>
         <run_address>0x3b64</run_address>
         <size>0x136</size>
         <input_file_ref idref="fl-ed"/>
      </object_component>
      <object_component id="oc-22c">
         <name>.text:GPIOPadConfigSet</name>
         <load_address>0x3c9a</load_address>
         <run_address>0x3c9a</run_address>
         <size>0x132</size>
         <input_file_ref idref="fl-2a"/>
      </object_component>
      <object_component id="oc-399">
         <name>.text</name>
         <load_address>0x3dcc</load_address>
         <run_address>0x3dcc</run_address>
         <size>0x2</size>
         <input_file_ref idref="fl-fc"/>
      </object_component>
      <object_component id="oc-6f">
         <name>.text</name>
         <load_address>0x3dce</load_address>
         <run_address>0x3dce</run_address>
         <size>0x2</size>
         <input_file_ref idref="fl-f2"/>
      </object_component>
      <object_component id="oc-31">
         <name>.text</name>
         <load_address>0x3dd0</load_address>
         <run_address>0x3dd0</run_address>
         <size>0x128</size>
         <input_file_ref idref="fl-14"/>
      </object_component>
      <object_component id="oc-e6">
         <name>.text:SysCtlClockGet</name>
         <load_address>0x3ef8</load_address>
         <run_address>0x3ef8</run_address>
         <size>0x110</size>
         <input_file_ref idref="fl-2e"/>
      </object_component>
      <object_component id="oc-16b">
         <name>.text</name>
         <load_address>0x4008</load_address>
         <run_address>0x4008</run_address>
         <size>0xfc</size>
         <input_file_ref idref="fl-ee"/>
      </object_component>
      <object_component id="oc-9e">
         <name>.text:SysCtlClockSet</name>
         <load_address>0x4104</load_address>
         <run_address>0x4104</run_address>
         <size>0xf4</size>
         <input_file_ref idref="fl-2e"/>
      </object_component>
      <object_component id="oc-36e">
         <name>.text:EEPROMProgram</name>
         <load_address>0x41f8</load_address>
         <run_address>0x41f8</run_address>
         <size>0xc4</size>
         <input_file_ref idref="fl-28"/>
      </object_component>
      <object_component id="oc-1e5">
         <name>.text</name>
         <load_address>0x42bc</load_address>
         <run_address>0x42bc</run_address>
         <size>0x2</size>
         <input_file_ref idref="fl-fd"/>
      </object_component>
      <object_component id="oc-32c">
         <name>.text</name>
         <load_address>0x42c0</load_address>
         <run_address>0x42c0</run_address>
         <size>0xc4</size>
         <input_file_ref idref="fl-6"/>
      </object_component>
      <object_component id="oc-57">
         <name>.text</name>
         <load_address>0x4384</load_address>
         <run_address>0x4384</run_address>
         <size>0x9c</size>
         <input_file_ref idref="fl-f0"/>
      </object_component>
      <object_component id="oc-43">
         <name>.text</name>
         <load_address>0x4420</load_address>
         <run_address>0x4420</run_address>
         <size>0x98</size>
         <input_file_ref idref="fl-e"/>
      </object_component>
      <object_component id="oc-31c">
         <name>.text</name>
         <load_address>0x44b8</load_address>
         <run_address>0x44b8</run_address>
         <size>0x8c</size>
         <input_file_ref idref="fl-c"/>
      </object_component>
      <object_component id="oc-63">
         <name>.text</name>
         <load_address>0x4544</load_address>
         <run_address>0x4544</run_address>
         <size>0x7a</size>
         <input_file_ref idref="fl-f1"/>
      </object_component>
      <object_component id="oc-7b">
         <name>.text</name>
         <load_address>0x45c0</load_address>
         <run_address>0x45c0</run_address>
         <size>0x70</size>
         <input_file_ref idref="fl-fa"/>
      </object_component>
      <object_component id="oc-17f">
         <name>.text</name>
         <load_address>0x4630</load_address>
         <run_address>0x4630</run_address>
         <size>0x6e</size>
         <input_file_ref idref="fl-ef"/>
      </object_component>
      <object_component id="oc-f8">
         <name>.text:IntEnable</name>
         <load_address>0x46a0</load_address>
         <run_address>0x46a0</run_address>
         <size>0x68</size>
         <input_file_ref idref="fl-2c"/>
      </object_component>
      <object_component id="oc-12">
         <name>.text:decompress:lzss</name>
         <load_address>0x4708</load_address>
         <run_address>0x4708</run_address>
         <size>0x68</size>
         <input_file_ref idref="fl-e8"/>
      </object_component>
      <object_component id="oc-19b">
         <name>.text:TimerConfigure</name>
         <load_address>0x4770</load_address>
         <run_address>0x4770</run_address>
         <size>0x60</size>
         <input_file_ref idref="fl-2f"/>
      </object_component>
      <object_component id="oc-37a">
         <name>.text:EEPROMMassErase</name>
         <load_address>0x47d0</load_address>
         <run_address>0x47d0</run_address>
         <size>0x54</size>
         <input_file_ref idref="fl-28"/>
      </object_component>
      <object_component id="oc-24">
         <name>.text</name>
         <load_address>0x4824</load_address>
         <run_address>0x4824</run_address>
         <size>0x54</size>
         <input_file_ref idref="fl-e7"/>
      </object_component>
      <object_component id="oc-87">
         <name>.text</name>
         <load_address>0x4878</load_address>
         <run_address>0x4878</run_address>
         <size>0x54</size>
         <input_file_ref idref="fl-eb"/>
      </object_component>
      <object_component id="oc-3ab">
         <name>.text:SysCtlPeripheralReset</name>
         <load_address>0x48cc</load_address>
         <run_address>0x48cc</run_address>
         <size>0x50</size>
         <input_file_ref idref="fl-2e"/>
      </object_component>
      <object_component id="oc-1df">
         <name>.text</name>
         <load_address>0x491c</load_address>
         <run_address>0x491c</run_address>
         <size>0x4c</size>
         <input_file_ref idref="fl-fb"/>
      </object_component>
      <object_component id="oc-13a">
         <name>.text</name>
         <load_address>0x4968</load_address>
         <run_address>0x4968</run_address>
         <size>0x4c</size>
         <input_file_ref idref="fl-13"/>
      </object_component>
      <object_component id="oc-da">
         <name>.text:GPIOPinConfigure</name>
         <load_address>0x49b4</load_address>
         <run_address>0x49b4</run_address>
         <size>0x48</size>
         <input_file_ref idref="fl-2a"/>
      </object_component>
      <object_component id="oc-ec">
         <name>.text:UARTConfigSetExpClk</name>
         <load_address>0x49fc</load_address>
         <run_address>0x49fc</run_address>
         <size>0x46</size>
         <input_file_ref idref="fl-30"/>
      </object_component>
      <object_component id="oc-368">
         <name>.text:EEPROMInit</name>
         <load_address>0x4a44</load_address>
         <run_address>0x4a44</run_address>
         <size>0x40</size>
         <input_file_ref idref="fl-28"/>
      </object_component>
      <object_component id="oc-359">
         <name>.text</name>
         <load_address>0x4a84</load_address>
         <run_address>0x4a84</run_address>
         <size>0x40</size>
         <input_file_ref idref="fl-f6"/>
      </object_component>
      <object_component id="oc-3b8">
         <name>.text:_EEPROMSectorMaskSet</name>
         <load_address>0x4ac4</load_address>
         <run_address>0x4ac4</run_address>
         <size>0x3c</size>
         <input_file_ref idref="fl-28"/>
      </object_component>
      <object_component id="oc-374">
         <name>.text:EEPROMRead</name>
         <load_address>0x4b00</load_address>
         <run_address>0x4b00</run_address>
         <size>0x38</size>
         <input_file_ref idref="fl-28"/>
      </object_component>
      <object_component id="oc-d4">
         <name>.text:SysCtlPeripheralEnable</name>
         <load_address>0x4b38</load_address>
         <run_address>0x4b38</run_address>
         <size>0x34</size>
         <input_file_ref idref="fl-2e"/>
      </object_component>
      <object_component id="oc-3b2">
         <name>.text:_EEPROMSectorMaskClear</name>
         <load_address>0x4b6c</load_address>
         <run_address>0x4b6c</run_address>
         <size>0x34</size>
         <input_file_ref idref="fl-28"/>
      </object_component>
      <object_component id="oc-226">
         <name>.text:GPIODirModeSet</name>
         <load_address>0x4ba0</load_address>
         <run_address>0x4ba0</run_address>
         <size>0x2a</size>
         <input_file_ref idref="fl-2a"/>
      </object_component>
      <object_component id="oc-237">
         <name>.text:UARTDisable</name>
         <load_address>0x4bcc</load_address>
         <run_address>0x4bcc</run_address>
         <size>0x20</size>
         <input_file_ref idref="fl-30"/>
      </object_component>
      <object_component id="oc-170">
         <name>.text</name>
         <load_address>0x4bec</load_address>
         <run_address>0x4bec</run_address>
         <size>0x20</size>
         <input_file_ref idref="fl-f7"/>
      </object_component>
      <object_component id="oc-1ed">
         <name>.text</name>
         <load_address>0x4c10</load_address>
         <run_address>0x4c10</run_address>
         <size>0x1c</size>
         <input_file_ref idref="fl-3"/>
      </object_component>
      <object_component id="oc-2b">
         <name>.text</name>
         <load_address>0x4c30</load_address>
         <run_address>0x4c30</run_address>
         <size>0x1a</size>
         <input_file_ref idref="fl-4"/>
      </object_component>
      <object_component id="oc-81">
         <name>.text</name>
         <load_address>0x4c4c</load_address>
         <run_address>0x4c4c</run_address>
         <size>0x18</size>
         <input_file_ref idref="fl-f9"/>
      </object_component>
      <object_component id="oc-23d">
         <name>.text:UARTEnable</name>
         <load_address>0x4c64</load_address>
         <run_address>0x4c64</run_address>
         <size>0x14</size>
         <input_file_ref idref="fl-30"/>
      </object_component>
      <object_component id="oc-2be">
         <name>.text</name>
         <load_address>0x4c78</load_address>
         <run_address>0x4c78</run_address>
         <size>0x14</size>
         <input_file_ref idref="fl-f8"/>
      </object_component>
      <object_component id="oc-184">
         <name>.text</name>
         <load_address>0x4c8c</load_address>
         <run_address>0x4c8c</run_address>
         <size>0x14</size>
         <input_file_ref idref="fl-f5"/>
      </object_component>
      <object_component id="oc-e0">
         <name>.text:GPIOPinTypeUART</name>
         <load_address>0x4ca0</load_address>
         <run_address>0x4ca0</run_address>
         <size>0x12</size>
         <input_file_ref idref="fl-2a"/>
      </object_component>
      <object_component id="oc-1a7">
         <name>.text:TimerLoadSet</name>
         <load_address>0x4cb2</load_address>
         <run_address>0x4cb2</run_address>
         <size>0x12</size>
         <input_file_ref idref="fl-2f"/>
      </object_component>
      <object_component id="oc-1a1">
         <name>.text:TimerPrescaleSet</name>
         <load_address>0x4cc4</load_address>
         <run_address>0x4cc4</run_address>
         <size>0x12</size>
         <input_file_ref idref="fl-2f"/>
      </object_component>
      <object_component id="oc-92">
         <name>.text:FPUEnable</name>
         <load_address>0x4cd8</load_address>
         <run_address>0x4cd8</run_address>
         <size>0x10</size>
         <input_file_ref idref="fl-29"/>
      </object_component>
      <object_component id="oc-98">
         <name>.text:FPULazyStackingEnable</name>
         <load_address>0x4ce8</load_address>
         <run_address>0x4ce8</run_address>
         <size>0x10</size>
         <input_file_ref idref="fl-29"/>
      </object_component>
      <object_component id="oc-f2">
         <name>.text:IntMasterEnable</name>
         <load_address>0x4cf8</load_address>
         <run_address>0x4cf8</run_address>
         <size>0x10</size>
         <input_file_ref idref="fl-2c"/>
      </object_component>
      <object_component id="oc-3a5">
         <name>.text:_EEPROMWaitForDone</name>
         <load_address>0x4d08</load_address>
         <run_address>0x4d08</run_address>
         <size>0x10</size>
         <input_file_ref idref="fl-28"/>
      </object_component>
      <object_component id="oc-aa">
         <name>.text:GPIOIntDisable</name>
         <load_address>0x4d18</load_address>
         <run_address>0x4d18</run_address>
         <size>0xe</size>
         <input_file_ref idref="fl-2a"/>
      </object_component>
      <object_component id="oc-b0">
         <name>.text:GPIOIntStatus</name>
         <load_address>0x4d26</load_address>
         <run_address>0x4d26</run_address>
         <size>0xe</size>
         <input_file_ref idref="fl-2a"/>
      </object_component>
      <object_component id="oc-1b3">
         <name>.text:TimerEnable</name>
         <load_address>0x4d34</load_address>
         <run_address>0x4d34</run_address>
         <size>0xe</size>
         <input_file_ref idref="fl-2f"/>
      </object_component>
      <object_component id="oc-110">
         <name>.text:UARTCharGetNonBlocking</name>
         <load_address>0x4d42</load_address>
         <run_address>0x4d42</run_address>
         <size>0xe</size>
         <input_file_ref idref="fl-30"/>
      </object_component>
      <object_component id="oc-128">
         <name>.text:UARTCharPutNonBlocking</name>
         <load_address>0x4d50</load_address>
         <run_address>0x4d50</run_address>
         <size>0xe</size>
         <input_file_ref idref="fl-30"/>
      </object_component>
      <object_component id="oc-10a">
         <name>.text:UARTCharsAvail</name>
         <load_address>0x4d5e</load_address>
         <run_address>0x4d5e</run_address>
         <size>0xe</size>
         <input_file_ref idref="fl-30"/>
      </object_component>
      <object_component id="oc-122">
         <name>.text:UARTSpaceAvail</name>
         <load_address>0x4d6c</load_address>
         <run_address>0x4d6c</run_address>
         <size>0xe</size>
         <input_file_ref idref="fl-30"/>
      </object_component>
      <object_component id="oc-18">
         <name>.text:decompress:none</name>
         <load_address>0x4d7a</load_address>
         <run_address>0x4d7a</run_address>
         <size>0xe</size>
         <input_file_ref idref="fl-e9"/>
      </object_component>
      <object_component id="oc-244">
         <name>.text:CPUcpsie</name>
         <load_address>0x4d88</load_address>
         <run_address>0x4d88</run_address>
         <size>0xc</size>
         <input_file_ref idref="fl-31"/>
      </object_component>
      <object_component id="oc-a4">
         <name>.text:GPIOIntEnable</name>
         <load_address>0x4d94</load_address>
         <run_address>0x4d94</run_address>
         <size>0xc</size>
         <input_file_ref idref="fl-2a"/>
      </object_component>
      <object_component id="oc-1e">
         <name>.text:decompress:ZI</name>
         <load_address>0x4da0</load_address>
         <run_address>0x4da0</run_address>
         <size>0xc</size>
         <input_file_ref idref="fl-ea"/>
      </object_component>
      <object_component id="oc-12e">
         <name>.text:UARTCharGet</name>
         <load_address>0x4dac</load_address>
         <run_address>0x4dac</run_address>
         <size>0xa</size>
         <input_file_ref idref="fl-30"/>
      </object_component>
      <object_component id="oc-134">
         <name>.text:UARTCharPut</name>
         <load_address>0x4db6</load_address>
         <run_address>0x4db6</run_address>
         <size>0xa</size>
         <input_file_ref idref="fl-30"/>
      </object_component>
      <object_component id="oc-bc">
         <name>.text:UARTIntStatus</name>
         <load_address>0x4dc0</load_address>
         <run_address>0x4dc0</run_address>
         <size>0xa</size>
         <input_file_ref idref="fl-30"/>
      </object_component>
      <object_component id="oc-1ad">
         <name>.text:TimerIntEnable</name>
         <load_address>0x4dca</load_address>
         <run_address>0x4dca</run_address>
         <size>0x8</size>
         <input_file_ref idref="fl-2f"/>
      </object_component>
      <object_component id="oc-fe">
         <name>.text:UARTIntEnable</name>
         <load_address>0x4dd2</load_address>
         <run_address>0x4dd2</run_address>
         <size>0x8</size>
         <input_file_ref idref="fl-30"/>
      </object_component>
      <object_component id="oc-154">
         <name>.text:UARTRxErrorGet</name>
         <load_address>0x4dda</load_address>
         <run_address>0x4dda</run_address>
         <size>0x8</size>
         <input_file_ref idref="fl-30"/>
      </object_component>
      <object_component id="oc-b6">
         <name>.text:GPIOIntClear</name>
         <load_address>0x4de2</load_address>
         <run_address>0x4de2</run_address>
         <size>0x6</size>
         <input_file_ref idref="fl-2a"/>
      </object_component>
      <object_component id="oc-19a">
         <name>.text:SysCtlDelay</name>
         <load_address>0x4de8</load_address>
         <run_address>0x4de8</run_address>
         <size>0x6</size>
         <input_file_ref idref="fl-2e"/>
      </object_component>
      <object_component id="oc-310">
         <name>.text:UARTClockSourceSet</name>
         <load_address>0x4dee</load_address>
         <run_address>0x4dee</run_address>
         <size>0x6</size>
         <input_file_ref idref="fl-30"/>
      </object_component>
      <object_component id="oc-11f">
         <name>.const:UART_PinConfiguration_Array</name>
         <load_address>0x4df4</load_address>
         <run_address>0x4df4</run_address>
         <size>0xa8</size>
         <input_file_ref idref="fl-f"/>
      </object_component>
      <object_component id="oc-222">
         <name>.const:g_pui32GPIOBaseAddrs</name>
         <load_address>0x4e9c</load_address>
         <run_address>0x4e9c</run_address>
         <size>0x90</size>
         <input_file_ref idref="fl-2a"/>
      </object_component>
      <object_component id="oc-24b">
         <name>.const</name>
         <load_address>0x4f2c</load_address>
         <run_address>0x4f2c</run_address>
         <size>0x70</size>
         <input_file_ref idref="fl-2c"/>
      </object_component>
      <object_component id="oc-233">
         <name>.const:g_pui32Xtals</name>
         <load_address>0x4f9c</load_address>
         <run_address>0x4f9c</run_address>
         <size>0x6c</size>
         <input_file_ref idref="fl-2e"/>
      </object_component>
      <object_component id="oc-119">
         <name>.const:GPIO_SystCtlClock_Array</name>
         <load_address>0x5008</load_address>
         <run_address>0x5008</run_address>
         <size>0x18</size>
         <input_file_ref idref="fl-f"/>
      </object_component>
      <object_component id="oc-11c">
         <name>.const:UART_SystCtlClock_Array</name>
         <load_address>0x5020</load_address>
         <run_address>0x5020</run_address>
         <size>0x18</size>
         <input_file_ref idref="fl-f"/>
      </object_component>
      <object_component id="oc-3a0">
         <name>.const:.string</name>
         <load_address>0x5038</load_address>
         <run_address>0x5038</run_address>
         <size>0x12</size>
         <input_file_ref idref="fl-5"/>
      </object_component>
      <object_component id="oc-193">
         <name>.const:.string:PrintKeyCommand</name>
         <load_address>0x504a</load_address>
         <run_address>0x504a</run_address>
         <size>0x10</size>
         <input_file_ref idref="fl-a"/>
      </object_component>
      <object_component id="oc-18d">
         <name>.const:.string:ZeroingCommand</name>
         <load_address>0x505a</load_address>
         <run_address>0x505a</run_address>
         <size>0x10</size>
         <input_file_ref idref="fl-a"/>
      </object_component>
      <object_component id="oc-190">
         <name>.const:.string:GetGrossCommand</name>
         <load_address>0x506a</load_address>
         <run_address>0x506a</run_address>
         <size>0xc</size>
         <input_file_ref idref="fl-a"/>
      </object_component>
      <object_component id="oc-356">
         <name>.const:g_ui32UARTBase</name>
         <load_address>0x5078</load_address>
         <run_address>0x5078</run_address>
         <size>0xc</size>
         <input_file_ref idref="fl-5"/>
      </object_component>
      <object_component id="oc-350">
         <name>.const:g_ui32UARTPeriph</name>
         <load_address>0x5084</load_address>
         <run_address>0x5084</run_address>
         <size>0xc</size>
         <input_file_ref idref="fl-5"/>
      </object_component>
      <object_component id="oc-35e">
         <name>.const</name>
         <load_address>0x5090</load_address>
         <run_address>0x5090</run_address>
         <size>0x4</size>
         <input_file_ref idref="fl-5"/>
      </object_component>
      <object_component id="oc-3ee">
         <name>.cinit..data.load</name>
         <load_address>0x5098</load_address>
         <run_address>0x5098</run_address>
         <size>0x54</size>
      </object_component>
      <object_component id="oc-3ec">
         <name>__TI_handler_table</name>
         <load_address>0x50ec</load_address>
         <run_address>0x50ec</run_address>
         <size>0xc</size>
      </object_component>
      <object_component id="oc-3ef">
         <name>.cinit..bss.load</name>
         <load_address>0x50f8</load_address>
         <run_address>0x50f8</run_address>
         <size>0x8</size>
      </object_component>
      <object_component id="oc-3ed">
         <name>__TI_cinit_table</name>
         <load_address>0x5100</load_address>
         <run_address>0x5100</run_address>
         <size>0x10</size>
      </object_component>
      <object_component id="oc-353">
         <name>.data</name>
         <load_address>0x20000658</load_address>
         <run_address>0x20000658</run_address>
         <size>0x5</size>
         <input_file_ref idref="fl-5"/>
      </object_component>
      <object_component id="oc-385">
         <name>.data:BarCodeUart_cfg</name>
         <load_address>0x200005f4</load_address>
         <run_address>0x200005f4</run_address>
         <size>0x10</size>
         <input_file_ref idref="fl-6"/>
      </object_component>
      <object_component id="oc-196">
         <name>.data</name>
         <load_address>0x20000650</load_address>
         <run_address>0x20000650</run_address>
         <size>0x8</size>
         <input_file_ref idref="fl-a"/>
      </object_component>
      <object_component id="oc-18a">
         <name>.data:ScaleUart_cfg</name>
         <load_address>0x20000604</load_address>
         <run_address>0x20000604</run_address>
         <size>0x10</size>
         <input_file_ref idref="fl-a"/>
      </object_component>
      <object_component id="oc-33e">
         <name>.data</name>
         <load_address>0x20000630</load_address>
         <run_address>0x20000630</run_address>
         <size>0xc</size>
         <input_file_ref idref="fl-e"/>
      </object_component>
      <object_component id="oc-322">
         <name>.data</name>
         <load_address>0x20000560</load_address>
         <run_address>0x20000560</run_address>
         <size>0x50</size>
         <input_file_ref idref="fl-11"/>
      </object_component>
      <object_component id="oc-33b">
         <name>.data:uart_init_cfg</name>
         <load_address>0x20000614</load_address>
         <run_address>0x20000614</run_address>
         <size>0x10</size>
         <input_file_ref idref="fl-11"/>
      </object_component>
      <object_component id="oc-332">
         <name>.data:ParametersStr</name>
         <load_address>0x200005e0</load_address>
         <run_address>0x200005e0</run_address>
         <size>0x14</size>
         <input_file_ref idref="fl-11"/>
      </object_component>
      <object_component id="oc-335">
         <name>.data:AnalysisSystem</name>
         <load_address>0x200005c8</load_address>
         <run_address>0x200005c8</run_address>
         <size>0x18</size>
         <input_file_ref idref="fl-11"/>
      </object_component>
      <object_component id="oc-338">
         <name>.data:AnalysisPatch</name>
         <load_address>0x200005b0</load_address>
         <run_address>0x200005b0</run_address>
         <size>0x18</size>
         <input_file_ref idref="fl-11"/>
      </object_component>
      <object_component id="oc-342">
         <name>.data:u32ParsingData$16</name>
         <load_address>0x2000063c</load_address>
         <run_address>0x2000063c</run_address>
         <size>0xa</size>
         <input_file_ref idref="fl-11"/>
      </object_component>
      <object_component id="oc-c8">
         <name>.data</name>
         <load_address>0x20000660</load_address>
         <run_address>0x20000660</run_address>
         <size>0x4</size>
         <input_file_ref idref="fl-14"/>
      </object_component>
      <object_component id="oc-1f5">
         <name>.data:$O1$$</name>
         <load_address>0x20000624</load_address>
         <run_address>0x20000624</run_address>
         <size>0xc</size>
         <input_file_ref idref="fl-eb"/>
      </object_component>
      <object_component id="oc-8d">
         <name>.data</name>
         <load_address>0x20000664</load_address>
         <run_address>0x20000664</run_address>
         <size>0x4</size>
         <input_file_ref idref="fl-f4"/>
      </object_component>
      <object_component id="oc-1f8">
         <name>.data:$O1$$</name>
         <load_address>0x20000648</load_address>
         <run_address>0x20000648</run_address>
         <size>0x8</size>
         <input_file_ref idref="fl-f8"/>
      </object_component>
      <object_component id="oc-1bf">
         <name>.bss</name>
         <uninitialized>true</uninitialized>
         <run_address>0x20000300</run_address>
         <size>0x4</size>
         <input_file_ref idref="fl-e"/>
      </object_component>
      <object_component id="oc-151">
         <name>.bss:UART_RxBuf</name>
         <uninitialized>true</uninitialized>
         <run_address>0x20000160</run_address>
         <size>0x100</size>
         <input_file_ref idref="fl-f"/>
      </object_component>
      <object_component id="oc-116">
         <name>.bss</name>
         <uninitialized>true</uninitialized>
         <run_address>0x200002f0</run_address>
         <size>0x6</size>
         <input_file_ref idref="fl-f"/>
      </object_component>
      <object_component id="oc-251">
         <name>.bss:timers_list</name>
         <uninitialized>true</uninitialized>
         <run_address>0x20000260</run_address>
         <size>0x90</size>
         <input_file_ref idref="fl-12"/>
      </object_component>
      <object_component id="oc-140">
         <name>.common:isArduinoRXBufferEmpty</name>
         <uninitialized>true</uninitialized>
         <run_address>0x20000305</run_address>
         <size>0x1</size>
      </object_component>
      <object_component id="oc-15a">
         <name>.common:isArduinoRXBufferOverFlowed</name>
         <uninitialized>true</uninitialized>
         <run_address>0x20000306</run_address>
         <size>0x1</size>
      </object_component>
      <object_component id="oc-325">
         <name>.common:CategoryStruct</name>
         <uninitialized>true</uninitialized>
         <run_address>0x20000000</run_address>
         <size>0x160</size>
      </object_component>
      <object_component id="oc-341">
         <name>.common:Time_StartAnalysis</name>
         <uninitialized>true</uninitialized>
         <run_address>0x200002f6</run_address>
         <size>0x5</size>
      </object_component>
      <object_component id="oc-343">
         <name>.common:Time_TillNowAnalysis</name>
         <uninitialized>true</uninitialized>
         <run_address>0x200002fb</run_address>
         <size>0x5</size>
      </object_component>
      <object_component id="oc-cb">
         <name>.common:IntIsMasked</name>
         <uninitialized>true</uninitialized>
         <run_address>0x20000304</run_address>
         <size>0x1</size>
      </object_component>
      <object_component id="oc-2a">
         <name>.stack</name>
         <uninitialized>true</uninitialized>
         <run_address>0x20000308</run_address>
         <size>0x0</size>
         <input_file_ref idref="fl-e7"/>
      </object_component>
      <object_component id="oc-3f0">
         <name>.stack</name>
         <uninitialized>true</uninitialized>
         <run_address>0x20000308</run_address>
         <size>0x0</size>
      </object_component>
      <object_component id="oc-21f">
         <name>.debug_info</name>
         <load_address>0x0</load_address>
         <run_address>0x0</run_address>
         <size>0xaa8</size>
         <input_file_ref idref="fl-2"/>
      </object_component>
      <object_component id="oc-2e6">
         <name>.debug_info</name>
         <load_address>0xaa8</load_address>
         <run_address>0xaa8</run_address>
         <size>0x46a</size>
         <input_file_ref idref="fl-2"/>
      </object_component>
      <object_component id="oc-2d5">
         <name>.debug_info</name>
         <load_address>0xf12</load_address>
         <run_address>0xf12</run_address>
         <size>0x92</size>
         <input_file_ref idref="fl-2"/>
      </object_component>
      <object_component id="oc-2e1">
         <name>.debug_info</name>
         <load_address>0xfa4</load_address>
         <run_address>0xfa4</run_address>
         <size>0x87f</size>
         <input_file_ref idref="fl-2"/>
      </object_component>
      <object_component id="oc-210">
         <name>.debug_info</name>
         <load_address>0x1823</load_address>
         <run_address>0x1823</run_address>
         <size>0x611</size>
         <input_file_ref idref="fl-2"/>
      </object_component>
      <object_component id="oc-2dc">
         <name>.debug_info</name>
         <load_address>0x1e34</load_address>
         <run_address>0x1e34</run_address>
         <size>0x93f</size>
         <input_file_ref idref="fl-2"/>
      </object_component>
      <object_component id="oc-2eb">
         <name>.debug_info</name>
         <load_address>0x2773</load_address>
         <run_address>0x2773</run_address>
         <size>0x9e</size>
         <input_file_ref idref="fl-2"/>
      </object_component>
      <object_component id="oc-215">
         <name>.debug_info</name>
         <load_address>0x2811</load_address>
         <run_address>0x2811</run_address>
         <size>0xc4</size>
         <input_file_ref idref="fl-2"/>
      </object_component>
      <object_component id="oc-21a">
         <name>.debug_info</name>
         <load_address>0x28d5</load_address>
         <run_address>0x28d5</run_address>
         <size>0x6c8</size>
         <input_file_ref idref="fl-2"/>
      </object_component>
      <object_component id="oc-52">
         <name>.debug_info</name>
         <load_address>0x2f9d</load_address>
         <run_address>0x2f9d</run_address>
         <size>0x84</size>
         <input_file_ref idref="fl-2"/>
      </object_component>
      <object_component id="oc-cf">
         <name>.debug_info</name>
         <load_address>0x3021</load_address>
         <run_address>0x3021</run_address>
         <size>0x2c</size>
         <input_file_ref idref="fl-2"/>
      </object_component>
      <object_component id="oc-161">
         <name>.debug_info</name>
         <load_address>0x304d</load_address>
         <run_address>0x304d</run_address>
         <size>0x18b</size>
         <input_file_ref idref="fl-2"/>
      </object_component>
      <object_component id="oc-1d6">
         <name>.debug_info</name>
         <load_address>0x31d8</load_address>
         <run_address>0x31d8</run_address>
         <size>0x2c</size>
         <input_file_ref idref="fl-2"/>
      </object_component>
      <object_component id="oc-363">
         <name>.debug_info</name>
         <load_address>0x3204</load_address>
         <run_address>0x3204</run_address>
         <size>0x4e</size>
         <input_file_ref idref="fl-2"/>
      </object_component>
      <object_component id="oc-141">
         <name>.debug_info</name>
         <load_address>0x3252</load_address>
         <run_address>0x3252</run_address>
         <size>0x358</size>
         <input_file_ref idref="fl-3"/>
      </object_component>
      <object_component id="oc-1f0">
         <name>.debug_info</name>
         <load_address>0x35aa</load_address>
         <run_address>0x35aa</run_address>
         <size>0x14e</size>
         <input_file_ref idref="fl-3"/>
      </object_component>
      <object_component id="oc-26d">
         <name>.debug_info</name>
         <load_address>0x36f8</load_address>
         <run_address>0x36f8</run_address>
         <size>0x137</size>
         <input_file_ref idref="fl-3"/>
      </object_component>
      <object_component id="oc-266">
         <name>.debug_info</name>
         <load_address>0x382f</load_address>
         <run_address>0x382f</run_address>
         <size>0x344</size>
         <input_file_ref idref="fl-3"/>
      </object_component>
      <object_component id="oc-15c">
         <name>.debug_info</name>
         <load_address>0x3b73</load_address>
         <run_address>0x3b73</run_address>
         <size>0xa1</size>
         <input_file_ref idref="fl-3"/>
      </object_component>
      <object_component id="oc-34a">
         <name>.debug_info</name>
         <load_address>0x3c14</load_address>
         <run_address>0x3c14</run_address>
         <size>0x8a</size>
         <input_file_ref idref="fl-3"/>
      </object_component>
      <object_component id="oc-4b">
         <name>.debug_info</name>
         <load_address>0x3c9e</load_address>
         <run_address>0x3c9e</run_address>
         <size>0x1f6</size>
         <input_file_ref idref="fl-4"/>
      </object_component>
      <object_component id="oc-10">
         <name>.debug_info</name>
         <load_address>0x3e94</load_address>
         <run_address>0x3e94</run_address>
         <size>0xf9</size>
         <input_file_ref idref="fl-4"/>
      </object_component>
      <object_component id="oc-2c">
         <name>.debug_info</name>
         <load_address>0x3f8d</load_address>
         <run_address>0x3f8d</run_address>
         <size>0x275</size>
         <input_file_ref idref="fl-4"/>
      </object_component>
      <object_component id="oc-362">
         <name>.debug_info</name>
         <load_address>0x4202</load_address>
         <run_address>0x4202</run_address>
         <size>0x125</size>
         <input_file_ref idref="fl-5"/>
      </object_component>
      <object_component id="oc-354">
         <name>.debug_info</name>
         <load_address>0x4327</load_address>
         <run_address>0x4327</run_address>
         <size>0x10c</size>
         <input_file_ref idref="fl-5"/>
      </object_component>
      <object_component id="oc-35f">
         <name>.debug_info</name>
         <load_address>0x4433</load_address>
         <run_address>0x4433</run_address>
         <size>0x106</size>
         <input_file_ref idref="fl-5"/>
      </object_component>
      <object_component id="oc-357">
         <name>.debug_info</name>
         <load_address>0x4539</load_address>
         <run_address>0x4539</run_address>
         <size>0x114</size>
         <input_file_ref idref="fl-5"/>
      </object_component>
      <object_component id="oc-351">
         <name>.debug_info</name>
         <load_address>0x464d</load_address>
         <run_address>0x464d</run_address>
         <size>0x118</size>
         <input_file_ref idref="fl-5"/>
      </object_component>
      <object_component id="oc-31a">
         <name>.debug_info</name>
         <load_address>0x4765</load_address>
         <run_address>0x4765</run_address>
         <size>0x908</size>
         <input_file_ref idref="fl-5"/>
      </object_component>
      <object_component id="oc-166">
         <name>.debug_info</name>
         <load_address>0x506d</load_address>
         <run_address>0x506d</run_address>
         <size>0x8b</size>
         <input_file_ref idref="fl-5"/>
      </object_component>
      <object_component id="oc-143">
         <name>.debug_info</name>
         <load_address>0x50f8</load_address>
         <run_address>0x50f8</run_address>
         <size>0x292</size>
         <input_file_ref idref="fl-6"/>
      </object_component>
      <object_component id="oc-386">
         <name>.debug_info</name>
         <load_address>0x538a</load_address>
         <run_address>0x538a</run_address>
         <size>0xfd</size>
         <input_file_ref idref="fl-6"/>
      </object_component>
      <object_component id="oc-32d">
         <name>.debug_info</name>
         <load_address>0x5487</load_address>
         <run_address>0x5487</run_address>
         <size>0x377</size>
         <input_file_ref idref="fl-6"/>
      </object_component>
      <object_component id="oc-145">
         <name>.debug_info</name>
         <load_address>0x57fe</load_address>
         <run_address>0x57fe</run_address>
         <size>0x3bc</size>
         <input_file_ref idref="fl-8"/>
      </object_component>
      <object_component id="oc-147">
         <name>.debug_info</name>
         <load_address>0x5bba</load_address>
         <run_address>0x5bba</run_address>
         <size>0x28f</size>
         <input_file_ref idref="fl-9"/>
      </object_component>
      <object_component id="oc-149">
         <name>.debug_info</name>
         <load_address>0x5e49</load_address>
         <run_address>0x5e49</run_address>
         <size>0x52e</size>
         <input_file_ref idref="fl-a"/>
      </object_component>
      <object_component id="oc-18e">
         <name>.debug_info</name>
         <load_address>0x6377</load_address>
         <run_address>0x6377</run_address>
         <size>0xf9</size>
         <input_file_ref idref="fl-a"/>
      </object_component>
      <object_component id="oc-191">
         <name>.debug_info</name>
         <load_address>0x6470</load_address>
         <run_address>0x6470</run_address>
         <size>0xfb</size>
         <input_file_ref idref="fl-a"/>
      </object_component>
      <object_component id="oc-194">
         <name>.debug_info</name>
         <load_address>0x656b</load_address>
         <run_address>0x656b</run_address>
         <size>0xfb</size>
         <input_file_ref idref="fl-a"/>
      </object_component>
      <object_component id="oc-197">
         <name>.debug_info</name>
         <load_address>0x6666</load_address>
         <run_address>0x6666</run_address>
         <size>0x133</size>
         <input_file_ref idref="fl-a"/>
      </object_component>
      <object_component id="oc-18b">
         <name>.debug_info</name>
         <load_address>0x6799</load_address>
         <run_address>0x6799</run_address>
         <size>0xf8</size>
         <input_file_ref idref="fl-a"/>
      </object_component>
      <object_component id="oc-40">
         <name>.debug_info</name>
         <load_address>0x6891</load_address>
         <run_address>0x6891</run_address>
         <size>0x171b</size>
         <input_file_ref idref="fl-a"/>
      </object_component>
      <object_component id="oc-381">
         <name>.debug_info</name>
         <load_address>0x7fac</load_address>
         <run_address>0x7fac</run_address>
         <size>0x1ca</size>
         <input_file_ref idref="fl-c"/>
      </object_component>
      <object_component id="oc-31d">
         <name>.debug_info</name>
         <load_address>0x8176</load_address>
         <run_address>0x8176</run_address>
         <size>0x486</size>
         <input_file_ref idref="fl-c"/>
      </object_component>
      <object_component id="oc-1c3">
         <name>.debug_info</name>
         <load_address>0x85fc</load_address>
         <run_address>0x85fc</run_address>
         <size>0x428</size>
         <input_file_ref idref="fl-e"/>
      </object_component>
      <object_component id="oc-33f">
         <name>.debug_info</name>
         <load_address>0x8a24</load_address>
         <run_address>0x8a24</run_address>
         <size>0x179</size>
         <input_file_ref idref="fl-e"/>
      </object_component>
      <object_component id="oc-1c0">
         <name>.debug_info</name>
         <load_address>0x8b9d</load_address>
         <run_address>0x8b9d</run_address>
         <size>0xf0</size>
         <input_file_ref idref="fl-e"/>
      </object_component>
      <object_component id="oc-46">
         <name>.debug_info</name>
         <load_address>0x8c8d</load_address>
         <run_address>0x8c8d</run_address>
         <size>0x3f0</size>
         <input_file_ref idref="fl-e"/>
      </object_component>
      <object_component id="oc-14b">
         <name>.debug_info</name>
         <load_address>0x907d</load_address>
         <run_address>0x907d</run_address>
         <size>0x6ab</size>
         <input_file_ref idref="fl-f"/>
      </object_component>
      <object_component id="oc-11a">
         <name>.debug_info</name>
         <load_address>0x9728</load_address>
         <run_address>0x9728</run_address>
         <size>0x108</size>
         <input_file_ref idref="fl-f"/>
      </object_component>
      <object_component id="oc-11d">
         <name>.debug_info</name>
         <load_address>0x9830</load_address>
         <run_address>0x9830</run_address>
         <size>0x108</size>
         <input_file_ref idref="fl-f"/>
      </object_component>
      <object_component id="oc-120">
         <name>.debug_info</name>
         <load_address>0x9938</load_address>
         <run_address>0x9938</run_address>
         <size>0x110</size>
         <input_file_ref idref="fl-f"/>
      </object_component>
      <object_component id="oc-152">
         <name>.debug_info</name>
         <load_address>0x9a48</load_address>
         <run_address>0x9a48</run_address>
         <size>0xed</size>
         <input_file_ref idref="fl-f"/>
      </object_component>
      <object_component id="oc-117">
         <name>.debug_info</name>
         <load_address>0x9b35</load_address>
         <run_address>0x9b35</run_address>
         <size>0x145</size>
         <input_file_ref idref="fl-f"/>
      </object_component>
      <object_component id="oc-38">
         <name>.debug_info</name>
         <load_address>0x9c7a</load_address>
         <run_address>0x9c7a</run_address>
         <size>0x147b</size>
         <input_file_ref idref="fl-f"/>
      </object_component>
      <object_component id="oc-14f">
         <name>.debug_info</name>
         <load_address>0xb0f5</load_address>
         <run_address>0xb0f5</run_address>
         <size>0x303</size>
         <input_file_ref idref="fl-10"/>
      </object_component>
      <object_component id="oc-327">
         <name>.debug_info</name>
         <load_address>0xb3f8</load_address>
         <run_address>0xb3f8</run_address>
         <size>0x10b5</size>
         <input_file_ref idref="fl-10"/>
      </object_component>
      <object_component id="oc-14d">
         <name>.debug_info</name>
         <load_address>0xc4ad</load_address>
         <run_address>0xc4ad</run_address>
         <size>0xc54</size>
         <input_file_ref idref="fl-11"/>
      </object_component>
      <object_component id="oc-323">
         <name>.debug_info</name>
         <load_address>0xd101</load_address>
         <run_address>0xd101</run_address>
         <size>0x268</size>
         <input_file_ref idref="fl-11"/>
      </object_component>
      <object_component id="oc-33c">
         <name>.debug_info</name>
         <load_address>0xd369</load_address>
         <run_address>0xd369</run_address>
         <size>0xfb</size>
         <input_file_ref idref="fl-11"/>
      </object_component>
      <object_component id="oc-333">
         <name>.debug_info</name>
         <load_address>0xd464</load_address>
         <run_address>0xd464</run_address>
         <size>0xfc</size>
         <input_file_ref idref="fl-11"/>
      </object_component>
      <object_component id="oc-336">
         <name>.debug_info</name>
         <load_address>0xd560</load_address>
         <run_address>0xd560</run_address>
         <size>0xfe</size>
         <input_file_ref idref="fl-11"/>
      </object_component>
      <object_component id="oc-339">
         <name>.debug_info</name>
         <load_address>0xd65e</load_address>
         <run_address>0xd65e</run_address>
         <size>0xfc</size>
         <input_file_ref idref="fl-11"/>
      </object_component>
      <object_component id="oc-2af">
         <name>.debug_info</name>
         <load_address>0xd75a</load_address>
         <run_address>0xd75a</run_address>
         <size>0x3987</size>
         <input_file_ref idref="fl-11"/>
      </object_component>
      <object_component id="oc-2ff">
         <name>.debug_info</name>
         <load_address>0x110e1</load_address>
         <run_address>0x110e1</run_address>
         <size>0x170</size>
         <input_file_ref idref="fl-12"/>
      </object_component>
      <object_component id="oc-252">
         <name>.debug_info</name>
         <load_address>0x11251</load_address>
         <run_address>0x11251</run_address>
         <size>0xf8</size>
         <input_file_ref idref="fl-12"/>
      </object_component>
      <object_component id="oc-108">
         <name>.debug_info</name>
         <load_address>0x11349</load_address>
         <run_address>0x11349</run_address>
         <size>0xc79</size>
         <input_file_ref idref="fl-12"/>
      </object_component>
      <object_component id="oc-13e">
         <name>.debug_info</name>
         <load_address>0x11fc2</load_address>
         <run_address>0x11fc2</run_address>
         <size>0x2b9</size>
         <input_file_ref idref="fl-13"/>
      </object_component>
      <object_component id="oc-cc">
         <name>.debug_info</name>
         <load_address>0x1227b</load_address>
         <run_address>0x1227b</run_address>
         <size>0x532</size>
         <input_file_ref idref="fl-14"/>
      </object_component>
      <object_component id="oc-c9">
         <name>.debug_info</name>
         <load_address>0x127ad</load_address>
         <run_address>0x127ad</run_address>
         <size>0x126</size>
         <input_file_ref idref="fl-14"/>
      </object_component>
      <object_component id="oc-32">
         <name>.debug_info</name>
         <load_address>0x128d3</load_address>
         <run_address>0x128d3</run_address>
         <size>0xbc7</size>
         <input_file_ref idref="fl-14"/>
      </object_component>
      <object_component id="oc-3bf">
         <name>.debug_info</name>
         <load_address>0x1349a</load_address>
         <run_address>0x1349a</run_address>
         <size>0x1a7</size>
         <input_file_ref idref="fl-28"/>
      </object_component>
      <object_component id="oc-375">
         <name>.debug_info</name>
         <load_address>0x13641</load_address>
         <run_address>0x13641</run_address>
         <size>0x2c5</size>
         <input_file_ref idref="fl-28"/>
      </object_component>
      <object_component id="oc-3b9">
         <name>.debug_info</name>
         <load_address>0x13906</load_address>
         <run_address>0x13906</run_address>
         <size>0x2b1</size>
         <input_file_ref idref="fl-28"/>
      </object_component>
      <object_component id="oc-3b3">
         <name>.debug_info</name>
         <load_address>0x13bb7</load_address>
         <run_address>0x13bb7</run_address>
         <size>0x277</size>
         <input_file_ref idref="fl-28"/>
      </object_component>
      <object_component id="oc-36f">
         <name>.debug_info</name>
         <load_address>0x13e2e</load_address>
         <run_address>0x13e2e</run_address>
         <size>0x376</size>
         <input_file_ref idref="fl-28"/>
      </object_component>
      <object_component id="oc-3a6">
         <name>.debug_info</name>
         <load_address>0x141a4</load_address>
         <run_address>0x141a4</run_address>
         <size>0x227</size>
         <input_file_ref idref="fl-28"/>
      </object_component>
      <object_component id="oc-37c">
         <name>.debug_info</name>
         <load_address>0x143cb</load_address>
         <run_address>0x143cb</run_address>
         <size>0x2a6</size>
         <input_file_ref idref="fl-28"/>
      </object_component>
      <object_component id="oc-369">
         <name>.debug_info</name>
         <load_address>0x14671</load_address>
         <run_address>0x14671</run_address>
         <size>0x2c8</size>
         <input_file_ref idref="fl-28"/>
      </object_component>
      <object_component id="oc-99">
         <name>.debug_info</name>
         <load_address>0x14939</load_address>
         <run_address>0x14939</run_address>
         <size>0x225</size>
         <input_file_ref idref="fl-29"/>
      </object_component>
      <object_component id="oc-93">
         <name>.debug_info</name>
         <load_address>0x14b5e</load_address>
         <run_address>0x14b5e</run_address>
         <size>0x20d</size>
         <input_file_ref idref="fl-29"/>
      </object_component>
      <object_component id="oc-205">
         <name>.debug_info</name>
         <load_address>0x14d6b</load_address>
         <run_address>0x14d6b</run_address>
         <size>0x230</size>
         <input_file_ref idref="fl-2a"/>
      </object_component>
      <object_component id="oc-223">
         <name>.debug_info</name>
         <load_address>0x14f9b</load_address>
         <run_address>0x14f9b</run_address>
         <size>0x15b</size>
         <input_file_ref idref="fl-2a"/>
      </object_component>
      <object_component id="oc-229">
         <name>.debug_info</name>
         <load_address>0x150f6</load_address>
         <run_address>0x150f6</run_address>
         <size>0x2b3</size>
         <input_file_ref idref="fl-2a"/>
      </object_component>
      <object_component id="oc-22f">
         <name>.debug_info</name>
         <load_address>0x153a9</load_address>
         <run_address>0x153a9</run_address>
         <size>0x316</size>
         <input_file_ref idref="fl-2a"/>
      </object_component>
      <object_component id="oc-e3">
         <name>.debug_info</name>
         <load_address>0x156bf</load_address>
         <run_address>0x156bf</run_address>
         <size>0x27b</size>
         <input_file_ref idref="fl-2a"/>
      </object_component>
      <object_component id="oc-de">
         <name>.debug_info</name>
         <load_address>0x1593a</load_address>
         <run_address>0x1593a</run_address>
         <size>0x280</size>
         <input_file_ref idref="fl-2a"/>
      </object_component>
      <object_component id="oc-b4">
         <name>.debug_info</name>
         <load_address>0x15bba</load_address>
         <run_address>0x15bba</run_address>
         <size>0x27f</size>
         <input_file_ref idref="fl-2a"/>
      </object_component>
      <object_component id="oc-a8">
         <name>.debug_info</name>
         <load_address>0x15e39</load_address>
         <run_address>0x15e39</run_address>
         <size>0x28f</size>
         <input_file_ref idref="fl-2a"/>
      </object_component>
      <object_component id="oc-ae">
         <name>.debug_info</name>
         <load_address>0x160c8</load_address>
         <run_address>0x160c8</run_address>
         <size>0x291</size>
         <input_file_ref idref="fl-2a"/>
      </object_component>
      <object_component id="oc-ba">
         <name>.debug_info</name>
         <load_address>0x16359</load_address>
         <run_address>0x16359</run_address>
         <size>0x28d</size>
         <input_file_ref idref="fl-2a"/>
      </object_component>
      <object_component id="oc-24f">
         <name>.debug_info</name>
         <load_address>0x165e6</load_address>
         <run_address>0x165e6</run_address>
         <size>0x20e</size>
         <input_file_ref idref="fl-2c"/>
      </object_component>
      <object_component id="oc-24c">
         <name>.debug_info</name>
         <load_address>0x167f4</load_address>
         <run_address>0x167f4</run_address>
         <size>0x210</size>
         <input_file_ref idref="fl-2c"/>
      </object_component>
      <object_component id="oc-f4">
         <name>.debug_info</name>
         <load_address>0x16a04</load_address>
         <run_address>0x16a04</run_address>
         <size>0x23e</size>
         <input_file_ref idref="fl-2c"/>
      </object_component>
      <object_component id="oc-fb">
         <name>.debug_info</name>
         <load_address>0x16c42</load_address>
         <run_address>0x16c42</run_address>
         <size>0x268</size>
         <input_file_ref idref="fl-2c"/>
      </object_component>
      <object_component id="oc-203">
         <name>.debug_info</name>
         <load_address>0x16eaa</load_address>
         <run_address>0x16eaa</run_address>
         <size>0x27f</size>
         <input_file_ref idref="fl-2e"/>
      </object_component>
      <object_component id="oc-234">
         <name>.debug_info</name>
         <load_address>0x17129</load_address>
         <run_address>0x17129</run_address>
         <size>0x14d</size>
         <input_file_ref idref="fl-2e"/>
      </object_component>
      <object_component id="oc-3ae">
         <name>.debug_info</name>
         <load_address>0x17276</load_address>
         <run_address>0x17276</run_address>
         <size>0x295</size>
         <input_file_ref idref="fl-2e"/>
      </object_component>
      <object_component id="oc-d7">
         <name>.debug_info</name>
         <load_address>0x1750b</load_address>
         <run_address>0x1750b</run_address>
         <size>0x27d</size>
         <input_file_ref idref="fl-2e"/>
      </object_component>
      <object_component id="oc-a2">
         <name>.debug_info</name>
         <load_address>0x17788</load_address>
         <run_address>0x17788</run_address>
         <size>0x2db</size>
         <input_file_ref idref="fl-2e"/>
      </object_component>
      <object_component id="oc-ea">
         <name>.debug_info</name>
         <load_address>0x17a63</load_address>
         <run_address>0x17a63</run_address>
         <size>0x2b5</size>
         <input_file_ref idref="fl-2e"/>
      </object_component>
      <object_component id="oc-2cc">
         <name>.debug_info</name>
         <load_address>0x17d18</load_address>
         <run_address>0x17d18</run_address>
         <size>0x5f</size>
         <input_file_ref idref="fl-2e"/>
      </object_component>
      <object_component id="oc-293">
         <name>.debug_info</name>
         <load_address>0x17d77</load_address>
         <run_address>0x17d77</run_address>
         <size>0x223</size>
         <input_file_ref idref="fl-2f"/>
      </object_component>
      <object_component id="oc-1a3">
         <name>.debug_info</name>
         <load_address>0x17f9a</load_address>
         <run_address>0x17f9a</run_address>
         <size>0x2c2</size>
         <input_file_ref idref="fl-2f"/>
      </object_component>
      <object_component id="oc-1a9">
         <name>.debug_info</name>
         <load_address>0x1825c</load_address>
         <run_address>0x1825c</run_address>
         <size>0x2ba</size>
         <input_file_ref idref="fl-2f"/>
      </object_component>
      <object_component id="oc-1af">
         <name>.debug_info</name>
         <load_address>0x18516</load_address>
         <run_address>0x18516</run_address>
         <size>0x294</size>
         <input_file_ref idref="fl-2f"/>
      </object_component>
      <object_component id="oc-1bb">
         <name>.debug_info</name>
         <load_address>0x187aa</load_address>
         <run_address>0x187aa</run_address>
         <size>0x292</size>
         <input_file_ref idref="fl-2f"/>
      </object_component>
      <object_component id="oc-1b5">
         <name>.debug_info</name>
         <load_address>0x18a3c</load_address>
         <run_address>0x18a3c</run_address>
         <size>0x27f</size>
         <input_file_ref idref="fl-2f"/>
      </object_component>
      <object_component id="oc-19e">
         <name>.debug_info</name>
         <load_address>0x18cbb</load_address>
         <run_address>0x18cbb</run_address>
         <size>0x28c</size>
         <input_file_ref idref="fl-2f"/>
      </object_component>
      <object_component id="oc-20a">
         <name>.debug_info</name>
         <load_address>0x18f47</load_address>
         <run_address>0x18f47</run_address>
         <size>0x227</size>
         <input_file_ref idref="fl-30"/>
      </object_component>
      <object_component id="oc-123">
         <name>.debug_info</name>
         <load_address>0x1916e</load_address>
         <run_address>0x1916e</run_address>
         <size>0x253</size>
         <input_file_ref idref="fl-30"/>
      </object_component>
      <object_component id="oc-155">
         <name>.debug_info</name>
         <load_address>0x193c1</load_address>
         <run_address>0x193c1</run_address>
         <size>0x253</size>
         <input_file_ref idref="fl-30"/>
      </object_component>
      <object_component id="oc-be">
         <name>.debug_info</name>
         <load_address>0x19614</load_address>
         <run_address>0x19614</run_address>
         <size>0x27f</size>
         <input_file_ref idref="fl-30"/>
      </object_component>
      <object_component id="oc-100">
         <name>.debug_info</name>
         <load_address>0x19893</load_address>
         <run_address>0x19893</run_address>
         <size>0x28f</size>
         <input_file_ref idref="fl-30"/>
      </object_component>
      <object_component id="oc-c4">
         <name>.debug_info</name>
         <load_address>0x19b22</load_address>
         <run_address>0x19b22</run_address>
         <size>0x28d</size>
         <input_file_ref idref="fl-30"/>
      </object_component>
      <object_component id="oc-23f">
         <name>.debug_info</name>
         <load_address>0x19daf</load_address>
         <run_address>0x19daf</run_address>
         <size>0x247</size>
         <input_file_ref idref="fl-30"/>
      </object_component>
      <object_component id="oc-239">
         <name>.debug_info</name>
         <load_address>0x19ff6</load_address>
         <run_address>0x19ff6</run_address>
         <size>0x249</size>
         <input_file_ref idref="fl-30"/>
      </object_component>
      <object_component id="oc-ee">
         <name>.debug_info</name>
         <load_address>0x1a23f</load_address>
         <run_address>0x1a23f</run_address>
         <size>0x326</size>
         <input_file_ref idref="fl-30"/>
      </object_component>
      <object_component id="oc-312">
         <name>.debug_info</name>
         <load_address>0x1a565</load_address>
         <run_address>0x1a565</run_address>
         <size>0x291</size>
         <input_file_ref idref="fl-30"/>
      </object_component>
      <object_component id="oc-10c">
         <name>.debug_info</name>
         <load_address>0x1a7f6</load_address>
         <run_address>0x1a7f6</run_address>
         <size>0x253</size>
         <input_file_ref idref="fl-30"/>
      </object_component>
      <object_component id="oc-12a">
         <name>.debug_info</name>
         <load_address>0x1aa49</load_address>
         <run_address>0x1aa49</run_address>
         <size>0x28d</size>
         <input_file_ref idref="fl-30"/>
      </object_component>
      <object_component id="oc-136">
         <name>.debug_info</name>
         <load_address>0x1acd6</load_address>
         <run_address>0x1acd6</run_address>
         <size>0x273</size>
         <input_file_ref idref="fl-30"/>
      </object_component>
      <object_component id="oc-112">
         <name>.debug_info</name>
         <load_address>0x1af49</load_address>
         <run_address>0x1af49</run_address>
         <size>0x263</size>
         <input_file_ref idref="fl-30"/>
      </object_component>
      <object_component id="oc-130">
         <name>.debug_info</name>
         <load_address>0x1b1ac</load_address>
         <run_address>0x1b1ac</run_address>
         <size>0x24d</size>
         <input_file_ref idref="fl-30"/>
      </object_component>
      <object_component id="oc-245">
         <name>.debug_info</name>
         <load_address>0x1b3f9</load_address>
         <run_address>0x1b3f9</run_address>
         <size>0x212</size>
         <input_file_ref idref="fl-31"/>
      </object_component>
      <object_component id="oc-25">
[...]
         <object_component_ref idref="oc-2ae"/>
      </symbol>
      <symbol id="sm-4f9">
         <name>EF_u16_UI_ParseUartBuffer</name>
         <value>0x20a1</value>
         <object_component_ref idref="oc-2ae"/>
      </symbol>
      <symbol id="sm-4fa">
         <name>EF_v_WriteCatDetailsInEEPROM</name>
         <value>0x379</value>
         <object_component_ref idref="oc-2ae"/>
      </symbol>
      <symbol id="sm-4fb">
         <name>AnalysisPatch</name>
         <value>0x200005b0</value>
         <object_component_ref idref="oc-338"/>
      </symbol>
      <symbol id="sm-4fc">
         <name>AnalysisSystem</name>
         <value>0x200005c8</value>
         <object_component_ref idref="oc-335"/>
      </symbol>
      <symbol id="sm-52c">
         <name>EF_BOOLEAN_Timer_IsTimedOut</name>
         <value>0x3599</value>
         <object_component_ref idref="oc-104"/>
      </symbol>
      <symbol id="sm-52d">
         <name>EF_u32_TimerGetCounterValue</name>
         <value>0x3629</value>
         <object_component_ref idref="oc-104"/>
      </symbol>
      <symbol id="sm-52e">
         <name>EF_void_TimerDelete</name>
         <value>0x33d1</value>
         <object_component_ref idref="oc-104"/>
      </symbol>
      <symbol id="sm-52f">
         <name>EF_void_TimerStop</name>
         <value>0x3649</value>
         <object_component_ref idref="oc-104"/>
      </symbol>
      <symbol id="sm-530">
         <name>EF_BOOLEAN_TimerCheck</name>
         <value>0x3559</value>
         <object_component_ref idref="oc-104"/>
      </symbol>
      <symbol id="sm-531">
         <name>EF_void_TimerReset</name>
         <value>0x3679</value>
         <object_component_ref idref="oc-104"/>
      </symbol>
      <symbol id="sm-532">
         <name>EF_void_Timer_TurnOff</name>
         <value>0x3699</value>
         <object_component_ref idref="oc-104"/>
      </symbol>
      <symbol id="sm-533">
         <name>EF_void_TimersUpdate</name>
         <value>0x34c1</value>
         <object_component_ref idref="oc-104"/>
      </symbol>
      <symbol id="sm-534">
         <name>EF_void_TimerInit</name>
         <value>0x3421</value>
         <object_component_ref idref="oc-104"/>
      </symbol>
      <symbol id="sm-535">
         <name>EF_void_TimerCreate</name>
         <value>0x3461</value>
         <object_component_ref idref="oc-104"/>
      </symbol>
      <symbol id="sm-536">
         <name>EF_void_TimerChangeTimeOut</name>
         <value>0x3609</value>
         <object_component_ref idref="oc-104"/>
      </symbol>
      <symbol id="sm-537">
         <name>EF_u8_TimerIsEnabled</name>
         <value>0x35e9</value>
         <object_component_ref idref="oc-104"/>
      </symbol>
      <symbol id="sm-538">
         <name>EF_void_TimerStart</name>
         <value>0x35b9</value>
         <object_component_ref idref="oc-104"/>
      </symbol>
      <symbol id="sm-545">
         <name>_delay_ms</name>
         <value>0x4969</value>
         <object_component_ref idref="oc-13a"/>
      </symbol>
      <symbol id="sm-546">
         <name>_delay_us</name>
         <value>0x4991</value>
         <object_component_ref idref="oc-13a"/>
      </symbol>
      <symbol id="sm-56f">
         <name>IntIsMasked</name>
         <value>0x20000304</value>
      </symbol>
      <symbol id="sm-570">
         <name>CC3100_InterruptDisable</name>
         <value>0x3e49</value>
         <object_component_ref idref="oc-31"/>
      </symbol>
      <symbol id="sm-571">
         <name>CC3100_disable</name>
         <value>0x3e09</value>
         <object_component_ref idref="oc-31"/>
      </symbol>
      <symbol id="sm-572">
         <name>CC3100_InterruptEnable</name>
         <value>0x3e39</value>
         <object_component_ref idref="oc-31"/>
      </symbol>
      <symbol id="sm-573">
         <name>CC3100_enable</name>
         <value>0x3e21</value>
         <object_component_ref idref="oc-31"/>
      </symbol>
      <symbol id="sm-574">
         <name>registerInterruptHandler</name>
         <value>0x3df1</value>
         <object_component_ref idref="oc-31"/>
      </symbol>
      <symbol id="sm-575">
         <name>UnMaskIntHdlr</name>
         <value>0x3e61</value>
         <object_component_ref idref="oc-31"/>
      </symbol>
      <symbol id="sm-576">
         <name>Delay</name>
         <value>0x3e69</value>
         <object_component_ref idref="oc-31"/>
      </symbol>
      <symbol id="sm-577">
         <name>stopWDT</name>
         <value>0x3de9</value>
         <object_component_ref idref="oc-31"/>
      </symbol>
      <symbol id="sm-578">
         <name>MaskIntHdlr</name>
         <value>0x3e59</value>
         <object_component_ref idref="oc-31"/>
      </symbol>
      <symbol id="sm-579">
         <name>pIrqEventHandler</name>
         <value>0x20000660</value>
         <object_component_ref idref="oc-c8"/>
      </symbol>
      <symbol id="sm-57a">
         <name>initClk</name>
         <value>0x3dd1</value>
         <object_component_ref idref="oc-31"/>
      </symbol>
      <symbol id="sm-57b">
         <name>GPIOB_intHandler</name>
         <value>0x3e91</value>
         <object_component_ref idref="oc-31"/>
      </symbol>
      <symbol id="sm-57c">
         <name>UART1_intHandler</name>
         <value>0x3ec1</value>
         <object_component_ref idref="oc-31"/>
      </symbol>
      <symbol id="sm-5f4">
         <name>EEPROMMassErase</name>
         <value>0x47d1</value>
         <object_component_ref idref="oc-37a"/>
      </symbol>
      <symbol id="sm-5f5">
         <name>EEPROMRead</name>
         <value>0x4b01</value>
         <object_component_ref idref="oc-374"/>
      </symbol>
      <symbol id="sm-5f6">
         <name>EEPROMProgram</name>
         <value>0x41f9</value>
         <object_component_ref idref="oc-36e"/>
      </symbol>
      <symbol id="sm-5f7">
         <name>EEPROMInit</name>
         <value>0x4a45</value>
         <object_component_ref idref="oc-368"/>
      </symbol>
      <symbol id="sm-60d">
         <name>FPULazyStackingEnable</name>
         <value>0x4ce9</value>
         <object_component_ref idref="oc-98"/>
      </symbol>
      <symbol id="sm-60e">
         <name>FPUEnable</name>
         <value>0x4cd9</value>
         <object_component_ref idref="oc-92"/>
      </symbol>
      <symbol id="sm-660">
         <name>GPIOPinConfigure</name>
         <value>0x49b5</value>
         <object_component_ref idref="oc-da"/>
      </symbol>
      <symbol id="sm-661">
         <name>GPIOIntDisable</name>
         <value>0x4d19</value>
         <object_component_ref idref="oc-aa"/>
      </symbol>
      <symbol id="sm-662">
         <name>GPIOIntEnable</name>
         <value>0x4d95</value>
         <object_component_ref idref="oc-a4"/>
      </symbol>
      <symbol id="sm-663">
         <name>GPIOIntClear</name>
         <value>0x4de3</value>
         <object_component_ref idref="oc-b6"/>
      </symbol>
      <symbol id="sm-664">
         <name>GPIOPinTypeUART</name>
         <value>0x4ca1</value>
         <object_component_ref idref="oc-e0"/>
      </symbol>
      <symbol id="sm-665">
         <name>GPIOIntStatus</name>
         <value>0x4d27</value>
         <object_component_ref idref="oc-b0"/>
      </symbol>
      <symbol id="sm-666">
         <name>GPIODirModeSet</name>
         <value>0x4ba1</value>
         <object_component_ref idref="oc-226"/>
      </symbol>
      <symbol id="sm-667">
         <name>GPIOPadConfigSet</name>
         <value>0x3c9b</value>
         <object_component_ref idref="oc-22c"/>
      </symbol>
      <symbol id="sm-698">
         <name>IntEnable</name>
         <value>0x46a1</value>
         <object_component_ref idref="oc-f8"/>
      </symbol>
      <symbol id="sm-699">
         <name>IntMasterEnable</name>
         <value>0x4cf9</value>
         <object_component_ref idref="oc-f2"/>
      </symbol>
      <symbol id="sm-6f8">
         <name>SysCtlClockSet</name>
         <value>0x4105</value>
         <object_component_ref idref="oc-9e"/>
      </symbol>
      <symbol id="sm-6f9">
         <name>SysCtlDelay</name>
         <value>0x4de9</value>
         <object_component_ref idref="oc-19a"/>
      </symbol>
      <symbol id="sm-6fa">
         <name>SysCtlPeripheralEnable</name>
         <value>0x4b39</value>
         <object_component_ref idref="oc-d4"/>
      </symbol>
      <symbol id="sm-6fb">
         <name>SysCtlClockGet</name>
         <value>0x3ef9</value>
         <object_component_ref idref="oc-e6"/>
      </symbol>
      <symbol id="sm-6fc">
         <name>SysCtlPeripheralReset</name>
         <value>0x48cd</value>
         <object_component_ref idref="oc-3ab"/>
      </symbol>
      <symbol id="sm-738">
         <name>TimerLoadSet</name>
         <value>0x4cb3</value>
         <object_component_ref idref="oc-1a7"/>
      </symbol>
      <symbol id="sm-739">
         <name>TimerEnable</name>
         <value>0x4d35</value>
         <object_component_ref idref="oc-1b3"/>
      </symbol>
      <symbol id="sm-73a">
         <name>TimerPrescaleSet</name>
         <value>0x4cc5</value>
         <object_component_ref idref="oc-1a1"/>
      </symbol>
      <symbol id="sm-73b">
         <name>TimerIntEnable</name>
         <value>0x4dcb</value>
         <object_component_ref idref="oc-1ad"/>
      </symbol>
      <symbol id="sm-73c">
         <name>TimerConfigure</name>
         <value>0x4771</value>
         <object_component_ref idref="oc-19b"/>
      </symbol>
      <symbol id="sm-73d">
         <name>TimerIntClear</name>
         <value>0x2245</value>
         <object_component_ref idref="oc-1b9"/>
      </symbol>
      <symbol id="sm-7b8">
         <name>UARTCharPutNonBlocking</name>
         <value>0x4d51</value>
         <object_component_ref idref="oc-128"/>
      </symbol>
      <symbol id="sm-7b9">
         <name>UARTConfigSetExpClk</name>
         <value>0x49fd</value>
         <object_component_ref idref="oc-ec"/>
      </symbol>
      <symbol id="sm-7ba">
         <name>UARTDisable</name>
         <value>0x4bcd</value>
         <object_component_ref idref="oc-237"/>
      </symbol>
      <symbol id="sm-7bb">
         <name>UARTIntEnable</name>
         <value>0x4dd3</value>
         <object_component_ref idref="oc-fe"/>
      </symbol>
      <symbol id="sm-7bc">
         <name>UARTCharsAvail</name>
         <value>0x4d5f</value>
         <object_component_ref idref="oc-10a"/>
      </symbol>
      <symbol id="sm-7bd">
         <name>UARTCharGetNonBlocking</name>
         <value>0x4d43</value>
         <object_component_ref idref="oc-110"/>
      </symbol>
      <symbol id="sm-7be">
         <name>UARTClockSourceSet</name>
         <value>0x4def</value>
         <object_component_ref idref="oc-310"/>
      </symbol>
      <symbol id="sm-7bf">
         <name>UARTCharPut</name>
         <value>0x4db7</value>
         <object_component_ref idref="oc-134"/>
      </symbol>
      <symbol id="sm-7c0">
         <name>UARTRxErrorGet</name>
         <value>0x4ddb</value>
         <object_component_ref idref="oc-154"/>
      </symbol>
      <symbol id="sm-7c1">
         <name>UARTEnable</name>
         <value>0x4c65</value>
         <object_component_ref idref="oc-23d"/>
      </symbol>
      <symbol id="sm-7c2">
         <name>UARTIntClear</name>
         <value>0x2e95</value>
         <object_component_ref idref="oc-c2"/>
      </symbol>
      <symbol id="sm-7c3">
         <name>UARTIntStatus</name>
         <value>0x4dc1</value>
         <object_component_ref idref="oc-bc"/>
      </symbol>
      <symbol id="sm-7c4">
         <name>UARTSpaceAvail</name>
         <value>0x4d6d</value>
         <object_component_ref idref="oc-122"/>
      </symbol>
      <symbol id="sm-7c5">
         <name>UARTCharGet</name>
         <value>0x4dad</value>
         <object_component_ref idref="oc-12e"/>
      </symbol>
      <symbol id="sm-7cf">
         <name>CPUcpsie</name>
         <value>0x4d89</value>
         <object_component_ref idref="oc-244"/>
      </symbol>
      <symbol id="sm-7e0">
         <name>_c_int00</name>
         <value>0x4825</value>
         <object_component_ref idref="oc-24"/>
      </symbol>
      <symbol id="sm-7e1">
         <name>__stack</name>
         <value>0x20000308</value>
         <object_component_ref idref="oc-2a"/>
      </symbol>
      <symbol id="sm-7ff">
         <name>__TI_decompress_lzss</name>
         <value>0x4709</value>
         <object_component_ref idref="oc-12"/>
      </symbol>
      <symbol id="sm-816">
         <name>__TI_decompress_none</name>
         <value>0x4d7b</value>
         <object_component_ref idref="oc-18"/>
      </symbol>
      <symbol id="sm-828">
         <name>__TI_zero_init</name>
         <value>0x4da1</value>
         <object_component_ref idref="oc-1e"/>
      </symbol>
      <symbol id="sm-849">
         <name>C$$EXIT</name>
         <value>0x4879</value>
         <object_component_ref idref="oc-87"/>
      </symbol>
      <symbol id="sm-84a">
         <name>abort</name>
         <value>0x487d</value>
         <object_component_ref idref="oc-87"/>
      </symbol>
      <symbol id="sm-84b">
         <name>exit</name>
         <value>0x4885</value>
         <object_component_ref idref="oc-87"/>
      </symbol>
      <symbol id="sm-84c">
         <name>__TI_dtors_ptr</name>
         <value>0x20000628</value>
         <object_component_ref idref="oc-1f5"/>
      </symbol>
      <symbol id="sm-84d">
         <name>__TI_cleanup_ptr</name>
         <value>0x20000624</value>
         <object_component_ref idref="oc-1f5"/>
      </symbol>
      <symbol id="sm-84e">
         <name>__TI_enable_exit_profile_output</name>
         <value>0x2000062c</value>
         <object_component_ref idref="oc-1f5"/>
      </symbol>
      <symbol id="sm-865">
         <name>__aeabi_dsub</name>
         <value>0x39af</value>
         <object_component_ref idref="oc-175"/>
      </symbol>
      <symbol id="sm-866">
         <name>__aeabi_dadd</name>
         <value>0x39b9</value>
         <object_component_ref idref="oc-175"/>
      </symbol>
      <symbol id="sm-87a">
         <name>__aeabi_ddiv</name>
         <value>0x3b65</value>
         <object_component_ref idref="oc-17a"/>
      </symbol>
      <symbol id="sm-885">
         <name>__aeabi_dmul</name>
         <value>0x4009</value>
         <object_component_ref idref="oc-16b"/>
      </symbol>
      <symbol id="sm-891">
         <name>__aeabi_d2f</name>
         <value>0x4631</value>
         <object_component_ref idref="oc-17f"/>
      </symbol>
      <symbol id="sm-8ac">
         <name>memcpy</name>
         <value>0x4385</value>
         <object_component_ref idref="oc-57"/>
      </symbol>
      <symbol id="sm-8ad">
         <name>__aeabi_memcpy</name>
         <value>0x4385</value>
         <object_component_ref idref="oc-57"/>
      </symbol>
      <symbol id="sm-8ae">
         <name>__aeabi_memcpy8</name>
         <value>0x4385</value>
         <object_component_ref idref="oc-57"/>
      </symbol>
      <symbol id="sm-8af">
         <name>__aeabi_memcpy4</name>
         <value>0x4385</value>
         <object_component_ref idref="oc-57"/>
      </symbol>
      <symbol id="sm-8be">
         <name>__aeabi_memset</name>
         <value>0x4547</value>
         <object_component_ref idref="oc-63"/>
      </symbol>
      <symbol id="sm-8bf">
         <name>memset</name>
         <value>0x454d</value>
         <object_component_ref idref="oc-63"/>
      </symbol>
      <symbol id="sm-8c0">
         <name>__aeabi_memset8</name>
         <value>0x4547</value>
         <object_component_ref idref="oc-63"/>
      </symbol>
      <symbol id="sm-8c1">
         <name>__aeabi_memset4</name>
         <value>0x4547</value>
         <object_component_ref idref="oc-63"/>
      </symbol>
      <symbol id="sm-8c2">
         <name>__aeabi_memclr8</name>
         <value>0x4545</value>
         <object_component_ref idref="oc-63"/>
      </symbol>
      <symbol id="sm-8c3">
         <name>__aeabi_memclr4</name>
         <value>0x4545</value>
         <object_component_ref idref="oc-63"/>
      </symbol>
      <symbol id="sm-8c4">
         <name>__aeabi_memclr</name>
         <value>0x4545</value>
         <object_component_ref idref="oc-63"/>
      </symbol>
      <symbol id="sm-8ce">
         <name>__mpu_init</name>
         <value>0x3dcf</value>
         <object_component_ref idref="oc-6f"/>
      </symbol>
      <symbol id="sm-8d8">
         <name>_system_pre_init</name>
         <value>0x33c5</value>
         <object_component_ref idref="oc-75"/>
      </symbol>
      <symbol id="sm-8e0">
         <name>main_func_sp</name>
         <value>0x20000664</value>
         <object_component_ref idref="oc-8d"/>
      </symbol>
      <symbol id="sm-8ee">
         <name>strlen</name>
         <value>0x4c8d</value>
         <object_component_ref idref="oc-184"/>
      </symbol>
      <symbol id="sm-8fd">
         <name>__aeabi_uidivmod</name>
         <value>0x4a85</value>
         <object_component_ref idref="oc-359"/>
      </symbol>
      <symbol id="sm-8fe">
         <name>__aeabi_uidiv</name>
         <value>0x4a85</value>
         <object_component_ref idref="oc-359"/>
      </symbol>
      <symbol id="sm-908">
         <name>__aeabi_ui2d</name>
         <value>0x4bed</value>
         <object_component_ref idref="oc-170"/>
      </symbol>
      <symbol id="sm-921">
         <name>_nop</name>
         <value>0x4c87</value>
         <object_component_ref idref="oc-2be"/>
      </symbol>
      <symbol id="sm-922">
         <name>_lock</name>
         <value>0x20000648</value>
         <object_component_ref idref="oc-1f8"/>
      </symbol>
      <symbol id="sm-923">
         <name>_unlock</name>
         <value>0x2000064c</value>
         <object_component_ref idref="oc-1f8"/>
      </symbol>
      <symbol id="sm-924">
         <name>_register_lock</name>
         <value>0x4c7f</value>
         <object_component_ref idref="oc-2be"/>
      </symbol>
      <symbol id="sm-925">
         <name>_register_unlock</name>
         <value>0x4c79</value>
         <object_component_ref idref="oc-2be"/>
      </symbol>
      <symbol id="sm-939">
         <name>_args_main</name>
         <value>0x4c4d</value>
         <object_component_ref idref="oc-81"/>
      </symbol>
      <symbol id="sm-963">
         <name>__TI_auto_init</name>
         <value>0x45c1</value>
         <object_component_ref idref="oc-7b"/>
      </symbol>
      <symbol id="sm-97d">
         <name>copy_in</name>
         <value>0x491d</value>
         <object_component_ref idref="oc-1df"/>
      </symbol>
      <symbol id="sm-987">
         <name>__aeabi_idiv0</name>
         <value>0x3dcd</value>
         <object_component_ref idref="oc-399"/>
      </symbol>
      <symbol id="sm-991">
         <name>_system_post_cinit</name>
         <value>0x42bd</value>
         <object_component_ref idref="oc-1e5"/>
      </symbol>
      <symbol id="sm-992">
         <name>__TI_static_base__</name>
         <value>0x0</value>
      </symbol>
      <symbol id="sm-995">
         <name>SHT$$INIT_ARRAY$$Limit</name>
         <value>0x0</value>
      </symbol>
      <symbol id="sm-996">
         <name>SHT$$INIT_ARRAY$$Base</name>
         <value>0x0</value>
      </symbol>
   </symbol_table>
   <title>Link successful</title>
</link_info>
