******************************************************************************
                  TI ARM Linker PC v16.9.0                     
******************************************************************************
>> Linked Mon Jan 16 13:12:26 2017

OUTPUT FILE NAME:   <Checkweigher_Wifi.out>
ENTRY POINT SYMBOL: "_c_int00"  address: 00004825


MEMORY CONFIGURATION

         name            origin    length      used     unused   attr    fill
----------------------  --------  ---------  --------  --------  ----  --------
  FLASH                 00000000   00040000  00005108  0003aef8  R  X
  SRAM                  20000000   00008000  00000667  00007999  RW X


SEGMENT ALLOCATION MAP

run origin  load origin   length   init length attrs members
----------  ----------- ---------- ----------- ----- -------
00000000    00000000    00005110   00005110    r-x
  00000000    00000000    0000026c   0000026c    r-- .intvecs
  00000270    00000270    00004b84   00004b84    r-x .text
  00004df4    00004df4    000002a0   000002a0    r-- .const
  00005098    00005098    00000078   00000078    r-- .cinit
20000000    20000000    00000668   00000000    rw-
  20000000    20000000    00000307   00000000    rw- .bss
  20000308    20000308    00000258   00000000    rw- .stack
  20000560    20000560    00000108   00000000    rw- .data


SECTION ALLOCATION MAP

 output                                  attributes/
section   page    origin      length       input sections
--------  ----  ----------  ----------   ----------------
.intvecs   0    00000000    0000026c     
                  00000000    0000026c     tm4c123gh6pm_startup_ccs.obj (.intvecs)

.text      0    00000270    00004b84     
                  00000270    00001fd4     EF_UserInterface.obj (.text)
                  00002244    00000004     driverlib.lib : timer.obj (.text:TimerIntClear)
                  00002248    00000658     EF_TIVA_uart.obj (.text)
                  000028a0    000005f4     EF_Scale_rinstrum.obj (.text)
                  00002e94    00000004     driverlib.lib : uart.obj (.text:UARTIntClear)
                  00002e98    0000052c     uartstdio.obj (.text)
                  000033c4    00000004     rtsv7M4_T_le_v4SPD16_eabi.lib : pre_init.obj (.text)
                  000033c8    00000320     EF_SpechialTIMER.obj (.text)
                  000036e8    000002c6     EF_PrintMenus.obj (.text)
                  000039ae    000001b6     rtsv7M4_T_le_v4SPD16_eabi.lib : fd_add_t2.obj (.text)
                  00003b64    00000136                                   : fd_div_t2.obj (.text)
                  00003c9a    00000132     driverlib.lib : gpio.obj (.text:GPIOPadConfigSet)
                  00003dcc    00000002     rtsv7M4_T_le_v4SPD16_eabi.lib : i_div0.obj (.text)
                  00003dce    00000002                                   : mpu_init.obj (.text)
                  00003dd0    00000128     board.obj (.text)
                  00003ef8    00000110     driverlib.lib : sysctl.obj (.text:SysCtlClockGet)
                  00004008    000000fc     rtsv7M4_T_le_v4SPD16_eabi.lib : fd_mul_t2.obj (.text)
                  00004104    000000f4     driverlib.lib : sysctl.obj (.text:SysCtlClockSet)
                  000041f8    000000c4                   : eeprom.obj (.text:EEPROMProgram)
                  000042bc    00000002     rtsv7M4_T_le_v4SPD16_eabi.lib : startup.obj (.text)
                  000042be    00000002     --HOLE-- [fill = 0]
                  000042c0    000000c4     EF_BarCode_Scanner.obj (.text)
                  00004384    0000009c     rtsv7M4_T_le_v4SPD16_eabi.lib : memcpy_t2.obj (.text)
                  00004420    00000098     EF_TIVA_Timer.obj (.text)
                  000044b8    0000008c     EF_TIVA_EEPROM.obj (.text)
                  00004544    0000007a     rtsv7M4_T_le_v4SPD16_eabi.lib : memset_t2.obj (.text)
                  000045be    00000002     --HOLE-- [fill = 0]
                  000045c0    00000070                                   : autoinit.obj (.text)
                  00004630    0000006e                                   : fd_tos_t2.obj (.text)
                  0000469e    00000002     --HOLE-- [fill = 0]
                  000046a0    00000068     driverlib.lib : interrupt.obj (.text:IntEnable)
                  00004708    00000068     rtsv7M4_T_le_v4SPD16_eabi.lib : copy_decompress_lzss.obj (.text:decompress:lzss)
                  00004770    00000060     driverlib.lib : timer.obj (.text:TimerConfigure)
                  000047d0    00000054                   : eeprom.obj (.text:EEPROMMassErase)
                  00004824    00000054     rtsv7M4_T_le_v4SPD16_eabi.lib : boot.obj (.text)
                  00004878    00000054                                   : exit.obj (.text)
                  000048cc    00000050     driverlib.lib : sysctl.obj (.text:SysCtlPeripheralReset)
                  0000491c    0000004c     rtsv7M4_T_le_v4SPD16_eabi.lib : cpy_tbl.obj (.text)
                  00004968    0000004c     std_types.obj (.text)
                  000049b4    00000048     driverlib.lib : gpio.obj (.text:GPIOPinConfigure)
                  000049fc    00000046                   : uart.obj (.text:UARTConfigSetExpClk)
                  00004a42    00000002     --HOLE-- [fill = 0]
                  00004a44    00000040                   : eeprom.obj (.text:EEPROMInit)
                  00004a84    00000040     rtsv7M4_T_le_v4SPD16_eabi.lib : u_divt2.obj (.text)
                  00004ac4    0000003c     driverlib.lib : eeprom.obj (.text:_EEPROMSectorMaskSet)
                  00004b00    00000038                   : eeprom.obj (.text:EEPROMRead)
                  00004b38    00000034                   : sysctl.obj (.text:SysCtlPeripheralEnable)
                  00004b6c    00000034                   : eeprom.obj (.text:_EEPROMSectorMaskClear)
                  00004ba0    0000002a                   : gpio.obj (.text:GPIODirModeSet)
                  00004bca    00000002     --HOLE-- [fill = 0]
                  00004bcc    00000020                   : uart.obj (.text:UARTDisable)
                  00004bec    00000020     rtsv7M4_T_le_v4SPD16_eabi.lib : u_tofd_t2.obj (.text)
                  00004c0c    00000004     --HOLE-- [fill = 0]
                  00004c10    0000001c     main.obj (.text)
                  00004c2c    00000004     --HOLE-- [fill = 0]
                  00004c30    0000001a     tm4c123gh6pm_startup_ccs.obj (.text)
                  00004c4a    00000002     --HOLE-- [fill = 0]
                  00004c4c    00000018     rtsv7M4_T_le_v4SPD16_eabi.lib : args_main.obj (.text)
                  00004c64    00000014     driverlib.lib : uart.obj (.text:UARTEnable)
                  00004c78    00000014     rtsv7M4_T_le_v4SPD16_eabi.lib : _lock.obj (.text)
                  00004c8c    00000014                                   : strlen.obj (.text)
                  00004ca0    00000012     driverlib.lib : gpio.obj (.text:GPIOPinTypeUART)
                  00004cb2    00000012                   : timer.obj (.text:TimerLoadSet)
                  00004cc4    00000012                   : timer.obj (.text:TimerPrescaleSet)
                  00004cd6    00000002     --HOLE-- [fill = 0]
                  00004cd8    00000010                   : fpu.obj (.text:FPUEnable)
                  00004ce8    00000010                   : fpu.obj (.text:FPULazyStackingEnable)
                  00004cf8    00000010                   : interrupt.obj (.text:IntMasterEnable)
                  00004d08    00000010                   : eeprom.obj (.text:_EEPROMWaitForDone)
                  00004d18    0000000e                   : gpio.obj (.text:GPIOIntDisable)
                  00004d26    0000000e                   : gpio.obj (.text:GPIOIntStatus)
                  00004d34    0000000e                   : timer.obj (.text:TimerEnable)
                  00004d42    0000000e                   : uart.obj (.text:UARTCharGetNonBlocking)
                  00004d50    0000000e                   : uart.obj (.text:UARTCharPutNonBlocking)
                  00004d5e    0000000e                   : uart.obj (.text:UARTCharsAvail)
                  00004d6c    0000000e                   : uart.obj (.text:UARTSpaceAvail)
                  00004d7a    0000000e     rtsv7M4_T_le_v4SPD16_eabi.lib : copy_decompress_none.obj (.text:decompress:none)
                  00004d88    0000000c     driverlib.lib : cpu.obj (.text:CPUcpsie)
                  00004d94    0000000c                   : gpio.obj (.text:GPIOIntEnable)
                  00004da0    0000000c     rtsv7M4_T_le_v4SPD16_eabi.lib : copy_zero_init.obj (.text:decompress:ZI)
                  00004dac    0000000a     driverlib.lib : uart.obj (.text:UARTCharGet)
                  00004db6    0000000a                   : uart.obj (.text:UARTCharPut)
                  00004dc0    0000000a                   : uart.obj (.text:UARTIntStatus)
                  00004dca    00000008                   : timer.obj (.text:TimerIntEnable)
                  00004dd2    00000008                   : uart.obj (.text:UARTIntEnable)
                  00004dda    00000008                   : uart.obj (.text:UARTRxErrorGet)
                  00004de2    00000006                   : gpio.obj (.text:GPIOIntClear)
                  00004de8    00000006                   : sysctl.obj (.text:SysCtlDelay)
                  00004dee    00000006                   : uart.obj (.text:UARTClockSourceSet)

.const     0    00004df4    000002a0     
                  00004df4    000000a8     EF_TIVA_uart.obj (.const:UART_PinConfiguration_Array)
                  00004e9c    00000090     driverlib.lib : gpio.obj (.const:g_pui32GPIOBaseAddrs)
                  00004f2c    00000070                   : interrupt.obj (.const)
                  00004f9c    0000006c                   : sysctl.obj (.const:g_pui32Xtals)
                  00005008    00000018     EF_TIVA_uart.obj (.const:GPIO_SystCtlClock_Array)
                  00005020    00000018     EF_TIVA_uart.obj (.const:UART_SystCtlClock_Array)
                  00005038    00000012     uartstdio.obj (.const:.string)
                  0000504a    00000010     EF_Scale_rinstrum.obj (.const:.string:PrintKeyCommand)
                  0000505a    00000010     EF_Scale_rinstrum.obj (.const:.string:ZeroingCommand)
                  0000506a    0000000c     EF_Scale_rinstrum.obj (.const:.string:GetGrossCommand)
                  00005076    00000002     --HOLE-- [fill = 0]
                  00005078    0000000c     uartstdio.obj (.const:g_ui32UARTBase)
                  00005084    0000000c     uartstdio.obj (.const:g_ui32UARTPeriph)
                  00005090    00000004     uartstdio.obj (.const)

.cinit     0    00005098    00000078     
                  00005098    00000054     (.cinit..data.load) [load image, compression = lzss]
                  000050ec    0000000c     (__TI_handler_table)
                  000050f8    00000008     (.cinit..bss.load) [load image, compression = zero_init]
                  00005100    00000010     (__TI_cinit_table)

.init_array 
*          0    00000000    00000000     UNINITIALIZED

.bss       0    20000000    00000307     UNINITIALIZED
                  20000000    00000160     (.common:CategoryStruct)
                  20000160    00000100     EF_TIVA_uart.obj (.bss:UART_RxBuf)
                  20000260    00000090     EF_SpechialTIMER.obj (.bss:timers_list)
                  200002f0    00000006     EF_TIVA_uart.obj (.bss)
                  200002f6    00000005     (.common:Time_StartAnalysis)
                  200002fb    00000005     (.common:Time_TillNowAnalysis)
                  20000300    00000004     EF_TIVA_Timer.obj (.bss)
                  20000304    00000001     (.common:IntIsMasked)
                  20000305    00000001     (.common:isArduinoRXBufferEmpty)
                  20000306    00000001     (.common:isArduinoRXBufferOverFlowed)

.stack     0    20000308    00000258     UNINITIALIZED
                  20000308    00000258     --HOLE--

.data      0    20000560    00000108     UNINITIALIZED
                  20000560    00000050     EF_UserInterface.obj (.data)
                  200005b0    00000018     EF_UserInterface.obj (.data:AnalysisPatch)
                  200005c8    00000018     EF_UserInterface.obj (.data:AnalysisSystem)
                  200005e0    00000014     EF_UserInterface.obj (.data:ParametersStr)
                  200005f4    00000010     EF_BarCode_Scanner.obj (.data:BarCodeUart_cfg)
                  20000604    00000010     EF_Scale_rinstrum.obj (.data:ScaleUart_cfg)
                  20000614    00000010     EF_UserInterface.obj (.data:uart_init_cfg)
                  20000624    0000000c     rtsv7M4_T_le_v4SPD16_eabi.lib : exit.obj (.data:$O1$$)
                  20000630    0000000c     EF_TIVA_Timer.obj (.data)
                  2000063c    0000000a     EF_UserInterface.obj (.data:u32ParsingData$16)
                  20000646    00000002     --HOLE--
                  20000648    00000008     rtsv7M4_T_le_v4SPD16_eabi.lib : _lock.obj (.data:$O1$$)
                  20000650    00000008     EF_Scale_rinstrum.obj (.data)
                  20000658    00000005     uartstdio.obj (.data)
                  2000065d    00000003     --HOLE--
                  20000660    00000004     board.obj (.data)
                  20000664    00000004     rtsv7M4_T_le_v4SPD16_eabi.lib : stkdepth_vars.obj (.data)

MODULE SUMMARY

       Module                         code    ro data   rw data
       ------                         ----    -------   -------
    .\
       uartstdio.obj                  1324    46        5      
       tm4c123gh6pm_startup_ccs.obj   26      620       0      
       main.obj                       28      0         2      
    +--+------------------------------+-------+---------+---------+
       Total:                         1378    666       7      
                                                               
    .\HAL\
       EF_Scale_rinstrum.obj          1524    44        24     
       EF_BarCode_Scanner.obj         196     0         16     
    +--+------------------------------+-------+---------+---------+
       Total:                         1720    44        40     
                                                               
    .\MCAL\
       EF_TIVA_uart.obj               1624    216       262    
       EF_TIVA_Timer.obj              152     0         16     
       EF_TIVA_EEPROM.obj             140     0         0      
    +--+------------------------------+-------+---------+---------+
       Total:                         1916    216       278    
                                                               
    .\Services\
       EF_UserInterface.obj           8148    0         536    
       EF_PrintMenus.obj              710     0         0      
    +--+------------------------------+-------+---------+---------+
       Total:                         8858    0         536    
                                                               
    .\Utilities\
       EF_SpechialTIMER.obj           800     0         144    
       std_types.obj                  76      0         0      
    +--+------------------------------+-------+---------+---------+
       Total:                         876     0         144    
                                                               
    .\board\
       board.obj                      296     0         5      
    +--+------------------------------+-------+---------+---------+
       Total:                         296     0         5      
                                                               
    C:/ti/TivaWare_C_Series-2.1.0.12573/driverlib/ccs/Debug/driverlib.lib
       sysctl.obj                     654     108       0      
       gpio.obj                       484     144       0      
       eeprom.obj                     528     0         0      
       uart.obj                       234     0         0      
       interrupt.obj                  120     112       0      
       timer.obj                      158     0         0      
       fpu.obj                        32      0         0      
       cpu.obj                        12      0         0      
    +--+------------------------------+-------+---------+---------+
       Total:                         2222    364       0      
                                                               
    C:\ti\ccsv7\tools\compiler\ti-cgt-arm_16.9.0.LTS\lib\rtsv7M4_T_le_v4SPD16_eabi.lib
       fd_add_t2.obj                  438     0         0      
       fd_div_t2.obj                  310     0         0      
       fd_mul_t2.obj                  252     0         0      
       memcpy_t2.obj                  156     0         0      
       memset_t2.obj                  122     0         0      
       autoinit.obj                   112     0         0      
       fd_tos_t2.obj                  110     0         0      
       copy_decompress_lzss.obj       104     0         0      
       exit.obj                       84      0         12     
       boot.obj                       84      0         0      
       cpy_tbl.obj                    76      0         0      
       u_divt2.obj                    64      0         0      
       u_tofd_t2.obj                  32      0         0      
       _lock.obj                      20      0         8      
       args_main.obj                  24      0         0      
       strlen.obj                     20      0         0      
       copy_decompress_none.obj       14      0         0      
       copy_zero_init.obj             12      0         0      
       pre_init.obj                   4       0         0      
       stkdepth_vars.obj              0       0         4      
       i_div0.obj                     2       0         0      
       mpu_init.obj                   2       0         0      
       startup.obj                    2       0         0      
    +--+------------------------------+-------+---------+---------+
       Total:                         2044    0         24     
                                                               
       Stack:                         0       0         600    
       Linker Generated:              0       120       0      
    +--+------------------------------+-------+---------+---------+
       Grand Total:                   19310   1410      1634   


LINKER GENERATED COPY TABLES

__TI_cinit_table @ 00005100 records: 2, size/record: 8, table size: 16
	.data: load addr=00005098, load size=00000054 bytes, run addr=20000560, run size=00000108 bytes, compression=lzss
	.bss: load addr=000050f8, load size=00000008 bytes, run addr=20000000, run size=00000307 bytes, compression=zero_init


LINKER GENERATED HANDLER TABLE

__TI_handler_table @ 000050ec records: 3, size/record: 4, table size: 12
	index: 0, handler: __TI_decompress_lzss
	index: 1, handler: __TI_decompress_none
	index: 2, handler: __TI_zero_init


GLOBAL SYMBOLS: SORTED ALPHABETICALLY BY Name 

address   name                                     
-------   ----                                     
200005b0  AnalysisPatch                            
200005c8  AnalysisSystem                           
00002dd9  B_Scale_Clear_Tare_Memory                
00002d99  B_Scale_Get_All_Weight                   
00002da9  B_Scale_Get_Count                        
00002d79  B_Scale_Get_Increased_Resolution_Weight  
00002d89  B_Scale_Get_Indicated_Weight             
00002ce1  B_Scale_Get_Stable_Weight_raw            
00002db9  B_Scale_Get_Status                       
200005f4  BarCodeUart_cfg                          
00004879  C$$EXIT                                  
00003e49  CC3100_InterruptDisable                  
00003e39  CC3100_InterruptEnable                   
00003e09  CC3100_disable                           
00003e21  CC3100_enable                            
00004d89  CPUcpsie                                 
20000000  CategoryStruct                           
000028a1  ConvertToFloat_Kg                        
00003e69  Delay                                    
00004a45  EEPROMInit                               
000047d1  EEPROMMassErase                          
000041f9  EEPROMProgram                            
00004b01  EEPROMRead                               
000042c1  EF_BOOLEAN_BarCodeScanner_Init           
000042d9  EF_BOOLEAN_BarCodeScanner_ReadData       
00004531  EF_BOOLEAN_EEPROM_Erase                  
000044b9  EF_BOOLEAN_EEPROM_Init                   
000044f9  EF_BOOLEAN_EEPROM_ReadNBytes             
000044d1  EF_BOOLEAN_EEPROM_WriteNBytes            
00002a99  EF_BOOLEAN_SCALE_ReadUntilExpectedKeyword
00002c69  EF_BOOLEAN_Scale_Get_Gross_Weight        
00002cf1  EF_BOOLEAN_Scale_Get_Stable_Weight       
00002be1  EF_BOOLEAN_Scale_Init                    
00002c11  EF_BOOLEAN_Scale_Set_Zeroing             
00003559  EF_BOOLEAN_TimerCheck                    
00003599  EF_BOOLEAN_Timer_IsTimedOut              
000024a9  EF_BOOLEAN_UART_GetArray                 
00002399  EF_BOOLEAN_UART_GetChar                  
00002579  EF_BOOLEAN_UART_PutChar                  
000020a1  EF_u16_UI_ParseUartBuffer                
00003629  EF_u32_TimerGetCounterValue              
000035e9  EF_u8_TimerIsEnabled                     
00002601  EF_u8_UART_WaitChar                      
000002b9  EF_v_ConvertRTC                          
00000431  EF_v_GetCatDetalisFromEEPROM             
00000519  EF_v_UI_OperationTask                    
00000e71  EF_v_UI_SystemStates                     
00000379  EF_v_WriteCatDetailsInEEPROM             
00003731  EF_void_PrintMenus_CalEditPosNeg         
000036e9  EF_void_PrintMenus_CalWeightShow         
000037f1  EF_void_PrintMenus_DisplayPhoto          
00003949  EF_void_PrintMenus_GetRtc                
00003981  EF_void_PrintMenus_OperationWithZeroing  
000038e1  EF_void_PrintMenus_RequestValue          
00003839  EF_void_PrintMenus_SendValue             
00003771  EF_void_PrintOperation                   
00003609  EF_void_TimerChangeTimeOut               
00003461  EF_void_TimerCreate                      
000033d1  EF_void_TimerDelete                      
00003421  EF_void_TimerInit                        
00003679  EF_void_TimerReset                       
000035b9  EF_void_TimerStart                       
00003649  EF_void_TimerStop                        
00004421  EF_void_Timer_PORTinit                   
00004489  EF_void_Timer_RemoveTimerISRCallBack     
00004479  EF_void_Timer_SetISRCallBack             
00003699  EF_void_Timer_TurnOff                    
000034c1  EF_void_TimersUpdate                     
00002719  EF_void_UART_HextoASCII                  
00002249  EF_void_UART_Init                        
00002629  EF_void_UART_PutChar                     
00002651  EF_void_UART_SendArray                   
000026a1  EF_void_UART_SendU16                     
000026d9  EF_void_UART_SendU32                     
00000c39  EF_void_UserInterface_Init               
00004cd9  FPUEnable                                
00004ce9  FPULazyStackingEnable                    
20000638  FirstReleaseFlag                         
00003e91  GPIOB_intHandler                         
00004ba1  GPIODirModeSet                           
00004de3  GPIOIntClear                             
00004d19  GPIOIntDisable                           
00004d95  GPIOIntEnable                            
00004d27  GPIOIntStatus                            
00003c9b  GPIOPadConfigSet                         
000049b5  GPIOPinConfigure                         
00004ca1  GPIOPinTypeUART                          
00005008  GPIO_SystCtlClock_Array                  
00002de9  ISR_Scale_GetStableWeigth                
000027f1  ISR_UART_SCREEN                          
000046a1  IntEnable                                
20000304  IntIsMasked                              
00004cf9  IntMasterEnable                          
00003e59  MaskIntHdlr                              
200005e0  ParametersStr                            
00004c31  ResetISR                                 
UNDEFED   SHT$$INIT_ARRAY$$Base                    
UNDEFED   SHT$$INIT_ARRAY$$Limit                   
20000604  ScaleUart_cfg                            
00003ef9  SysCtlClockGet                           
00004105  SysCtlClockSet                           
00004de9  SysCtlDelay                              
00004b39  SysCtlPeripheralEnable                   
000048cd  SysCtlPeripheralReset                    
200002f6  Time_StartAnalysis                       
200002fb  Time_TillNowAnalysis                     
00004771  TimerConfigure                           
00004d35  TimerEnable                              
00002245  TimerIntClear                            
00004dcb  TimerIntEnable                           
00004cb3  TimerLoadSet                             
00004cc5  TimerPrescaleSet                         
00004491  Timer_W0_ISR                             
00003ec1  UART1_intHandler                         
00004dad  UARTCharGet                              
00004d43  UARTCharGetNonBlocking                   
00004db7  UARTCharPut                              
00004d51  UARTCharPutNonBlocking                   
00004d5f  UARTCharsAvail                           
00004def  UARTClockSourceSet                       
000049fd  UARTConfigSetExpClk                      
00004bcd  UARTDisable                              
00004c65  UARTEnable                               
00002e95  UARTIntClear                             
00004dd3  UARTIntEnable                            
00004dc1  UARTIntStatus                            
00004ddb  UARTRxErrorGet                           
00004d6d  UARTSpaceAvail                           
00002e99  UARTStdioConfig                          
00004df4  UART_PinConfiguration_Array              
00005020  UART_SystCtlClock_Array                  
00003021  UARTgetc                                 
00002f51  UARTgets                                 
00003391  UARTprintf                               
00003059  UARTvprintf                              
00002ef9  UARTwrite                                
00003e61  UnMaskIntHdlr                            
20000560  __STACK_END                              
00000258  __STACK_SIZE                             
20000508  __STACK_TOP                              
00005100  __TI_CINIT_Base                          
00005110  __TI_CINIT_Limit                         
000050ec  __TI_Handler_Table_Base                  
000050f8  __TI_Handler_Table_Limit                 
000045c1  __TI_auto_init                           
20000624  __TI_cleanup_ptr                         
00004709  __TI_decompress_lzss                     
00004d7b  __TI_decompress_none                     
20000628  __TI_dtors_ptr                           
2000062c  __TI_enable_exit_profile_output          
ffffffff  __TI_pprof_out_hndl                      
ffffffff  __TI_prof_data_size                      
ffffffff  __TI_prof_data_start                     
00000000  __TI_static_base__                       
00004da1  __TI_zero_init                           
00004631  __aeabi_d2f                              
000039b9  __aeabi_dadd                             
00003b65  __aeabi_ddiv                             
00004009  __aeabi_dmul                             
000039af  __aeabi_dsub                             
00003dcd  __aeabi_idiv0                            
00004545  __aeabi_memclr                           
00004545  __aeabi_memclr4                          
00004545  __aeabi_memclr8                          
00004385  __aeabi_memcpy                           
00004385  __aeabi_memcpy4                          
00004385  __aeabi_memcpy8                          
00004547  __aeabi_memset                           
00004547  __aeabi_memset4                          
00004547  __aeabi_memset8                          
00004bed  __aeabi_ui2d                             
00004a85  __aeabi_uidiv                            
00004a85  __aeabi_uidivmod                         
ffffffff  __binit__                                
ffffffff  __c_args__                               
00003dcf  __mpu_init                               
20000308  __stack                                  
00004c4d  _args_main                               
00004825  _c_int00                                 
00004969  _delay_ms                                
00004991  _delay_us                                
20000648  _lock                                    
00004c87  _nop                                     
00004c7f  _register_lock                           
00004c79  _register_unlock                         
000042bd  _system_post_cinit                       
000033c5  _system_pre_init                         
2000064c  _unlock                                  
0000487d  abort                                    
20000562  bScaleError                              
ffffffff  binit                                    
0000491d  copy_in                                  
00004885  exit                                     
000029d1  float_ConvertToInt_Grams                 
20000630  gCounterEvery_3Hours                     
20000650  gStableWeightFlag                        
20000654  gStableWeight_ISR                        
20000634  gU32CounterExpired_3Months               
20000564  gU32MaxCatogriesNumber                   
2000056c  gU8BarCodeUartInit_FirstTime             
2000056d  gU8StopOperations_Flag                   
00000000  g_pfnVectors                             
00002481  getAvailableDataCountOnUART              
000027b1  getIsArduinoRXBufferEmptyFlag            
000027d1  getIsArduinoRXBufferOverFlowedFlag       
20000560  gu8OperSwitchStatus                      
20000561  gu8PatchAnalysisFlag                     
00003dd1  initClk                                  
20000305  isArduinoRXBufferEmpty                   
20000306  isArduinoRXBufferOverFlowed              
00004c11  main                                     
20000664  main_func_sp                             
00004385  memcpy                                   
0000454d  memset                                   
20000660  pIrqEventHandler                         
00002419  readFromUART                             
00003df1  registerInterruptHandler                 
00002dc9  s16_Scale_Apply_Tare                     
000027b9  setIsArduinoRXBufferEmptyFlag            
000027d9  setIsArduinoRXBufferOverFlowedFlag       
00003de9  stopWDT                                  
00004c8d  strlen                                   
20000568  u32FirstRelease_EEPROM                   


GLOBAL SYMBOLS: SORTED BY Symbol Address 

address   name                                     
-------   ----                                     
00000000  __TI_static_base__                       
00000000  g_pfnVectors                             
00000258  __STACK_SIZE                             
000002b9  EF_v_ConvertRTC                          
00000379  EF_v_WriteCatDetailsInEEPROM             
00000431  EF_v_GetCatDetalisFromEEPROM             
00000519  EF_v_UI_OperationTask                    
00000c39  EF_void_UserInterface_Init               
00000e71  EF_v_UI_SystemStates                     
000020a1  EF_u16_UI_ParseUartBuffer                
00002245  TimerIntClear                            
00002249  EF_void_UART_Init                        
00002399  EF_BOOLEAN_UART_GetChar                  
00002419  readFromUART                             
00002481  getAvailableDataCountOnUART              
000024a9  EF_BOOLEAN_UART_GetArray                 
00002579  EF_BOOLEAN_UART_PutChar                  
00002601  EF_u8_UART_WaitChar                      
00002629  EF_void_UART_PutChar                     
00002651  EF_void_UART_SendArray                   
000026a1  EF_void_UART_SendU16                     
000026d9  EF_void_UART_SendU32                     
00002719  EF_void_UART_HextoASCII                  
000027b1  getIsArduinoRXBufferEmptyFlag            
000027b9  setIsArduinoRXBufferEmptyFlag            
000027d1  getIsArduinoRXBufferOverFlowedFlag       
000027d9  setIsArduinoRXBufferOverFlowedFlag       
000027f1  ISR_UART_SCREEN                          
000028a1  ConvertToFloat_Kg                        
000029d1  float_ConvertToInt_Grams                 
00002a99  EF_BOOLEAN_SCALE_ReadUntilExpectedKeyword
00002be1  EF_BOOLEAN_Scale_Init                    
00002c11  EF_BOOLEAN_Scale_Set_Zeroing             
00002c69  EF_BOOLEAN_Scale_Get_Gross_Weight        
00002ce1  B_Scale_Get_Stable_Weight_raw            
00002cf1  EF_BOOLEAN_Scale_Get_Stable_Weight       
00002d79  B_Scale_Get_Increased_Resolution_Weight  
00002d89  B_Scale_Get_Indicated_Weight             
00002d99  B_Scale_Get_All_Weight                   
00002da9  B_Scale_Get_Count                        
00002db9  B_Scale_Get_Status                       
00002dc9  s16_Scale_Apply_Tare                     
00002dd9  B_Scale_Clear_Tare_Memory                
00002de9  ISR_Scale_GetStableWeigth                
00002e95  UARTIntClear                             
00002e99  UARTStdioConfig                          
00002ef9  UARTwrite                                
00002f51  UARTgets                                 
00003021  UARTgetc                                 
00003059  UARTvprintf                              
00003391  UARTprintf                               
000033c5  _system_pre_init                         
000033d1  EF_void_TimerDelete                      
00003421  EF_void_TimerInit                        
00003461  EF_void_TimerCreate                      
000034c1  EF_void_TimersUpdate                     
00003559  EF_BOOLEAN_TimerCheck                    
00003599  EF_BOOLEAN_Timer_IsTimedOut              
000035b9  EF_void_TimerStart                       
000035e9  EF_u8_TimerIsEnabled                     
00003609  EF_void_TimerChangeTimeOut               
00003629  EF_u32_TimerGetCounterValue              
00003649  EF_void_TimerStop                        
00003679  EF_void_TimerReset                       
00003699  EF_void_Timer_TurnOff                    
000036e9  EF_void_PrintMenus_CalWeightShow         
00003731  EF_void_PrintMenus_CalEditPosNeg         
00003771  EF_void_PrintOperation                   
000037f1  EF_void_PrintMenus_DisplayPhoto          
00003839  EF_void_PrintMenus_SendValue             
000038e1  EF_void_PrintMenus_RequestValue          
00003949  EF_void_PrintMenus_GetRtc                
00003981  EF_void_PrintMenus_OperationWithZeroing  
000039af  __aeabi_dsub                             
000039b9  __aeabi_dadd                             
00003b65  __aeabi_ddiv                             
00003c9b  GPIOPadConfigSet                         
00003dcd  __aeabi_idiv0                            
00003dcf  __mpu_init                               
00003dd1  initClk                                  
00003de9  stopWDT                                  
00003df1  registerInterruptHandler                 
00003e09  CC3100_disable                           
00003e21  CC3100_enable                            
00003e39  CC3100_InterruptEnable                   
00003e49  CC3100_InterruptDisable                  
00003e59  MaskIntHdlr                              
00003e61  UnMaskIntHdlr                            
00003e69  Delay                                    
00003e91  GPIOB_intHandler                         
00003ec1  UART1_intHandler                         
00003ef9  SysCtlClockGet                           
00004009  __aeabi_dmul                             
00004105  SysCtlClockSet                           
000041f9  EEPROMProgram                            
000042bd  _system_post_cinit                       
000042c1  EF_BOOLEAN_BarCodeScanner_Init           
000042d9  EF_BOOLEAN_BarCodeScanner_ReadData       
00004385  __aeabi_memcpy                           
00004385  __aeabi_memcpy4                          
00004385  __aeabi_memcpy8                          
00004385  memcpy                                   
00004421  EF_void_Timer_PORTinit                   
00004479  EF_void_Timer_SetISRCallBack             
00004489  EF_void_Timer_RemoveTimerISRCallBack     
00004491  Timer_W0_ISR                             
000044b9  EF_BOOLEAN_EEPROM_Init                   
000044d1  EF_BOOLEAN_EEPROM_WriteNBytes            
000044f9  EF_BOOLEAN_EEPROM_ReadNBytes             
00004531  EF_BOOLEAN_EEPROM_Erase                  
00004545  __aeabi_memclr                           
00004545  __aeabi_memclr4                          
00004545  __aeabi_memclr8                          
00004547  __aeabi_memset                           
00004547  __aeabi_memset4                          
00004547  __aeabi_memset8                          
0000454d  memset                                   
000045c1  __TI_auto_init                           
00004631  __aeabi_d2f                              
000046a1  IntEnable                                
00004709  __TI_decompress_lzss                     
00004771  TimerConfigure                           
000047d1  EEPROMMassErase                          
00004825  _c_int00                                 
00004879  C$$EXIT                                  
0000487d  abort                                    
00004885  exit                                     
000048cd  SysCtlPeripheralReset                    
0000491d  copy_in                                  
00004969  _delay_ms                                
00004991  _delay_us                                
000049b5  GPIOPinConfigure                         
000049fd  UARTConfigSetExpClk                      
00004a45  EEPROMInit                               
00004a85  __aeabi_uidiv                            
00004a85  __aeabi_uidivmod                         
00004b01  EEPROMRead                               
00004b39  SysCtlPeripheralEnable                   
00004ba1  GPIODirModeSet                           
00004bcd  UARTDisable                              
00004bed  __aeabi_ui2d                             
00004c11  main                                     
00004c31  ResetISR                                 
00004c4d  _args_main                               
00004c65  UARTEnable                               
00004c79  _register_unlock                         
00004c7f  _register_lock                           
00004c87  _nop                                     
00004c8d  strlen                                   
00004ca1  GPIOPinTypeUART                          
00004cb3  TimerLoadSet                             
00004cc5  TimerPrescaleSet                         
00004cd9  FPUEnable                                
00004ce9  FPULazyStackingEnable                    
00004cf9  IntMasterEnable                          
00004d19  GPIOIntDisable                           
00004d27  GPIOIntStatus                            
00004d35  TimerEnable                              
00004d43  UARTCharGetNonBlocking                   
00004d51  UARTCharPutNonBlocking                   
00004d5f  UARTCharsAvail                           
00004d6d  UARTSpaceAvail                           
00004d7b  __TI_decompress_none                     
00004d89  CPUcpsie                                 
00004d95  GPIOIntEnable                            
00004da1  __TI_zero_init                           
00004dad  UARTCharGet                              
00004db7  UARTCharPut                              
00004dc1  UARTIntStatus                            
00004dcb  TimerIntEnable                           
00004dd3  UARTIntEnable                            
00004ddb  UARTRxErrorGet                           
00004de3  GPIOIntClear                             
00004de9  SysCtlDelay                              
00004def  UARTClockSourceSet                       
00004df4  UART_PinConfiguration_Array              
00005008  GPIO_SystCtlClock_Array                  
00005020  UART_SystCtlClock_Array                  
000050ec  __TI_Handler_Table_Base                  
000050f8  __TI_Handler_Table_Limit                 
00005100  __TI_CINIT_Base                          
00005110  __TI_CINIT_Limit                         
20000000  CategoryStruct                           
200002f6  Time_StartAnalysis                       
200002fb  Time_TillNowAnalysis                     
20000304  IntIsMasked                              
20000305  isArduinoRXBufferEmpty                   
20000306  isArduinoRXBufferOverFlowed              
20000308  __stack                                  
20000508  __STACK_TOP                              
20000560  __STACK_END                              
20000560  gu8OperSwitchStatus                      
20000561  gu8PatchAnalysisFlag                     
20000562  bScaleError                              
20000564  gU32MaxCatogriesNumber                   
20000568  u32FirstRelease_EEPROM                   
2000056c  gU8BarCodeUartInit_FirstTime             
2000056d  gU8StopOperations_Flag                   
200005b0  AnalysisPatch                            
200005c8  AnalysisSystem                           
200005e0  ParametersStr                            
200005f4  BarCodeUart_cfg                          
20000604  ScaleUart_cfg                            
20000624  __TI_cleanup_ptr                         
20000628  __TI_dtors_ptr                           
2000062c  __TI_enable_exit_profile_output          
20000630  gCounterEvery_3Hours                     
20000634  gU32CounterExpired_3Months               
20000638  FirstReleaseFlag                         
20000648  _lock                                    
2000064c  _unlock                                  
20000650  gStableWeightFlag                        
20000654  gStableWeight_ISR                        
20000660  pIrqEventHandler                         
20000664  main_func_sp                             
ffffffff  __TI_pprof_out_hndl                      
ffffffff  __TI_prof_data_size                      
ffffffff  __TI_prof_data_start                     
ffffffff  __binit__                                
ffffffff  __c_args__                               
ffffffff  binit                                    
UNDEFED   SHT$$INIT_ARRAY$$Base                    
UNDEFED   SHT$$INIT_ARRAY$$Limit                   

[223 symbols]
