<?xml version="1.0"?>
<link_info>
   <banner>TI ARM Linker PC v16.9.0.LTS</banner>
   <copyright>Copyright (c) 1996-2015 Texas Instruments Incorporated</copyright>
   <link_time>0x58777819</link_time>
   <link_errors>0x0</link_errors>
   <output_file>getting_started_with_wlan_station.out</output_file>
   <entry_point>
      <name>_c_int00</name>
      <address>0x651d</address>
   </entry_point>
   <input_file_list>
      <input_file id="fl-2">
         <path>.\</path>
         <kind>object</kind>
         <file>main.obj</file>
         <name>main.obj</name>
      </input_file>
      <input_file id="fl-3">
         <path>.\</path>
         <kind>object</kind>
         <file>tm4c123gh6pm_startup_ccs.obj</file>
         <name>tm4c123gh6pm_startup_ccs.obj</name>
      </input_file>
      <input_file id="fl-4">
         <path>.\board\</path>
         <kind>object</kind>
         <file>board.obj</file>
         <name>board.obj</name>
      </input_file>
      <input_file id="fl-5">
         <path>.\cli_uart\</path>
         <kind>object</kind>
         <file>cli_uart.obj</file>
         <name>cli_uart.obj</name>
      </input_file>
      <input_file id="fl-6">
         <path>.\simplelink\source\</path>
         <kind>object</kind>
         <file>device.obj</file>
         <name>device.obj</name>
      </input_file>
      <input_file id="fl-7">
         <path>.\simplelink\source\</path>
         <kind>object</kind>
         <file>driver.obj</file>
         <name>driver.obj</name>
      </input_file>
      <input_file id="fl-8">
         <path>.\simplelink\source\</path>
         <kind>object</kind>
         <file>flowcont.obj</file>
         <name>flowcont.obj</name>
      </input_file>
      <input_file id="fl-9">
         <path>.\simplelink\source\</path>
         <kind>object</kind>
         <file>fs.obj</file>
         <name>fs.obj</name>
      </input_file>
      <input_file id="fl-a">
         <path>.\simplelink\source\</path>
         <kind>object</kind>
         <file>netapp.obj</file>
         <name>netapp.obj</name>
      </input_file>
      <input_file id="fl-b">
         <path>.\simplelink\source\</path>
         <kind>object</kind>
         <file>netcfg.obj</file>
         <name>netcfg.obj</name>
      </input_file>
      <input_file id="fl-c">
         <path>.\simplelink\source\</path>
         <kind>object</kind>
         <file>nonos.obj</file>
         <name>nonos.obj</name>
      </input_file>
      <input_file id="fl-d">
         <path>.\simplelink\source\</path>
         <kind>object</kind>
         <file>socket.obj</file>
         <name>socket.obj</name>
      </input_file>
      <input_file id="fl-e">
         <path>.\simplelink\source\</path>
         <kind>object</kind>
         <file>spawn.obj</file>
         <name>spawn.obj</name>
      </input_file>
      <input_file id="fl-f">
         <path>.\simplelink\source\</path>
         <kind>object</kind>
         <file>wlan.obj</file>
         <name>wlan.obj</name>
      </input_file>
      <input_file id="fl-10">
         <path>.\spi\</path>
         <kind>object</kind>
         <file>spi.obj</file>
         <name>spi.obj</name>
      </input_file>
      <input_file id="fl-11">
         <path>.\uart\</path>
         <kind>object</kind>
         <file>uart.obj</file>
         <name>uart.obj</name>
      </input_file>
      <input_file id="fl-cc">
         <path>C:\ti\ccsv7\tools\compiler\ti-cgt-arm_16.9.0.LTS\lib\</path>
         <kind>archive</kind>
         <file>rtsv7M4_T_le_v4SPD16_eabi.lib</file>
         <name>boot.obj</name>
      </input_file>
      <input_file id="fl-cd">
         <path>C:\ti\ccsv7\tools\compiler\ti-cgt-arm_16.9.0.LTS\lib\</path>
         <kind>archive</kind>
         <file>rtsv7M4_T_le_v4SPD16_eabi.lib</file>
         <name>copy_decompress_lzss.obj</name>
      </input_file>
      <input_file id="fl-ce">
         <path>C:\ti\ccsv7\tools\compiler\ti-cgt-arm_16.9.0.LTS\lib\</path>
         <kind>archive</kind>
         <file>rtsv7M4_T_le_v4SPD16_eabi.lib</file>
         <name>copy_decompress_none.obj</name>
      </input_file>
      <input_file id="fl-cf">
         <path>C:\ti\ccsv7\tools\compiler\ti-cgt-arm_16.9.0.LTS\lib\</path>
         <kind>archive</kind>
         <file>rtsv7M4_T_le_v4SPD16_eabi.lib</file>
         <name>copy_zero_init.obj</name>
      </input_file>
      <input_file id="fl-d0">
         <path>C:\ti\ccsv7\tools\compiler\ti-cgt-arm_16.9.0.LTS\lib\</path>
         <kind>archive</kind>
         <file>rtsv7M4_T_le_v4SPD16_eabi.lib</file>
         <name>exit.obj</name>
      </input_file>
      <input_file id="fl-d1">
         <path>C:\ti\ccsv7\tools\compiler\ti-cgt-arm_16.9.0.LTS\lib\</path>
         <kind>archive</kind>
         <file>rtsv7M4_T_le_v4SPD16_eabi.lib</file>
         <name>memcpy_t2.obj</name>
      </input_file>
      <input_file id="fl-d2">
         <path>C:\ti\ccsv7\tools\compiler\ti-cgt-arm_16.9.0.LTS\lib\</path>
         <kind>archive</kind>
         <file>rtsv7M4_T_le_v4SPD16_eabi.lib</file>
         <name>memset_t2.obj</name>
      </input_file>
      <input_file id="fl-d3">
         <path>C:\ti\ccsv7\tools\compiler\ti-cgt-arm_16.9.0.LTS\lib\</path>
         <kind>archive</kind>
         <file>rtsv7M4_T_le_v4SPD16_eabi.lib</file>
         <name>mpu_init.obj</name>
      </input_file>
      <input_file id="fl-d4">
         <path>C:\ti\ccsv7\tools\compiler\ti-cgt-arm_16.9.0.LTS\lib\</path>
         <kind>archive</kind>
         <file>rtsv7M4_T_le_v4SPD16_eabi.lib</file>
         <name>pre_init.obj</name>
      </input_file>
      <input_file id="fl-d5">
         <path>C:\ti\ccsv7\tools\compiler\ti-cgt-arm_16.9.0.LTS\lib\</path>
         <kind>archive</kind>
         <file>rtsv7M4_T_le_v4SPD16_eabi.lib</file>
         <name>stkdepth_vars.obj</name>
      </input_file>
      <input_file id="fl-d6">
         <path>C:\ti\ccsv7\tools\compiler\ti-cgt-arm_16.9.0.LTS\lib\</path>
         <kind>archive</kind>
         <file>rtsv7M4_T_le_v4SPD16_eabi.lib</file>
         <name>strlen.obj</name>
      </input_file>
      <input_file id="fl-d7">
         <path>C:\ti\ccsv7\tools\compiler\ti-cgt-arm_16.9.0.LTS\lib\</path>
         <kind>archive</kind>
         <file>rtsv7M4_T_le_v4SPD16_eabi.lib</file>
         <name>_lock.obj</name>
      </input_file>
      <input_file id="fl-d8">
         <path>C:\ti\ccsv7\tools\compiler\ti-cgt-arm_16.9.0.LTS\lib\</path>
         <kind>archive</kind>
         <file>rtsv7M4_T_le_v4SPD16_eabi.lib</file>
         <name>args_main.obj</name>
      </input_file>
      <input_file id="fl-d9">
         <path>C:\ti\ccsv7\tools\compiler\ti-cgt-arm_16.9.0.LTS\lib\</path>
         <kind>archive</kind>
         <file>rtsv7M4_T_le_v4SPD16_eabi.lib</file>
         <name>autoinit.obj</name>
      </input_file>
      <input_file id="fl-da">
         <path>C:\ti\ccsv7\tools\compiler\ti-cgt-arm_16.9.0.LTS\lib\</path>
         <kind>archive</kind>
         <file>rtsv7M4_T_le_v4SPD16_eabi.lib</file>
         <name>cpy_tbl.obj</name>
      </input_file>
      <input_file id="fl-db">
         <path>C:\ti\ccsv7\tools\compiler\ti-cgt-arm_16.9.0.LTS\lib\</path>
         <kind>archive</kind>
         <file>rtsv7M4_T_le_v4SPD16_eabi.lib</file>
         <name>startup.obj</name>
      </input_file>
      <input_file id="fl-dc">
         <path>C:\ti\TivaWare_C_Series-2.1.0.12573\driverlib\ccs\Debug\</path>
         <kind>archive</kind>
         <file>driverlib.lib</file>
         <name>fpu.obj</name>
      </input_file>
      <input_file id="fl-dd">
         <path>C:\ti\TivaWare_C_Series-2.1.0.12573\driverlib\ccs\Debug\</path>
         <kind>archive</kind>
         <file>driverlib.lib</file>
         <name>gpio.obj</name>
      </input_file>
      <input_file id="fl-de">
         <path>C:\ti\TivaWare_C_Series-2.1.0.12573\driverlib\ccs\Debug\</path>
         <kind>archive</kind>
         <file>driverlib.lib</file>
         <name>interrupt.obj</name>
      </input_file>
      <input_file id="fl-df">
         <path>C:\ti\TivaWare_C_Series-2.1.0.12573\driverlib\ccs\Debug\</path>
         <kind>archive</kind>
         <file>driverlib.lib</file>
         <name>ssi.obj</name>
      </input_file>
      <input_file id="fl-e0">
         <path>C:\ti\TivaWare_C_Series-2.1.0.12573\driverlib\ccs\Debug\</path>
         <kind>archive</kind>
         <file>driverlib.lib</file>
         <name>sysctl.obj</name>
      </input_file>
      <input_file id="fl-e1">
         <path>C:\ti\TivaWare_C_Series-2.1.0.12573\driverlib\ccs\Debug\</path>
         <kind>archive</kind>
         <file>driverlib.lib</file>
         <name>uart.obj</name>
      </input_file>
      <input_file id="fl-e2">
         <path>C:\ti\TivaWare_C_Series-2.1.0.12573\driverlib\ccs\Debug\</path>
         <kind>archive</kind>
         <file>driverlib.lib</file>
         <name>cpu.obj</name>
      </input_file>
   </input_file_list>
   <object_component_list>
      <object_component id="oc-f">
         <name>.intvecs</name>
         <load_address>0x0</load_address>
         <run_address>0x0</run_address>
         <size>0x26c</size>
         <input_file_ref idref="fl-3"/>
      </object_component>
      <object_component id="oc-1ca">
         <name>.text</name>
         <load_address>0x270</load_address>
         <run_address>0x270</run_address>
         <size>0x1e5c</size>
         <input_file_ref idref="fl-7"/>
      </object_component>
      <object_component id="oc-b0">
         <name>.text:UARTIntClear</name>
         <load_address>0x20cc</load_address>
         <run_address>0x20cc</run_address>
         <size>0x4</size>
         <input_file_ref idref="fl-e1"/>
      </object_component>
      <object_component id="oc-357">
         <name>.text</name>
         <load_address>0x20d0</load_address>
         <run_address>0x20d0</run_address>
         <size>0xef0</size>
         <input_file_ref idref="fl-d"/>
      </object_component>
      <object_component id="oc-14e">
         <name>.text</name>
         <load_address>0x2fc0</load_address>
         <run_address>0x2fc0</run_address>
         <size>0xcd4</size>
         <input_file_ref idref="fl-f"/>
      </object_component>
      <object_component id="oc-63">
         <name>.text</name>
         <load_address>0x3c94</load_address>
         <run_address>0x3c94</run_address>
         <size>0x4</size>
         <input_file_ref idref="fl-d4"/>
      </object_component>
      <object_component id="oc-15a">
         <name>.text</name>
         <load_address>0x3c98</load_address>
         <run_address>0x3c98</run_address>
         <size>0xb9c</size>
         <input_file_ref idref="fl-a"/>
      </object_component>
      <object_component id="oc-5d">
         <name>.text</name>
         <load_address>0x4834</load_address>
         <run_address>0x4834</run_address>
         <size>0x2</size>
         <input_file_ref idref="fl-d3"/>
      </object_component>
      <object_component id="oc-e7">
         <name>.text</name>
         <load_address>0x4836</load_address>
         <run_address>0x4836</run_address>
         <size>0x2</size>
         <input_file_ref idref="fl-db"/>
      </object_component>
      <object_component id="oc-ef">
         <name>.text</name>
         <load_address>0x4838</load_address>
         <run_address>0x4838</run_address>
         <size>0xa60</size>
         <input_file_ref idref="fl-2"/>
      </object_component>
      <object_component id="oc-142">
         <name>.text</name>
         <load_address>0x5298</load_address>
         <run_address>0x5298</run_address>
         <size>0x54c</size>
         <input_file_ref idref="fl-6"/>
      </object_component>
      <object_component id="oc-1d0">
         <name>.text</name>
         <load_address>0x57e8</load_address>
         <run_address>0x57e8</run_address>
         <size>0x228</size>
         <input_file_ref idref="fl-10"/>
      </object_component>
      <object_component id="oc-148">
         <name>.text</name>
         <load_address>0x5a10</load_address>
         <run_address>0x5a10</run_address>
         <size>0x17c</size>
         <input_file_ref idref="fl-c"/>
      </object_component>
      <object_component id="oc-154">
         <name>.text</name>
         <load_address>0x5b90</load_address>
         <run_address>0x5b90</run_address>
         <size>0x14c</size>
         <input_file_ref idref="fl-b"/>
      </object_component>
      <object_component id="oc-2a2">
         <name>.text:GPIOPadConfigSet</name>
         <load_address>0x5cdc</load_address>
         <run_address>0x5cdc</run_address>
         <size>0x132</size>
         <input_file_ref idref="fl-dd"/>
      </object_component>
      <object_component id="oc-139">
         <name>.text</name>
         <load_address>0x5e10</load_address>
         <run_address>0x5e10</run_address>
         <size>0x12c</size>
         <input_file_ref idref="fl-5"/>
      </object_component>
      <object_component id="oc-31">
         <name>.text</name>
         <load_address>0x5f40</load_address>
         <run_address>0x5f40</run_address>
         <size>0x128</size>
         <input_file_ref idref="fl-4"/>
      </object_component>
      <object_component id="oc-2ae">
         <name>.text:SysCtlClockGet</name>
         <load_address>0x6068</load_address>
         <run_address>0x6068</run_address>
         <size>0x110</size>
         <input_file_ref idref="fl-e0"/>
      </object_component>
      <object_component id="oc-8c">
         <name>.text:SysCtlClockSet</name>
         <load_address>0x6178</load_address>
         <run_address>0x6178</run_address>
         <size>0xf4</size>
         <input_file_ref idref="fl-e0"/>
      </object_component>
      <object_component id="oc-45">
         <name>.text</name>
         <load_address>0x626c</load_address>
         <run_address>0x626c</run_address>
         <size>0x9c</size>
         <input_file_ref idref="fl-d1"/>
      </object_component>
      <object_component id="oc-51">
         <name>.text</name>
         <load_address>0x6308</load_address>
         <run_address>0x6308</run_address>
         <size>0x7a</size>
         <input_file_ref idref="fl-d2"/>
      </object_component>
      <object_component id="oc-69">
         <name>.text</name>
         <load_address>0x6384</load_address>
         <run_address>0x6384</run_address>
         <size>0x70</size>
         <input_file_ref idref="fl-d9"/>
      </object_component>
      <object_component id="oc-2cc">
         <name>.text:IntEnable</name>
         <load_address>0x63f4</load_address>
         <run_address>0x63f4</run_address>
         <size>0x68</size>
         <input_file_ref idref="fl-de"/>
      </object_component>
      <object_component id="oc-12">
         <name>.text:decompress:lzss</name>
         <load_address>0x645c</load_address>
         <run_address>0x645c</run_address>
         <size>0x68</size>
         <input_file_ref idref="fl-cd"/>
      </object_component>
      <object_component id="oc-2c6">
         <name>.text:GPIOIntTypeSet</name>
         <load_address>0x64c4</load_address>
         <run_address>0x64c4</run_address>
         <size>0x56</size>
         <input_file_ref idref="fl-dd"/>
      </object_component>
      <object_component id="oc-24">
         <name>.text</name>
         <load_address>0x651c</load_address>
         <run_address>0x651c</run_address>
         <size>0x54</size>
         <input_file_ref idref="fl-cc"/>
      </object_component>
      <object_component id="oc-75">
         <name>.text</name>
         <load_address>0x6570</load_address>
         <run_address>0x6570</run_address>
         <size>0x54</size>
         <input_file_ref idref="fl-d0"/>
      </object_component>
      <object_component id="oc-e1">
         <name>.text</name>
         <load_address>0x65c4</load_address>
         <run_address>0x65c4</run_address>
         <size>0x4c</size>
         <input_file_ref idref="fl-da"/>
      </object_component>
      <object_component id="oc-1be">
         <name>.text:GPIOPinConfigure</name>
         <load_address>0x6610</load_address>
         <run_address>0x6610</run_address>
         <size>0x48</size>
         <input_file_ref idref="fl-dd"/>
      </object_component>
      <object_component id="oc-2b4">
         <name>.text:SSIConfigSetExpClk</name>
         <load_address>0x6658</load_address>
         <run_address>0x6658</run_address>
         <size>0x3c</size>
         <input_file_ref idref="fl-df"/>
      </object_component>
      <object_component id="oc-29c">
         <name>.text:SysCtlPeripheralEnable</name>
         <load_address>0x6694</load_address>
         <run_address>0x6694</run_address>
         <size>0x34</size>
         <input_file_ref idref="fl-e0"/>
      </object_component>
      <object_component id="oc-361">
         <name>.text:GPIODirModeSet</name>
         <load_address>0x66c8</load_address>
         <run_address>0x66c8</run_address>
         <size>0x2a</size>
         <input_file_ref idref="fl-dd"/>
      </object_component>
      <object_component id="oc-a4">
         <name>.text:GPIOIntClear</name>
         <load_address>0x66f2</load_address>
         <run_address>0x66f2</run_address>
         <size>0x6</size>
         <input_file_ref idref="fl-dd"/>
      </object_component>
      <object_component id="oc-2b">
         <name>.text</name>
         <load_address>0x66f8</load_address>
         <run_address>0x66f8</run_address>
         <size>0x1a</size>
         <input_file_ref idref="fl-3"/>
      </object_component>
      <object_component id="oc-6f">
         <name>.text</name>
         <load_address>0x6714</load_address>
         <run_address>0x6714</run_address>
         <size>0x18</size>
         <input_file_ref idref="fl-d8"/>
      </object_component>
      <object_component id="oc-189">
         <name>.text</name>
         <load_address>0x672c</load_address>
         <run_address>0x672c</run_address>
         <size>0x14</size>
         <input_file_ref idref="fl-d7"/>
      </object_component>
      <object_component id="oc-1b8">
         <name>.text</name>
         <load_address>0x6740</load_address>
         <run_address>0x6740</run_address>
         <size>0x14</size>
         <input_file_ref idref="fl-d6"/>
      </object_component>
      <object_component id="oc-2c0">
         <name>.text:GPIOPinTypeGPIOInput</name>
         <load_address>0x6754</load_address>
         <run_address>0x6754</run_address>
         <size>0x12</size>
         <input_file_ref idref="fl-dd"/>
      </object_component>
      <object_component id="oc-2a8">
         <name>.text:GPIOPinTypeSSI</name>
         <load_address>0x6766</load_address>
         <run_address>0x6766</run_address>
         <size>0x12</size>
         <input_file_ref idref="fl-dd"/>
      </object_component>
      <object_component id="oc-2e4">
         <name>.text:SSIDataGetNonBlocking</name>
         <load_address>0x6778</load_address>
         <run_address>0x6778</run_address>
         <size>0x12</size>
         <input_file_ref idref="fl-df"/>
      </object_component>
      <object_component id="oc-80">
         <name>.text:FPUEnable</name>
         <load_address>0x678c</load_address>
         <run_address>0x678c</run_address>
         <size>0x10</size>
         <input_file_ref idref="fl-dc"/>
      </object_component>
      <object_component id="oc-86">
         <name>.text:FPULazyStackingEnable</name>
         <load_address>0x679c</load_address>
         <run_address>0x679c</run_address>
         <size>0x10</size>
         <input_file_ref idref="fl-dc"/>
      </object_component>
      <object_component id="oc-2d2">
         <name>.text:IntMasterEnable</name>
         <load_address>0x67ac</load_address>
         <run_address>0x67ac</run_address>
         <size>0x10</size>
         <input_file_ref idref="fl-de"/>
      </object_component>
      <object_component id="oc-98">
         <name>.text:GPIOIntDisable</name>
         <load_address>0x67bc</load_address>
         <run_address>0x67bc</run_address>
         <size>0xe</size>
         <input_file_ref idref="fl-dd"/>
      </object_component>
      <object_component id="oc-9e">
         <name>.text:GPIOIntStatus</name>
         <load_address>0x67ca</load_address>
         <run_address>0x67ca</run_address>
         <size>0xe</size>
         <input_file_ref idref="fl-dd"/>
      </object_component>
      <object_component id="oc-2de">
         <name>.text:SSIDataPutNonBlocking</name>
         <load_address>0x67d8</load_address>
         <run_address>0x67d8</run_address>
         <size>0xe</size>
         <input_file_ref idref="fl-df"/>
      </object_component>
      <object_component id="oc-18">
         <name>.text:decompress:none</name>
         <load_address>0x67e6</load_address>
         <run_address>0x67e6</run_address>
         <size>0xe</size>
         <input_file_ref idref="fl-ce"/>
      </object_component>
      <object_component id="oc-376">
         <name>.text:CPUcpsie</name>
         <load_address>0x67f4</load_address>
         <run_address>0x67f4</run_address>
         <size>0xc</size>
         <input_file_ref idref="fl-e2"/>
      </object_component>
      <object_component id="oc-92">
         <name>.text:GPIOIntEnable</name>
         <load_address>0x6800</load_address>
         <run_address>0x6800</run_address>
         <size>0xc</size>
         <input_file_ref idref="fl-dd"/>
      </object_component>
      <object_component id="oc-1e">
         <name>.text:decompress:ZI</name>
         <load_address>0x680c</load_address>
         <run_address>0x680c</run_address>
         <size>0xc</size>
         <input_file_ref idref="fl-cf"/>
      </object_component>
      <object_component id="oc-2ba">
         <name>.text:SSIEnable</name>
         <load_address>0x6818</load_address>
         <run_address>0x6818</run_address>
         <size>0xa</size>
         <input_file_ref idref="fl-df"/>
      </object_component>
      <object_component id="oc-aa">
         <name>.text:UARTIntStatus</name>
         <load_address>0x6822</load_address>
         <run_address>0x6822</run_address>
         <size>0xa</size>
         <input_file_ref idref="fl-e1"/>
      </object_component>
      <object_component id="oc-2ea">
         <name>.text:SSIBusy</name>
         <load_address>0x682c</load_address>
         <run_address>0x682c</run_address>
         <size>0x8</size>
         <input_file_ref idref="fl-df"/>
      </object_component>
      <object_component id="oc-2d8">
         <name>.text:GPIOPinWrite</name>
         <load_address>0x6834</load_address>
         <run_address>0x6834</run_address>
         <size>0x6</size>
         <input_file_ref idref="fl-dd"/>
      </object_component>
      <object_component id="oc-104">
         <name>.text:SysCtlDelay</name>
         <load_address>0x683a</load_address>
         <run_address>0x683a</run_address>
         <size>0x6</size>
         <input_file_ref idref="fl-e0"/>
      </object_component>
      <object_component id="oc-27d">
         <name>.const:g_pui32GPIOBaseAddrs</name>
         <load_address>0x6840</load_address>
         <run_address>0x6840</run_address>
         <size>0x90</size>
         <input_file_ref idref="fl-dd"/>
      </object_component>
      <object_component id="oc-371">
         <name>.const</name>
         <load_address>0x68d0</load_address>
         <run_address>0x68d0</run_address>
         <size>0x70</size>
         <input_file_ref idref="fl-de"/>
      </object_component>
      <object_component id="oc-368">
         <name>.const:g_pui32Xtals</name>
         <load_address>0x6940</load_address>
         <run_address>0x6940</run_address>
         <size>0x6c</size>
         <input_file_ref idref="fl-e0"/>
      </object_component>
      <object_component id="oc-28a">
         <name>.const:OpcodeTranslateTable</name>
         <load_address>0x69ac</load_address>
         <run_address>0x69ac</run_address>
         <size>0x3c</size>
         <input_file_ref idref="fl-7"/>
      </object_component>
      <object_component id="oc-293">
         <name>.const:_SlActionLookupTable</name>
         <load_address>0x69e8</load_address>
         <run_address>0x69e8</run_address>
         <size>0x38</size>
         <input_file_ref idref="fl-7"/>
      </object_component>
      <object_component id="oc-160">
         <name>.const:$P$T0$1</name>
         <load_address>0x6a20</load_address>
         <run_address>0x6a20</run_address>
         <size>0x2c</size>
         <input_file_ref idref="fl-2"/>
      </object_component>
      <object_component id="oc-169">
         <name>.const:$P$T3$4</name>
         <load_address>0x6a4c</load_address>
         <run_address>0x6a4c</run_address>
         <size>0x20</size>
         <input_file_ref idref="fl-2"/>
      </object_component>
      <object_component id="oc-16f">
         <name>.const:$P$T5$6</name>
         <load_address>0x6a6c</load_address>
         <run_address>0x6a6c</run_address>
         <size>0x20</size>
         <input_file_ref idref="fl-2"/>
      </object_component>
      <object_component id="oc-28d">
         <name>.const:RxMsgClassLUT</name>
         <load_address>0x6a8c</load_address>
         <run_address>0x6a8c</run_address>
         <size>0x20</size>
         <input_file_ref idref="fl-7"/>
      </object_component>
      <object_component id="oc-163">
         <name>.const:$P$T1$2</name>
         <load_address>0x6aac</load_address>
         <run_address>0x6aac</run_address>
         <size>0x14</size>
         <input_file_ref idref="fl-2"/>
      </object_component>
      <object_component id="oc-16c">
         <name>.const:$P$T4$5</name>
         <load_address>0x6ac0</load_address>
         <run_address>0x6ac0</run_address>
         <size>0x14</size>
         <input_file_ref idref="fl-2"/>
      </object_component>
      <object_component id="oc-172">
         <name>.const:$P$T6$7</name>
         <load_address>0x6ad4</load_address>
         <run_address>0x6ad4</run_address>
         <size>0x14</size>
         <input_file_ref idref="fl-2"/>
      </object_component>
      <object_component id="oc-383">
         <name>.const:.string:_SlPayloadByProtocolLUT</name>
         <load_address>0x6ae8</load_address>
         <run_address>0x6ae8</run_address>
         <size>0x10</size>
         <input_file_ref idref="fl-d"/>
      </object_component>
      <object_component id="oc-166">
         <name>.const:$P$T2$3</name>
         <load_address>0x6af8</load_address>
         <run_address>0x6af8</run_address>
         <size>0xc</size>
         <input_file_ref idref="fl-2"/>
      </object_component>
      <object_component id="oc-1d6">
         <name>.const:StartResponseLUT</name>
         <load_address>0x6b04</load_address>
         <run_address>0x6b04</run_address>
         <size>0x8</size>
         <input_file_ref idref="fl-6"/>
      </object_component>
      <object_component id="oc-290">
         <name>.const:g_H2NCnysPattern</name>
         <load_address>0x6b0c</load_address>
         <run_address>0x6b0c</run_address>
         <size>0x8</size>
         <input_file_ref idref="fl-7"/>
      </object_component>
      <object_component id="oc-287">
         <name>.const:g_H2NSyncPattern</name>
         <load_address>0x6b14</load_address>
         <run_address>0x6b14</run_address>
         <size>0x8</size>
         <input_file_ref idref="fl-7"/>
      </object_component>
      <object_component id="oc-257">
         <name>.const:$P$T0$1</name>
         <load_address>0x6b1c</load_address>
         <run_address>0x6b1c</run_address>
         <size>0x4</size>
         <input_file_ref idref="fl-a"/>
      </object_component>
      <object_component id="oc-38c">
         <name>.const:$P$T0$1</name>
         <load_address>0x6b20</load_address>
         <run_address>0x6b20</run_address>
         <size>0x4</size>
         <input_file_ref idref="fl-d"/>
      </object_component>
      <object_component id="oc-204">
         <name>.const:$P$T0$1</name>
         <load_address>0x6b24</load_address>
         <run_address>0x6b24</run_address>
         <size>0x4</size>
         <input_file_ref idref="fl-f"/>
      </object_component>
      <object_component id="oc-38f">
         <name>.const:$P$T1$2</name>
         <load_address>0x6b28</load_address>
         <run_address>0x6b28</run_address>
         <size>0x4</size>
         <input_file_ref idref="fl-d"/>
      </object_component>
      <object_component id="oc-20d">
         <name>.const:$P$T1$2</name>
         <load_address>0x6b2c</load_address>
         <run_address>0x6b2c</run_address>
         <size>0x4</size>
         <input_file_ref idref="fl-f"/>
      </object_component>
      <object_component id="oc-395">
         <name>.const:$P$T2$3</name>
         <load_address>0x6b30</load_address>
         <run_address>0x6b30</run_address>
         <size>0x4</size>
         <input_file_ref idref="fl-d"/>
      </object_component>
      <object_component id="oc-222">
         <name>.const:$P$T2$3</name>
         <load_address>0x6b34</load_address>
         <run_address>0x6b34</run_address>
         <size>0x4</size>
         <input_file_ref idref="fl-f"/>
      </object_component>
      <object_component id="oc-39e">
         <name>.const:_SlAcceptCmdCtrl</name>
         <load_address>0x6b38</load_address>
         <run_address>0x6b38</run_address>
         <size>0x4</size>
         <input_file_ref idref="fl-d"/>
      </object_component>
      <object_component id="oc-1e8">
         <name>.const:_SlDeviceGetCmdCtrl</name>
         <load_address>0x6b3c</load_address>
         <run_address>0x6b3c</run_address>
         <size>0x4</size>
         <input_file_ref idref="fl-6"/>
      </object_component>
      <object_component id="oc-1eb">
         <name>.const:_SlDeviceSetCmdCtrl</name>
         <load_address>0x6b40</load_address>
         <run_address>0x6b40</run_address>
         <size>0x4</size>
         <input_file_ref idref="fl-6"/>
      </object_component>
      <object_component id="oc-1e5">
         <name>.const:_SlEventMaskGetCmdCtrl</name>
         <load_address>0x6b44</load_address>
         <run_address>0x6b44</run_address>
         <size>0x4</size>
         <input_file_ref idref="fl-6"/>
      </object_component>
      <object_component id="oc-1e2">
         <name>.const:_SlEventMaskSetCmdCtrl</name>
         <load_address>0x6b48</load_address>
         <run_address>0x6b48</run_address>
         <size>0x4</size>
         <input_file_ref idref="fl-6"/>
      </object_component>
      <object_component id="oc-254">
         <name>.const:_SlGetHostByNameCtrl</name>
         <load_address>0x6b4c</load_address>
         <run_address>0x6b4c</run_address>
         <size>0x4</size>
         <input_file_ref idref="fl-a"/>
      </object_component>
      <object_component id="oc-251">
         <name>.const:_SlGetHostByServiceCtrl</name>
         <load_address>0x6b50</load_address>
         <run_address>0x6b50</run_address>
         <size>0x4</size>
         <input_file_ref idref="fl-a"/>
      </object_component>
      <object_component id="oc-24b">
         <name>.const:_SlGetServiceListeCtrl</name>
         <load_address>0x6b54</load_address>
         <run_address>0x6b54</run_address>
         <size>0x4</size>
         <input_file_ref idref="fl-a"/>
      </object_component>
      <object_component id="oc-3a7">
         <name>.const:_SlGetSockOptCmdCtrl</name>
         <load_address>0x6b58</load_address>
         <run_address>0x6b58</run_address>
         <size>0x4</size>
         <input_file_ref idref="fl-d"/>
      </object_component>
      <object_component id="oc-39b">
         <name>.const:_SlListenCmdCtrl</name>
         <load_address>0x6b5c</load_address>
         <run_address>0x6b5c</run_address>
         <size>0x4</size>
         <input_file_ref idref="fl-d"/>
      </object_component>
      <object_component id="oc-260">
         <name>.const:_SlNetAppGetCmdCtrl</name>
         <load_address>0x6b60</load_address>
         <run_address>0x6b60</run_address>
         <size>0x4</size>
         <input_file_ref idref="fl-a"/>
      </object_component>
      <object_component id="oc-25d">
         <name>.const:_SlNetAppSendTokenValueCmdCtrl</name>
         <load_address>0x6b64</load_address>
         <run_address>0x6b64</run_address>
         <size>0x4</size>
         <input_file_ref idref="fl-a"/>
      </object_component>
      <object_component id="oc-25a">
         <name>.const:_SlNetAppSetCmdCtrl</name>
         <load_address>0x6b68</load_address>
         <run_address>0x6b68</run_address>
         <size>0x4</size>
         <input_file_ref idref="fl-a"/>
      </object_component>
      <object_component id="oc-245">
         <name>.const:_SlNetAppStartCtrl</name>
         <load_address>0x6b6c</load_address>
         <run_address>0x6b6c</run_address>
         <size>0x4</size>
         <input_file_ref idref="fl-a"/>
      </object_component>
      <object_component id="oc-248">
         <name>.const:_SlNetAppStopCtrl</name>
         <load_address>0x6b70</load_address>
         <run_address>0x6b70</run_address>
         <size>0x4</size>
         <input_file_ref idref="fl-a"/>
      </object_component>
      <object_component id="oc-23b">
         <name>.const:_SlNetCfgGetCmdCtrl</name>
         <load_address>0x6b74</load_address>
         <run_address>0x6b74</run_address>
         <size>0x4</size>
         <input_file_ref idref="fl-b"/>
      </object_component>
      <object_component id="oc-238">
         <name>.const:_SlNetCfgSetCmdCtrl</name>
         <load_address>0x6b78</load_address>
         <run_address>0x6b78</run_address>
         <size>0x4</size>
         <input_file_ref idref="fl-b"/>
      </object_component>
      <object_component id="oc-20a">
         <name>.const:_SlPolicyGetCmdCtrl</name>
         <load_address>0x6b7c</load_address>
         <run_address>0x6b7c</run_address>
         <size>0x4</size>
         <input_file_ref idref="fl-f"/>
      </object_component>
      <object_component id="oc-207">
         <name>.const:_SlPolicySetCmdCtrl</name>
         <load_address>0x6b80</load_address>
         <run_address>0x6b80</run_address>
         <size>0x4</size>
         <input_file_ref idref="fl-f"/>
      </object_component>
      <object_component id="oc-213">
         <name>.const:_SlProfileDelCmdCtrl</name>
         <load_address>0x6b84</load_address>
         <run_address>0x6b84</run_address>
         <size>0x4</size>
         <input_file_ref idref="fl-f"/>
      </object_component>
      <object_component id="oc-210">
         <name>.const:_SlProfileGetCmdCtrl</name>
         <load_address>0x6b88</load_address>
         <run_address>0x6b88</run_address>
         <size>0x4</size>
         <input_file_ref idref="fl-f"/>
      </object_component>
      <object_component id="oc-3a1">
         <name>.const:_SlRecvCmdCtrl</name>
         <load_address>0x6b8c</load_address>
         <run_address>0x6b8c</run_address>
         <size>0x4</size>
         <input_file_ref idref="fl-d"/>
      </object_component>
      <object_component id="oc-392">
         <name>.const:_SlRecvfomCmdCtrl</name>
         <load_address>0x6b90</load_address>
         <run_address>0x6b90</run_address>
         <size>0x4</size>
         <input_file_ref idref="fl-d"/>
      </object_component>
      <object_component id="oc-24e">
         <name>.const:_SlRegisterServiceCtrl</name>
         <load_address>0x6b94</load_address>
         <run_address>0x6b94</run_address>
         <size>0x4</size>
         <input_file_ref idref="fl-a"/>
      </object_component>
      <object_component id="oc-219">
         <name>.const:_SlRxFilterAddtCmdCtrl</name>
         <load_address>0x6b98</load_address>
         <run_address>0x6b98</run_address>
         <size>0x4</size>
         <input_file_ref idref="fl-f"/>
      </object_component>
      <object_component id="oc-21f">
         <name>.const:_SlRxFilterGetCmdCtrl</name>
         <load_address>0x6b9c</load_address>
         <run_address>0x6b9c</run_address>
         <size>0x4</size>
         <input_file_ref idref="fl-f"/>
      </object_component>
      <object_component id="oc-21c">
         <name>.const:_SlRxFilterSetCmdCtrl</name>
         <load_address>0x6ba0</load_address>
         <run_address>0x6ba0</run_address>
         <size>0x4</size>
         <input_file_ref idref="fl-f"/>
      </object_component>
      <object_component id="oc-3aa">
         <name>.const:_SlSelectCmdCtrl</name>
         <load_address>0x6ba4</load_address>
         <run_address>0x6ba4</run_address>
         <size>0x4</size>
         <input_file_ref idref="fl-d"/>
      </object_component>
      <object_component id="oc-398">
         <name>.const:_SlSendCmdCtrl</name>
         <load_address>0x6ba8</load_address>
         <run_address>0x6ba8</run_address>
         <size>0x4</size>
         <input_file_ref idref="fl-d"/>
      </object_component>
      <object_component id="oc-3a4">
         <name>.const:_SlSetSockOptCmdCtrl</name>
         <load_address>0x6bac</load_address>
         <run_address>0x6bac</run_address>
         <size>0x4</size>
         <input_file_ref idref="fl-d"/>
      </object_component>
      <object_component id="oc-225">
         <name>.const:_SlSmartConfigStartCmdCtrl</name>
         <load_address>0x6bb0</load_address>
         <run_address>0x6bb0</run_address>
         <size>0x4</size>
         <input_file_ref idref="fl-f"/>
      </object_component>
      <object_component id="oc-389">
         <name>.const:_SlSockCloseCmdCtrl</name>
         <load_address>0x6bb4</load_address>
         <run_address>0x6bb4</run_address>
         <size>0x4</size>
         <input_file_ref idref="fl-d"/>
      </object_component>
      <object_component id="oc-386">
         <name>.const:_SlSockSocketCmdCtrl</name>
         <load_address>0x6bb8</load_address>
         <run_address>0x6bb8</run_address>
         <size>0x4</size>
         <input_file_ref idref="fl-d"/>
      </object_component>
      <object_component id="oc-1df">
         <name>.const:_SlStopCmdCtrl</name>
         <load_address>0x6bbc</load_address>
         <run_address>0x6bbc</run_address>
         <size>0x4</size>
         <input_file_ref idref="fl-6"/>
      </object_component>
      <object_component id="oc-22e">
         <name>.const:_SlWlanCfgGetCmdCtrl</name>
         <load_address>0x6bc0</load_address>
         <run_address>0x6bc0</run_address>
         <size>0x4</size>
         <input_file_ref idref="fl-f"/>
      </object_component>
      <object_component id="oc-22b">
         <name>.const:_SlWlanCfgSetCmdCtrl</name>
         <load_address>0x6bc4</load_address>
         <run_address>0x6bc4</run_address>
         <size>0x4</size>
         <input_file_ref idref="fl-f"/>
      </object_component>
      <object_component id="oc-216">
         <name>.const:_SlWlanGetNetworkListCtrl</name>
         <load_address>0x6bc8</load_address>
         <run_address>0x6bc8</run_address>
         <size>0x4</size>
         <input_file_ref idref="fl-f"/>
      </object_component>
      <object_component id="oc-228">
         <name>.const:_SlWlanSetModeCmdCtrl</name>
         <load_address>0x6bcc</load_address>
         <run_address>0x6bcc</run_address>
         <size>0x4</size>
         <input_file_ref idref="fl-f"/>
      </object_component>
      <object_component id="oc-3fd">
         <name>.cinit..data.load</name>
         <load_address>0x6bd0</load_address>
         <run_address>0x6bd0</run_address>
         <size>0x13</size>
      </object_component>
      <object_component id="oc-3fb">
         <name>__TI_handler_table</name>
         <load_address>0x6be4</load_address>
         <run_address>0x6be4</run_address>
         <size>0xc</size>
      </object_component>
      <object_component id="oc-3fe">
         <name>.cinit..bss.load</name>
         <load_address>0x6bf0</load_address>
         <run_address>0x6bf0</run_address>
         <size>0x8</size>
      </object_component>
      <object_component id="oc-3fc">
         <name>__TI_cinit_table</name>
         <load_address>0x6bf8</load_address>
         <run_address>0x6bf8</run_address>
         <size>0x10</size>
      </object_component>
      <object_component id="oc-13f">
         <name>.data</name>
         <load_address>0x20000410</load_address>
         <run_address>0x20000410</run_address>
         <size>0xc</size>
         <input_file_ref idref="fl-2"/>
      </object_component>
      <object_component id="oc-b6">
         <name>.data</name>
         <load_address>0x20000430</load_address>
         <run_address>0x20000430</run_address>
         <size>0x4</size>
         <input_file_ref idref="fl-4"/>
      </object_component>
      <object_component id="oc-1d9">
         <name>.data</name>
         <load_address>0x2000041c</load_address>
         <run_address>0x2000041c</run_address>
         <size>0x9</size>
         <input_file_ref idref="fl-7"/>
      </object_component>
      <object_component id="oc-1ff">
         <name>.data:g__SlNonOsCB</name>
         <load_address>0x200003c8</load_address>
         <run_address>0x200003c8</run_address>
         <size>0x3c</size>
         <input_file_ref idref="fl-c"/>
      </object_component>
      <object_component id="oc-f7">
         <name>.data:$O1$$</name>
         <load_address>0x20000404</load_address>
         <run_address>0x20000404</run_address>
         <size>0xc</size>
         <input_file_ref idref="fl-d0"/>
      </object_component>
      <object_component id="oc-7b">
         <name>.data</name>
         <load_address>0x20000434</load_address>
         <run_address>0x20000434</run_address>
         <size>0x4</size>
         <input_file_ref idref="fl-d5"/>
      </object_component>
      <object_component id="oc-fa">
         <name>.data:$O1$$</name>
         <load_address>0x20000428</load_address>
         <run_address>0x20000428</run_address>
         <size>0x8</size>
         <input_file_ref idref="fl-d7"/>
      </object_component>
      <object_component id="oc-283">
         <name>.bss:g_StatMem</name>
         <uninitialized>true</uninitialized>
         <run_address>0x20000258</run_address>
         <size>0x168</size>
         <input_file_ref idref="fl-7"/>
      </object_component>
      <object_component id="oc-b9">
         <name>.common:IntIsMasked</name>
         <uninitialized>true</uninitialized>
         <run_address>0x200003c4</run_address>
         <size>0x1</size>
      </object_component>
      <object_component id="oc-1c4">
         <name>.common:g_ucUARTBuffer</name>
         <uninitialized>true</uninitialized>
         <run_address>0x200003c0</run_address>
         <size>0x4</size>
      </object_component>
      <object_component id="oc-286">
         <name>.common:RxIrqCnt</name>
         <uninitialized>true</uninitialized>
         <run_address>0x200003c5</run_address>
         <size>0x1</size>
      </object_component>
      <object_component id="oc-1dc">
         <name>.common:g_bDeviceRestartIsRequired</name>
         <uninitialized>true</uninitialized>
         <run_address>0x200003c6</run_address>
         <size>0x1</size>
      </object_component>
      <object_component id="oc-2a">
         <name>.stack</name>
         <uninitialized>true</uninitialized>
         <run_address>0x20000000</run_address>
         <size>0x0</size>
         <input_file_ref idref="fl-cc"/>
      </object_component>
      <object_component id="oc-3ff">
         <name>.stack</name>
         <uninitialized>true</uninitialized>
         <run_address>0x20000000</run_address>
         <size>0x0</size>
      </object_component>
      <object_component id="oc-127">
         <name>.debug_info</name>
         <load_address>0x0</load_address>
         <run_address>0x0</run_address>
         <size>0x895</size>
         <input_file_ref idref="fl-2"/>
      </object_component>
      <object_component id="oc-140">
         <name>.debug_info</name>
         <load_address>0x895</load_address>
         <run_address>0x895</run_address>
         <size>0x147</size>
         <input_file_ref idref="fl-2"/>
      </object_component>
      <object_component id="oc-161">
         <name>.debug_info</name>
         <load_address>0x9dc</load_address>
         <run_address>0x9dc</run_address>
         <size>0xeb</size>
         <input_file_ref idref="fl-2"/>
      </object_component>
      <object_component id="oc-164">
         <name>.debug_info</name>
         <load_address>0xac7</load_address>
         <run_address>0xac7</run_address>
         <size>0xeb</size>
         <input_file_ref idref="fl-2"/>
      </object_component>
      <object_component id="oc-167">
         <name>.debug_info</name>
         <load_address>0xbb2</load_address>
         <run_address>0xbb2</run_address>
         <size>0xeb</size>
         <input_file_ref idref="fl-2"/>
      </object_component>
      <object_component id="oc-16a">
         <name>.debug_info</name>
         <load_address>0xc9d</load_address>
         <run_address>0xc9d</run_address>
         <size>0xeb</size>
         <input_file_ref idref="fl-2"/>
      </object_component>
      <object_component id="oc-16d">
         <name>.debug_info</name>
         <load_address>0xd88</load_address>
         <run_address>0xd88</run_address>
         <size>0xeb</size>
         <input_file_ref idref="fl-2"/>
      </object_component>
      <object_component id="oc-170">
         <name>.debug_info</name>
         <load_address>0xe73</load_address>
         <run_address>0xe73</run_address>
         <size>0xeb</size>
         <input_file_ref idref="fl-2"/>
      </object_component>
      <object_component id="oc-173">
         <name>.debug_info</name>
         <load_address>0xf5e</load_address>
         <run_address>0xf5e</run_address>
         <size>0xeb</size>
         <input_file_ref idref="fl-2"/>
      </object_component>
      <object_component id="oc-f0">
         <name>.debug_info</name>
         <load_address>0x1049</load_address>
         <run_address>0x1049</run_address>
         <size>0xebb</size>
         <input_file_ref idref="fl-2"/>
      </object_component>
      <object_component id="oc-176">
         <name>.debug_info</name>
         <load_address>0x1f04</load_address>
         <run_address>0x1f04</run_address>
         <size>0x46a</size>
         <input_file_ref idref="fl-2"/>
      </object_component>
      <object_component id="oc-1a0">
         <name>.debug_info</name>
         <load_address>0x236e</load_address>
         <run_address>0x236e</run_address>
         <size>0x92</size>
         <input_file_ref idref="fl-2"/>
      </object_component>
      <object_component id="oc-1a7">
         <name>.debug_info</name>
         <load_address>0x2400</load_address>
         <run_address>0x2400</run_address>
         <size>0x87f</size>
         <input_file_ref idref="fl-2"/>
      </object_component>
      <object_component id="oc-118">
         <name>.debug_info</name>
         <load_address>0x2c7f</load_address>
         <run_address>0x2c7f</run_address>
         <size>0x611</size>
         <input_file_ref idref="fl-2"/>
      </object_component>
      <object_component id="oc-17b">
         <name>.debug_info</name>
         <load_address>0x3290</load_address>
         <run_address>0x3290</run_address>
         <size>0x93f</size>
         <input_file_ref idref="fl-2"/>
      </object_component>
      <object_component id="oc-11d">
         <name>.debug_info</name>
         <load_address>0x3bcf</load_address>
         <run_address>0x3bcf</run_address>
         <size>0xc4</size>
         <input_file_ref idref="fl-2"/>
      </object_component>
      <object_component id="oc-122">
         <name>.debug_info</name>
         <load_address>0x3c93</load_address>
         <run_address>0x3c93</run_address>
         <size>0x6c8</size>
         <input_file_ref idref="fl-2"/>
      </object_component>
      <object_component id="oc-40">
         <name>.debug_info</name>
         <load_address>0x435b</load_address>
         <run_address>0x435b</run_address>
         <size>0x84</size>
         <input_file_ref idref="fl-2"/>
      </object_component>
      <object_component id="oc-bd">
         <name>.debug_info</name>
         <load_address>0x43df</load_address>
         <run_address>0x43df</run_address>
         <size>0x2c</size>
         <input_file_ref idref="fl-2"/>
      </object_component>
      <object_component id="oc-c4">
         <name>.debug_info</name>
         <load_address>0x440b</load_address>
         <run_address>0x440b</run_address>
         <size>0x18b</size>
         <input_file_ref idref="fl-2"/>
      </object_component>
      <object_component id="oc-2f1">
         <name>.debug_info</name>
         <load_address>0x4596</load_address>
         <run_address>0x4596</run_address>
         <size>0x2c</size>
         <input_file_ref idref="fl-2"/>
      </object_component>
      <object_component id="oc-d8">
         <name>.debug_info</name>
         <load_address>0x45c2</load_address>
         <run_address>0x45c2</run_address>
         <size>0x2c</size>
         <input_file_ref idref="fl-2"/>
      </object_component>
      <object_component id="oc-39">
         <name>.debug_info</name>
         <load_address>0x45ee</load_address>
         <run_address>0x45ee</run_address>
         <size>0x186</size>
         <input_file_ref idref="fl-3"/>
      </object_component>
      <object_component id="oc-10">
         <name>.debug_info</name>
         <load_address>0x4774</load_address>
         <run_address>0x4774</run_address>
         <size>0x109</size>
         <input_file_ref idref="fl-3"/>
      </object_component>
      <object_component id="oc-2c">
         <name>.debug_info</name>
         <load_address>0x487d</load_address>
         <run_address>0x487d</run_address>
         <size>0x285</size>
         <input_file_ref idref="fl-3"/>
      </object_component>
      <object_component id="oc-ba">
         <name>.debug_info</name>
         <load_address>0x4b02</load_address>
         <run_address>0x4b02</run_address>
         <size>0x542</size>
         <input_file_ref idref="fl-4"/>
      </object_component>
      <object_component id="oc-b7">
         <name>.debug_info</name>
         <load_address>0x5044</load_address>
         <run_address>0x5044</run_address>
         <size>0x136</size>
         <input_file_ref idref="fl-4"/>
      </object_component>
      <object_component id="oc-34">
         <name>.debug_info</name>
         <load_address>0x517a</load_address>
         <run_address>0x517a</run_address>
         <size>0xbd7</size>
         <input_file_ref idref="fl-4"/>
      </object_component>
      <object_component id="oc-1c5">
         <name>.debug_info</name>
         <load_address>0x5d51</load_address>
         <run_address>0x5d51</run_address>
         <size>0x1cd</size>
         <input_file_ref idref="fl-5"/>
      </object_component>
      <object_component id="oc-13d">
         <name>.debug_info</name>
         <load_address>0x5f1e</load_address>
         <run_address>0x5f1e</run_address>
         <size>0x44a</size>
         <input_file_ref idref="fl-5"/>
      </object_component>
      <object_component id="oc-1ef">
         <name>.debug_info</name>
         <load_address>0x6368</load_address>
         <run_address>0x6368</run_address>
         <size>0x95e</size>
         <input_file_ref idref="fl-6"/>
      </object_component>
      <object_component id="oc-1d7">
         <name>.debug_info</name>
         <load_address>0x6cc6</load_address>
         <run_address>0x6cc6</run_address>
         <size>0x12e</size>
         <input_file_ref idref="fl-6"/>
      </object_component>
      <object_component id="oc-1e0">
         <name>.debug_info</name>
         <load_address>0x6df4</load_address>
         <run_address>0x6df4</run_address>
         <size>0x12a</size>
         <input_file_ref idref="fl-6"/>
      </object_component>
      <object_component id="oc-1e3">
         <name>.debug_info</name>
         <load_address>0x6f1e</load_address>
         <run_address>0x6f1e</run_address>
         <size>0x13b</size>
         <input_file_ref idref="fl-6"/>
      </object_component>
      <object_component id="oc-1e6">
         <name>.debug_info</name>
         <load_address>0x7059</load_address>
         <run_address>0x7059</run_address>
         <size>0x13b</size>
         <input_file_ref idref="fl-6"/>
      </object_component>
      <object_component id="oc-1e9">
         <name>.debug_info</name>
         <load_address>0x7194</load_address>
         <run_address>0x7194</run_address>
         <size>0x135</size>
         <input_file_ref idref="fl-6"/>
      </object_component>
      <object_component id="oc-1ec">
         <name>.debug_info</name>
         <load_address>0x72c9</load_address>
         <run_address>0x72c9</run_address>
         <size>0x135</size>
         <input_file_ref idref="fl-6"/>
      </object_component>
      <object_component id="oc-143">
         <name>.debug_info</name>
         <load_address>0x73fe</load_address>
         <run_address>0x73fe</run_address>
         <size>0x139d</size>
         <input_file_ref idref="fl-6"/>
      </object_component>
      <object_component id="oc-1fa">
         <name>.debug_info</name>
         <load_address>0x879b</load_address>
         <run_address>0x879b</run_address>
         <size>0x683</size>
         <input_file_ref idref="fl-6"/>
      </object_component>
      <object_component id="oc-1f0">
         <name>.debug_info</name>
         <load_address>0x8e1e</load_address>
         <run_address>0x8e1e</run_address>
         <size>0x236f</size>
         <input_file_ref idref="fl-6"/>
      </object_component>
      <object_component id="oc-1f5">
         <name>.debug_info</name>
         <load_address>0xb18d</load_address>
         <run_address>0xb18d</run_address>
         <size>0x16a</size>
         <input_file_ref idref="fl-6"/>
      </object_component>
      <object_component id="oc-1dd">
         <name>.debug_info</name>
         <load_address>0xb2f7</load_address>
         <run_address>0xb2f7</run_address>
         <size>0xa79</size>
         <input_file_ref idref="fl-7"/>
      </object_component>
      <object_component id="oc-284">
         <name>.debug_info</name>
         <load_address>0xbd70</load_address>
         <run_address>0xbd70</run_address>
         <size>0x121</size>
         <input_file_ref idref="fl-7"/>
      </object_component>
      <object_component id="oc-288">
         <name>.debug_info</name>
         <load_address>0xbe91</load_address>
         <run_address>0xbe91</run_address>
         <size>0x12f</size>
         <input_file_ref idref="fl-7"/>
      </object_component>
      <object_component id="oc-291">
         <name>.debug_info</name>
         <load_address>0xbfc0</load_address>
         <run_address>0xbfc0</run_address>
         <size>0x12f</size>
         <input_file_ref idref="fl-7"/>
      </object_component>
      <object_component id="oc-294">
         <name>.debug_info</name>
         <load_address>0xc0ef</load_address>
         <run_address>0xc0ef</run_address>
         <size>0x138</size>
         <input_file_ref idref="fl-7"/>
      </object_component>
      <object_component id="oc-28b">
         <name>.debug_info</name>
         <load_address>0xc227</load_address>
         <run_address>0xc227</run_address>
         <size>0x138</size>
         <input_file_ref idref="fl-7"/>
      </object_component>
      <object_component id="oc-1da">
         <name>.debug_info</name>
         <load_address>0xc35f</load_address>
         <run_address>0xc35f</run_address>
         <size>0x179</size>
         <input_file_ref idref="fl-7"/>
      </object_component>
      <object_component id="oc-28e">
         <name>.debug_info</name>
         <load_address>0xc4d8</load_address>
         <run_address>0xc4d8</run_address>
         <size>0x129</size>
         <input_file_ref idref="fl-7"/>
      </object_component>
      <object_component id="oc-1cb">
         <name>.debug_info</name>
         <load_address>0xc601</load_address>
         <run_address>0xc601</run_address>
         <size>0x3c3b</size>
         <input_file_ref idref="fl-7"/>
      </object_component>
      <object_component id="oc-297">
         <name>.debug_info</name>
         <load_address>0x1023c</load_address>
         <run_address>0x1023c</run_address>
         <size>0x11f</size>
         <input_file_ref idref="fl-7"/>
      </object_component>
      <object_component id="oc-264">
         <name>.debug_info</name>
         <load_address>0x1035b</load_address>
         <run_address>0x1035b</run_address>
         <size>0x932</size>
         <input_file_ref idref="fl-a"/>
      </object_component>
      <object_component id="oc-246">
         <name>.debug_info</name>
         <load_address>0x10c8d</load_address>
         <run_address>0x10c8d</run_address>
         <size>0x132</size>
         <input_file_ref idref="fl-a"/>
      </object_component>
      <object_component id="oc-249">
         <name>.debug_info</name>
         <load_address>0x10dbf</load_address>
         <run_address>0x10dbf</run_address>
         <size>0x130</size>
         <input_file_ref idref="fl-a"/>
      </object_component>
      <object_component id="oc-24c">
         <name>.debug_info</name>
         <load_address>0x10eef</load_address>
         <run_address>0x10eef</run_address>
         <size>0x13a</size>
         <input_file_ref idref="fl-a"/>
      </object_component>
      <object_component id="oc-24f">
         <name>.debug_info</name>
         <load_address>0x11029</load_address>
         <run_address>0x11029</run_address>
         <size>0x13b</size>
         <input_file_ref idref="fl-a"/>
      </object_component>
      <object_component id="oc-252">
         <name>.debug_info</name>
         <load_address>0x11164</load_address>
         <run_address>0x11164</run_address>
         <size>0x13d</size>
         <input_file_ref idref="fl-a"/>
      </object_component>
      <object_component id="oc-255">
         <name>.debug_info</name>
         <load_address>0x112a1</load_address>
         <run_address>0x112a1</run_address>
         <size>0x137</size>
         <input_file_ref idref="fl-a"/>
      </object_component>
      <object_component id="oc-25b">
         <name>.debug_info</name>
         <load_address>0x113d8</load_address>
         <run_address>0x113d8</run_address>
         <size>0x135</size>
         <input_file_ref idref="fl-a"/>
      </object_component>
      <object_component id="oc-25e">
         <name>.debug_info</name>
         <load_address>0x1150d</load_address>
         <run_address>0x1150d</run_address>
         <size>0x14c</size>
         <input_file_ref idref="fl-a"/>
      </object_component>
      <object_component id="oc-261">
         <name>.debug_info</name>
         <load_address>0x11659</load_address>
         <run_address>0x11659</run_address>
         <size>0x135</size>
         <input_file_ref idref="fl-a"/>
      </object_component>
      <object_component id="oc-258">
         <name>.debug_info</name>
         <load_address>0x1178e</load_address>
         <run_address>0x1178e</run_address>
         <size>0x11d</size>
         <input_file_ref idref="fl-a"/>
      </object_component>
      <object_component id="oc-15b">
         <name>.debug_info</name>
         <load_address>0x118ab</load_address>
         <run_address>0x118ab</run_address>
         <size>0x25d1</size>
         <input_file_ref idref="fl-a"/>
      </object_component>
      <object_component id="oc-265">
         <name>.debug_info</name>
         <load_address>0x13e7c</load_address>
         <run_address>0x13e7c</run_address>
         <size>0x5c2</size>
         <input_file_ref idref="fl-a"/>
      </object_component>
      <object_component id="oc-23f">
         <name>.debug_info</name>
         <load_address>0x1443e</load_address>
         <run_address>0x1443e</run_address>
         <size>0x481</size>
         <input_file_ref idref="fl-b"/>
      </object_component>
      <object_component id="oc-239">
         <name>.debug_info</name>
         <load_address>0x148bf</load_address>
         <run_address>0x148bf</run_address>
         <size>0x134</size>
         <input_file_ref idref="fl-b"/>
      </object_component>
      <object_component id="oc-23c">
         <name>.debug_info</name>
         <load_address>0x149f3</load_address>
         <run_address>0x149f3</run_address>
         <size>0x134</size>
         <input_file_ref idref="fl-b"/>
      </object_component>
      <object_component id="oc-156">
         <name>.debug_info</name>
         <load_address>0x14b27</load_address>
         <run_address>0x14b27</run_address>
         <size>0x500</size>
         <input_file_ref idref="fl-b"/>
      </object_component>
      <object_component id="oc-240">
         <name>.debug_info</name>
         <load_address>0x15027</load_address>
         <run_address>0x15027</run_address>
         <size>0x9d</size>
         <input_file_ref idref="fl-b"/>
      </object_component>
      <object_component id="oc-203">
         <name>.debug_info</name>
         <load_address>0x150c4</load_address>
         <run_address>0x150c4</run_address>
         <size>0x3e7</size>
         <input_file_ref idref="fl-c"/>
      </object_component>
      <object_component id="oc-200">
         <name>.debug_info</name>
         <load_address>0x154ab</load_address>
         <run_address>0x154ab</run_address>
         <size>0x126</size>
         <input_file_ref idref="fl-c"/>
      </object_component>
      <object_component id="oc-149">
         <name>.debug_info</name>
         <load_address>0x155d1</load_address>
         <run_address>0x155d1</run_address>
         <size>0x626</size>
         <input_file_ref idref="fl-c"/>
      </object_component>
      <object_component id="oc-3ae">
         <name>.debug_info</name>
         <load_address>0x15bf7</load_address>
         <run_address>0x15bf7</run_address>
         <size>0x7b1</size>
         <input_file_ref idref="fl-d"/>
      </object_component>
      <object_component id="oc-384">
         <name>.debug_info</name>
         <load_address>0x163a8</load_address>
         <run_address>0x163a8</run_address>
         <size>0x13c</size>
         <input_file_ref idref="fl-d"/>
      </object_component>
      <object_component id="oc-387">
         <name>.debug_info</name>
         <load_address>0x164e4</load_address>
         <run_address>0x164e4</run_address>
         <size>0x136</size>
         <input_file_ref idref="fl-d"/>
      </object_component>
      <object_component id="oc-38a">
         <name>.debug_info</name>
         <load_address>0x1661a</load_address>
         <run_address>0x1661a</run_address>
         <size>0x134</size>
         <input_file_ref idref="fl-d"/>
      </object_component>
      <object_component id="oc-393">
         <name>.debug_info</name>
         <load_address>0x1674e</load_address>
         <run_address>0x1674e</run_address>
         <size>0x131</size>
         <input_file_ref idref="fl-d"/>
      </object_component>
      <object_component id="oc-399">
         <name>.debug_info</name>
         <load_address>0x1687f</load_address>
         <run_address>0x1687f</run_address>
         <size>0x12b</size>
         <input_file_ref idref="fl-d"/>
      </object_component>
      <object_component id="oc-39c">
         <name>.debug_info</name>
         <load_address>0x169aa</load_address>
         <run_address>0x169aa</run_address>
         <size>0x12f</size>
         <input_file_ref idref="fl-d"/>
      </object_component>
      <object_component id="oc-39f">
         <name>.debug_info</name>
         <load_address>0x16ad9</load_address>
         <run_address>0x16ad9</run_address>
         <size>0x12f</size>
         <input_file_ref idref="fl-d"/>
      </object_component>
      <object_component id="oc-3a2">
         <name>.debug_info</name>
         <load_address>0x16c08</load_address>
         <run_address>0x16c08</run_address>
         <size>0x12b</size>
         <input_file_ref idref="fl-d"/>
      </object_component>
      <object_component id="oc-3a5">
         <name>.debug_info</name>
         <load_address>0x16d33</load_address>
         <run_address>0x16d33</run_address>
         <size>0x137</size>
         <input_file_ref idref="fl-d"/>
      </object_component>
      <object_component id="oc-3a8">
         <name>.debug_info</name>
         <load_address>0x16e6a</load_address>
         <run_address>0x16e6a</run_address>
         <size>0x137</size>
         <input_file_ref idref="fl-d"/>
      </object_component>
      <object_component id="oc-3ab">
         <name>.debug_info</name>
         <load_address>0x16fa1</load_address>
         <run_address>0x16fa1</run_address>
         <size>0x12f</size>
         <input_file_ref idref="fl-d"/>
      </object_component>
      <object_component id="oc-38d">
         <name>.debug_info</name>
         <load_address>0x170d0</load_address>
         <run_address>0x170d0</run_address>
         <size>0x11d</size>
         <input_file_ref idref="fl-d"/>
      </object_component>
      <object_component id="oc-390">
         <name>.debug_info</name>
         <load_address>0x171ed</load_address>
         <run_address>0x171ed</run_address>
         <size>0x11d</size>
         <input_file_ref idref="fl-d"/>
      </object_component>
      <object_component id="oc-396">
         <name>.debug_info</name>
         <load_address>0x1730a</load_address>
         <run_address>0x1730a</run_address>
         <size>0x11d</size>
         <input_file_ref idref="fl-d"/>
      </object_component>
      <object_component id="oc-358">
         <name>.debug_info</name>
         <load_address>0x17427</load_address>
         <run_address>0x17427</run_address>
         <size>0x2636</size>
         <input_file_ref idref="fl-d"/>
      </object_component>
      <object_component id="oc-3af">
         <name>.debug_info</name>
         <load_address>0x19a5d</load_address>
         <run_address>0x19a5d</run_address>
         <size>0x368</size>
         <input_file_ref idref="fl-d"/>
      </object_component>
      <object_component id="oc-232">
         <name>.debug_info</name>
         <load_address>0x19dc5</load_address>
         <run_address>0x19dc5</run_address>
         <size>0x5d1</size>
         <input_file_ref idref="fl-f"/>
      </object_component>
      <object_component id="oc-208">
         <name>.debug_info</name>
         <load_address>0x1a396</load_address>
         <run_address>0x1a396</run_address>
         <size>0x132</size>
         <input_file_ref idref="fl-f"/>
      </object_component>
      <object_component id="oc-20b">
         <name>.debug_info</name>
         <load_address>0x1a4c8</load_address>
         <run_address>0x1a4c8</run_address>
         <size>0x133</size>
         <input_file_ref idref="fl-f"/>
      </object_component>
      <object_component id="oc-211">
         <name>.debug_info</name>
         <load_address>0x1a5fb</load_address>
         <run_address>0x1a5fb</run_address>
         <size>0x135</size>
         <input_file_ref idref="fl-f"/>
      </object_component>
      <object_component id="oc-214">
         <name>.debug_info</name>
         <load_address>0x1a730</load_address>
         <run_address>0x1a730</run_address>
         <size>0x135</size>
         <input_file_ref idref="fl-f"/>
      </object_component>
      <object_component id="oc-217">
         <name>.debug_info</name>
         <load_address>0x1a865</load_address>
         <run_address>0x1a865</run_address>
         <size>0x13f</size>
         <input_file_ref idref="fl-f"/>
      </object_component>
      <object_component id="oc-21a">
         <name>.debug_info</name>
         <load_address>0x1a9a4</load_address>
         <run_address>0x1a9a4</run_address>
         <size>0x139</size>
         <input_file_ref idref="fl-f"/>
      </object_component>
      <object_component id="oc-21d">
         <name>.debug_info</name>
         <load_address>0x1aadd</load_address>
         <run_address>0x1aadd</run_address>
         <size>0x137</size>
         <input_file_ref idref="fl-f"/>
      </object_component>
      <object_component id="oc-220">
         <name>.debug_info</name>
         <load_address>0x1ac14</load_address>
         <run_address>0x1ac14</run_address>
         <size>0x137</size>
         <input_file_ref idref="fl-f"/>
      </object_component>
      <object_component id="oc-226">
         <name>.debug_info</name>
         <load_address>0x1ad4b</load_address>
         <run_address>0x1ad4b</run_address>
         <size>0x141</size>
         <input_file_ref idref="fl-f"/>
      </object_component>
      <object_component id="oc-229">
         <name>.debug_info</name>
         <load_address>0x1ae8c</load_address>
         <run_address>0x1ae8c</run_address>
         <size>0x137</size>
         <input_file_ref idref="fl-f"/>
      </object_component>
      <object_component id="oc-22c">
         <name>.debug_info</name>
         <load_address>0x1afc3</load_address>
         <run_address>0x1afc3</run_address>
         <size>0x135</size>
         <input_file_ref idref="fl-f"/>
      </object_component>
      <object_component id="oc-22f">
         <name>.debug_info</name>
         <load_address>0x1b0f8</load_address>
         <run_address>0x1b0f8</run_address>
         <size>0x135</size>
         <input_file_ref idref="fl-f"/>
      </object_component>
      <object_component id="oc-205">
         <name>.debug_info</name>
         <load_address>0x1b22d</load_address>
         <run_address>0x1b22d</run_address>
         <size>0x11a</size>
         <input_file_ref idref="fl-f"/>
      </object_component>
      <object_component id="oc-20e">
         <name>.debug_info</name>
         <load_address>0x1b347</load_address>
         <run_address>0x1b347</run_address>
         <size>0x11b</size>
         <input_file_ref idref="fl-f"/>
      </object_component>
      <object_component id="oc-223">
         <name>.debug_info</name>
         <load_address>0x1b462</load_address>
         <run_address>0x1b462</run_address>
         <size>0x11b</size>
         <input_file_ref idref="fl-f"/>
      </object_component>
      <object_component id="oc-14f">
         <name>.debug_info</name>
         <load_address>0x1b57d</load_address>
         <run_address>0x1b57d</run_address>
         <size>0x21da</size>
         <input_file_ref idref="fl-f"/>
      </object_component>
      <object_component id="oc-233">
         <name>.debug_info</name>
         <load_address>0x1d757</load_address>
         <run_address>0x1d757</run_address>
         <size>0x48e</size>
         <input_file_ref idref="fl-f"/>
      </object_component>
      <object_component id="oc-2f6">
         <name>.debug_info</name>
         <load_address>0x1dbe5</load_address>
         <run_address>0x1dbe5</run_address>
         <size>0x778</size>
         <input_file_ref idref="fl-10"/>
      </object_component>
      <object_component id="oc-1d1">
         <name>.debug_info</name>
         <load_address>0x1e35d</load_address>
         <run_address>0x1e35d</run_address>
         <size>0x858</size>
         <input_file_ref idref="fl-10"/>
      </object_component>
      <object_component id="oc-26">
         <name>.debug_info</name>
         <load_address>0x1ebb5</load_address>
         <run_address>0x1ebb5</run_address>
         <size>0x160</size>
         <input_file_ref idref="fl-cc"/>
      </object_component>
      <object_component id="oc-ce">
         <name>.debug_info</name>
         <load_address>0x1ed15</load_address>
         <run_address>0x1ed15</run_address>
         <size>0xf9</size>
         <input_file_ref idref="fl-cd"/>
      </object_component>
      <object_component id="oc-15">
         <name>.debug_info</name>
         <load_address>0x1ee0e</load_address>
         <run_address>0x1ee0e</run_address>
         <size>0x245</size>
         <input_file_ref idref="fl-cd"/>
      </object_component>
      <object_component id="oc-3b">
         <name>.debug_info</name>
         <load_address>0x1f053</load_address>
         <run_address>0x1f053</run_address>
         <size>0x60</size>
         <input_file_ref idref="fl-cd"/>
      </object_component>
      <object_component id="oc-c9">
         <name>.debug_info</name>
         <load_address>0x1f0b3</load_address>
         <run_address>0x1f0b3</run_address>
         <size>0x46</size>
         <input_file_ref idref="fl-cd"/>
      </object_component>
      <object_component id="oc-50">
         <name>.debug_info</name>
         <load_address>0x1f0f9</load_address>
         <run_address>0x1f0f9</run_address>
         <size>0x140</size>
         <input_file_ref idref="fl-ce"/>
      </object_component>
      <object_component id="oc-19">
         <name>.debug_info</name>
         <load_address>0x1f239</load_address>
         <run_address>0x1f239</run_address>
         <size>0x1df</size>
         <input_file_ref idref="fl-ce"/>
      </object_component>
      <object_component id="oc-4b">
         <name>.debug_info</name>
         <load_address>0x1f418</load_address>
         <run_address>0x1f418</run_address>
         <size>0x46</size>
         <input_file_ref idref="fl-ce"/>
      </object_component>
      <object_component id="oc-d0">
         <name>.debug_info</name>
         <load_address>0x1f45e</load_address>
         <run_address>0x1f45e</run_address>
         <size>0x2c</size>
         <input_file_ref idref="fl-ce"/>
      </object_component>
      <object_component id="oc-5c">
         <name>.debug_info</name>
         <load_address>0x1f48a</load_address>
         <run_address>0x1f48a</run_address>
         <size>0x12f</size>
         <input_file_ref idref="fl-cf"/>
      </object_component>
      <object_component id="oc-1f">
         <name>.debug_info</name>
         <load_address>0x1f5b9</load_address>
         <run_address>0x1f5b9</run_address>
         <size>0x1aa</size>
         <input_file_ref idref="fl-cf"/>
      </object_component>
      <object_component id="oc-57">
         <name>.debug_info</name>
         <load_address>0x1f763</load_address>
         <run_address>0x1f763</run_address>
         <size>0x46</size>
         <input_file_ref idref="fl-cf"/>
      </object_component>
      <object_component id="oc-fe">
         <name>.debug_info</name>
         <load_address>0x1f7a9</load_address>
         <run_address>0x1f7a9</run_address>
         <size>0x234</size>
         <input_file_ref idref="fl-d0"/>
      </object_component>
      <object_component id="oc-f8">
         <name>.debug_info</name>
         <load_address>0x1f9dd</load_address>
         <run_address>0x1f9dd</run_address>
         <size>0x185</size>
         <input_file_ref idref="fl-d0"/>
      </object_component>
      <object_component id="oc-76">
         <name>.debug_info</name>
         <load_address>0x1fb62</load_address>
         <run_address>0x1fb62</run_address>
         <size>0x214</size>
         <input_file_ref idref="fl-d0"/>
      </object_component>
      <object_component id="oc-46">
         <name>.debug_info</name>
         <load_address>0x1fd76</load_address>
         <run_address>0x1fd76</run_address>
         <size>0x111</size>
         <input_file_ref idref="fl-d1"/>
      </object_component>
      <object_component id="oc-53">
         <name>.debug_info</name>
         <load_address>0x1fe87</load_address>
         <run_address>0x1fe87</run_address>
         <size>0x13f</size>
         <input_file_ref idref="fl-d2"/>
      </object_component>
      <object_component id="oc-61">
         <name>.debug_info</name>
         <load_address>0x1ffc6</load_address>
         <run_address>0x1ffc6</run_address>
         <size>0x138</size>
         <input_file_ref idref="fl-d3"/>
      </object_component>
      <object_component id="oc-64">
         <name>.debug_info</name>
         <load_address>0x200fe</load_address>
         <run_address>0x200fe</run_address>
         <size>0x148</size>
         <input_file_ref idref="fl-d4"/>
      </object_component>
      <object_component id="oc-7c">
         <name>.debug_info</name>
         <load_address>0x20246</load_address>
         <run_address>0x20246</run_address>
         <size>0x109</size>
         <input_file_ref idref="fl-d5"/>
      </object_component>
      <object_component id="oc-27c">
         <name>.debug_info</name>
         <load_address>0x2034f</load_address>
         <run_address>0x2034f</run_address>
         <size>0xea</size>
         <input_file_ref idref="fl-d6"/>
      </object_component>
      <object_component id="oc-1b9">
         <name>.debug_info</name>
         <load_address>0x20439</load_address>
         <run_address>0x20439</run_address>
         <size>0x22a</size>
         <input_file_ref idref="fl-d6"/>
      </object_component>
      <object_component id="oc-191">
         <name>.debug_info</name>
         <load_address>0x20663</load_address>
         <run_address>0x20663</run_address>
         <size>0x124</size>
         <input_file_ref idref="fl-d7"/>
      </object_component>
      <object_component id="oc-fb">
         <name>.debug_info</name>
         <load_address>0x20787</load_address>
         <run_address>0x20787</run_address>
         <size>0x113</size>
         <input_file_ref idref="fl-d7"/>
      </object_component>
      <object_component id="oc-18a">
         <name>.debug_info</name>
         <load_address>0x2089a</load_address>
         <run_address>0x2089a</run_address>
         <size>0x21f</size>
         <input_file_ref idref="fl-d7"/>
      </object_component>
      <object_component id="oc-f6">
         <name>.debug_info</name>
         <load_address>0x20ab9</load_address>
         <run_address>0x20ab9</run_address>
         <size>0x166</size>
         <input_file_ref idref="fl-d8"/>
      </object_component>
      <object_component id="oc-70">
         <name>.debug_info</name>
[...]
         <value>0x3ed1</value>
         <object_component_ref idref="oc-15a"/>
      </symbol>
      <symbol id="sm-4e8">
         <name>_sl_NetAppSendTokenValue</name>
         <value>0x4609</value>
         <object_component_ref idref="oc-15a"/>
      </symbol>
      <symbol id="sm-4e9">
         <name>sl_NetAppGet</name>
         <value>0x4679</value>
         <object_component_ref idref="oc-15a"/>
      </symbol>
      <symbol id="sm-4ea">
         <name>sl_NetAppMDNSRegisterUnregisterService</name>
         <value>0x3e01</value>
         <object_component_ref idref="oc-15a"/>
      </symbol>
      <symbol id="sm-4eb">
         <name>_sl_HandleAsync_DnsGetHostByAddr</name>
         <value>0x4141</value>
         <object_component_ref idref="oc-15a"/>
      </symbol>
      <symbol id="sm-51c">
         <name>sl_NetCfgGet</name>
         <value>0x5c11</value>
         <object_component_ref idref="oc-154"/>
      </symbol>
      <symbol id="sm-51d">
         <name>sl_NetCfgSet</name>
         <value>0x5b91</value>
         <object_component_ref idref="oc-154"/>
      </symbol>
      <symbol id="sm-544">
         <name>_SlNonOsSemSet</name>
         <value>0x5a11</value>
         <object_component_ref idref="oc-148"/>
      </symbol>
      <symbol id="sm-545">
         <name>_SlNonOsSpawn</name>
         <value>0x5aa9</value>
         <object_component_ref idref="oc-148"/>
      </symbol>
      <symbol id="sm-546">
         <name>_SlNonOsSemGet</name>
         <value>0x5a29</value>
         <object_component_ref idref="oc-148"/>
      </symbol>
      <symbol id="sm-547">
         <name>_SlNonOsMainLoopTask</name>
         <value>0x5b11</value>
         <object_component_ref idref="oc-148"/>
      </symbol>
      <symbol id="sm-548">
         <name>g__SlNonOsCB</name>
         <value>0x200003c8</value>
         <object_component_ref idref="oc-1ff"/>
      </symbol>
      <symbol id="sm-671">
         <name>sl_Accept</name>
         <value>0x28f9</value>
         <object_component_ref idref="oc-357"/>
      </symbol>
      <symbol id="sm-672">
         <name>sl_Recv</name>
         <value>0x2c01</value>
         <object_component_ref idref="oc-357"/>
      </symbol>
      <symbol id="sm-673">
         <name>SL_FD_ZERO</name>
         <value>0x2f99</value>
         <object_component_ref idref="oc-357"/>
      </symbol>
      <symbol id="sm-674">
         <name>SL_FD_SET</name>
         <value>0x2f21</value>
         <object_component_ref idref="oc-357"/>
      </symbol>
      <symbol id="sm-675">
         <name>sl_SendTo</name>
         <value>0x2311</value>
         <object_component_ref idref="oc-357"/>
      </symbol>
      <symbol id="sm-676">
         <name>sl_Send</name>
         <value>0x2789</value>
         <object_component_ref idref="oc-357"/>
      </symbol>
      <symbol id="sm-677">
         <name>_sl_HandleAsync_Connect</name>
         <value>0x2709</value>
         <object_component_ref idref="oc-357"/>
      </symbol>
      <symbol id="sm-678">
         <name>sl_Htonl</name>
         <value>0x2ab9</value>
         <object_component_ref idref="oc-357"/>
      </symbol>
      <symbol id="sm-679">
         <name>sl_Htons</name>
         <value>0x2b01</value>
         <object_component_ref idref="oc-357"/>
      </symbol>
      <symbol id="sm-67a">
         <name>sl_Connect</name>
         <value>0x2591</value>
         <object_component_ref idref="oc-357"/>
      </symbol>
      <symbol id="sm-67b">
         <name>sl_Socket</name>
         <value>0x21c1</value>
         <object_component_ref idref="oc-357"/>
      </symbol>
      <symbol id="sm-67c">
         <name>sl_Select</name>
         <value>0x2db9</value>
         <object_component_ref idref="oc-357"/>
      </symbol>
      <symbol id="sm-67d">
         <name>_sl_HandleAsync_Select</name>
         <value>0x2ba9</value>
         <object_component_ref idref="oc-357"/>
      </symbol>
      <symbol id="sm-67e">
         <name>sl_RecvFrom</name>
         <value>0x2451</value>
         <object_component_ref idref="oc-357"/>
      </symbol>
      <symbol id="sm-67f">
         <name>SL_FD_CLR</name>
         <value>0x2f49</value>
         <object_component_ref idref="oc-357"/>
      </symbol>
      <symbol id="sm-680">
         <name>sl_Close</name>
         <value>0x2231</value>
         <object_component_ref idref="oc-357"/>
      </symbol>
      <symbol id="sm-681">
         <name>_sl_HandleAsync_Accept</name>
         <value>0x2b41</value>
         <object_component_ref idref="oc-357"/>
      </symbol>
      <symbol id="sm-682">
         <name>sl_GetSockOpt</name>
         <value>0x2d01</value>
         <object_component_ref idref="oc-357"/>
      </symbol>
      <symbol id="sm-683">
         <name>sl_SetSockOpt</name>
         <value>0x2c89</value>
         <object_component_ref idref="oc-357"/>
      </symbol>
      <symbol id="sm-684">
         <name>_sl_ParseAddress</name>
         <value>0x2161</value>
         <object_component_ref idref="oc-357"/>
      </symbol>
      <symbol id="sm-685">
         <name>sl_Listen</name>
         <value>0x28a9</value>
         <object_component_ref idref="oc-357"/>
      </symbol>
      <symbol id="sm-686">
         <name>SL_FD_ISSET</name>
         <value>0x2f71</value>
         <object_component_ref idref="oc-357"/>
      </symbol>
      <symbol id="sm-687">
         <name>sl_Bind</name>
         <value>0x2271</value>
         <object_component_ref idref="oc-357"/>
      </symbol>
      <symbol id="sm-7a2">
         <name>sl_WlanSmartConfigStop</name>
         <value>0x3a29</value>
         <object_component_ref idref="oc-14e"/>
      </symbol>
      <symbol id="sm-7a3">
         <name>sl_WlanProfileAdd</name>
         <value>0x3391</value>
         <object_component_ref idref="oc-14e"/>
      </symbol>
      <symbol id="sm-7a4">
         <name>sl_WlanDisconnect</name>
         <value>0x3241</value>
         <object_component_ref idref="oc-14e"/>
      </symbol>
      <symbol id="sm-7a5">
         <name>sl_WlanRxFilterGet</name>
         <value>0x3911</value>
         <object_component_ref idref="oc-14e"/>
      </symbol>
      <symbol id="sm-7a6">
         <name>sl_WlanRxStatGet</name>
         <value>0x39e1</value>
         <object_component_ref idref="oc-14e"/>
      </symbol>
      <symbol id="sm-7a7">
         <name>sl_WlanPolicySet</name>
         <value>0x3261</value>
         <object_component_ref idref="oc-14e"/>
      </symbol>
      <symbol id="sm-7a8">
         <name>sl_WlanRxStatStart</name>
         <value>0x39a1</value>
         <object_component_ref idref="oc-14e"/>
      </symbol>
      <symbol id="sm-7a9">
         <name>sl_WlanProfileGet</name>
         <value>0x3659</value>
         <object_component_ref idref="oc-14e"/>
      </symbol>
      <symbol id="sm-7aa">
         <name>sl_WlanPolicyGet</name>
         <value>0x32d9</value>
         <object_component_ref idref="oc-14e"/>
      </symbol>
      <symbol id="sm-7ab">
         <name>sl_WlanGet</name>
         <value>0x3bc9</value>
         <object_component_ref idref="oc-14e"/>
      </symbol>
      <symbol id="sm-7ac">
         <name>sl_WlanRxStatStop</name>
         <value>0x39c1</value>
         <object_component_ref idref="oc-14e"/>
      </symbol>
      <symbol id="sm-7ad">
         <name>sl_WlanSmartConfigStart</name>
         <value>0x3a51</value>
         <object_component_ref idref="oc-14e"/>
      </symbol>
      <symbol id="sm-7ae">
         <name>sl_WlanRxFilterAdd</name>
         <value>0x3829</value>
         <object_component_ref idref="oc-14e"/>
      </symbol>
      <symbol id="sm-7af">
         <name>sl_WlanProfileDel</name>
         <value>0x3759</value>
         <object_component_ref idref="oc-14e"/>
      </symbol>
      <symbol id="sm-7b0">
         <name>sl_WlanRxFilterSet</name>
         <value>0x38a9</value>
         <object_component_ref idref="oc-14e"/>
      </symbol>
      <symbol id="sm-7b1">
         <name>sl_WlanConnect</name>
         <value>0x2fc1</value>
         <object_component_ref idref="oc-14e"/>
      </symbol>
      <symbol id="sm-7b2">
         <name>sl_WlanSet</name>
         <value>0x3b41</value>
         <object_component_ref idref="oc-14e"/>
      </symbol>
      <symbol id="sm-7b3">
         <name>sl_WlanGetNetworkList</name>
         <value>0x3799</value>
         <object_component_ref idref="oc-14e"/>
      </symbol>
      <symbol id="sm-7b4">
         <name>sl_WlanSetMode</name>
         <value>0x3af9</value>
         <object_component_ref idref="oc-14e"/>
      </symbol>
      <symbol id="sm-7d8">
         <name>spi_Read</name>
         <value>0x5961</value>
         <object_component_ref idref="oc-1d0"/>
      </symbol>
      <symbol id="sm-7d9">
         <name>spi_Close</name>
         <value>0x57e9</value>
         <object_component_ref idref="oc-1d0"/>
      </symbol>
      <symbol id="sm-7da">
         <name>spi_Write</name>
         <value>0x58f1</value>
         <object_component_ref idref="oc-1d0"/>
      </symbol>
      <symbol id="sm-7db">
         <name>spi_Open</name>
         <value>0x57f9</value>
         <object_component_ref idref="oc-1d0"/>
      </symbol>
      <symbol id="sm-7ed">
         <name>_c_int00</name>
         <value>0x651d</value>
         <object_component_ref idref="oc-24"/>
      </symbol>
      <symbol id="sm-7ee">
         <name>__stack</name>
         <value>0x20000000</value>
         <object_component_ref idref="oc-2a"/>
      </symbol>
      <symbol id="sm-80c">
         <name>__TI_decompress_lzss</name>
         <value>0x645d</value>
         <object_component_ref idref="oc-12"/>
      </symbol>
      <symbol id="sm-823">
         <name>__TI_decompress_none</name>
         <value>0x67e7</value>
         <object_component_ref idref="oc-18"/>
      </symbol>
      <symbol id="sm-835">
         <name>__TI_zero_init</name>
         <value>0x680d</value>
         <object_component_ref idref="oc-1e"/>
      </symbol>
      <symbol id="sm-856">
         <name>C$$EXIT</name>
         <value>0x6571</value>
         <object_component_ref idref="oc-75"/>
      </symbol>
      <symbol id="sm-857">
         <name>abort</name>
         <value>0x6575</value>
         <object_component_ref idref="oc-75"/>
      </symbol>
      <symbol id="sm-858">
         <name>exit</name>
         <value>0x657d</value>
         <object_component_ref idref="oc-75"/>
      </symbol>
      <symbol id="sm-859">
         <name>__TI_dtors_ptr</name>
         <value>0x20000408</value>
         <object_component_ref idref="oc-f7"/>
      </symbol>
      <symbol id="sm-85a">
         <name>__TI_cleanup_ptr</name>
         <value>0x20000404</value>
         <object_component_ref idref="oc-f7"/>
      </symbol>
      <symbol id="sm-85b">
         <name>__TI_enable_exit_profile_output</name>
         <value>0x2000040c</value>
         <object_component_ref idref="oc-f7"/>
      </symbol>
      <symbol id="sm-876">
         <name>memcpy</name>
         <value>0x626d</value>
         <object_component_ref idref="oc-45"/>
      </symbol>
      <symbol id="sm-877">
         <name>__aeabi_memcpy</name>
         <value>0x626d</value>
         <object_component_ref idref="oc-45"/>
      </symbol>
      <symbol id="sm-878">
         <name>__aeabi_memcpy8</name>
         <value>0x626d</value>
         <object_component_ref idref="oc-45"/>
      </symbol>
      <symbol id="sm-879">
         <name>__aeabi_memcpy4</name>
         <value>0x626d</value>
         <object_component_ref idref="oc-45"/>
      </symbol>
      <symbol id="sm-888">
         <name>__aeabi_memset</name>
         <value>0x630b</value>
         <object_component_ref idref="oc-51"/>
      </symbol>
      <symbol id="sm-889">
         <name>memset</name>
         <value>0x6311</value>
         <object_component_ref idref="oc-51"/>
      </symbol>
      <symbol id="sm-88a">
         <name>__aeabi_memset8</name>
         <value>0x630b</value>
         <object_component_ref idref="oc-51"/>
      </symbol>
      <symbol id="sm-88b">
         <name>__aeabi_memset4</name>
         <value>0x630b</value>
         <object_component_ref idref="oc-51"/>
      </symbol>
      <symbol id="sm-88c">
         <name>__aeabi_memclr8</name>
         <value>0x6309</value>
         <object_component_ref idref="oc-51"/>
      </symbol>
      <symbol id="sm-88d">
         <name>__aeabi_memclr4</name>
         <value>0x6309</value>
         <object_component_ref idref="oc-51"/>
      </symbol>
      <symbol id="sm-88e">
         <name>__aeabi_memclr</name>
         <value>0x6309</value>
         <object_component_ref idref="oc-51"/>
      </symbol>
      <symbol id="sm-898">
         <name>__mpu_init</name>
         <value>0x4835</value>
         <object_component_ref idref="oc-5d"/>
      </symbol>
      <symbol id="sm-8a2">
         <name>_system_pre_init</name>
         <value>0x3c95</value>
         <object_component_ref idref="oc-63"/>
      </symbol>
      <symbol id="sm-8aa">
         <name>main_func_sp</name>
         <value>0x20000434</value>
         <object_component_ref idref="oc-7b"/>
      </symbol>
      <symbol id="sm-8b8">
         <name>strlen</name>
         <value>0x6741</value>
         <object_component_ref idref="oc-1b8"/>
      </symbol>
      <symbol id="sm-8d1">
         <name>_nop</name>
         <value>0x673b</value>
         <object_component_ref idref="oc-189"/>
      </symbol>
      <symbol id="sm-8d2">
         <name>_lock</name>
         <value>0x20000428</value>
         <object_component_ref idref="oc-fa"/>
      </symbol>
      <symbol id="sm-8d3">
         <name>_unlock</name>
         <value>0x2000042c</value>
         <object_component_ref idref="oc-fa"/>
      </symbol>
      <symbol id="sm-8d4">
         <name>_register_lock</name>
         <value>0x6733</value>
         <object_component_ref idref="oc-189"/>
      </symbol>
      <symbol id="sm-8d5">
         <name>_register_unlock</name>
         <value>0x672d</value>
         <object_component_ref idref="oc-189"/>
      </symbol>
      <symbol id="sm-8e9">
         <name>_args_main</name>
         <value>0x6715</value>
         <object_component_ref idref="oc-6f"/>
      </symbol>
      <symbol id="sm-913">
         <name>__TI_auto_init</name>
         <value>0x6385</value>
         <object_component_ref idref="oc-69"/>
      </symbol>
      <symbol id="sm-92d">
         <name>copy_in</name>
         <value>0x65c5</value>
         <object_component_ref idref="oc-e1"/>
      </symbol>
      <symbol id="sm-937">
         <name>_system_post_cinit</name>
         <value>0x4837</value>
         <object_component_ref idref="oc-e7"/>
      </symbol>
      <symbol id="sm-94d">
         <name>FPULazyStackingEnable</name>
         <value>0x679d</value>
         <object_component_ref idref="oc-86"/>
      </symbol>
      <symbol id="sm-94e">
         <name>FPUEnable</name>
         <value>0x678d</value>
         <object_component_ref idref="oc-80"/>
      </symbol>
      <symbol id="sm-9bd">
         <name>GPIOPinConfigure</name>
         <value>0x6611</value>
         <object_component_ref idref="oc-1be"/>
      </symbol>
      <symbol id="sm-9be">
         <name>GPIOIntDisable</name>
         <value>0x67bd</value>
         <object_component_ref idref="oc-98"/>
      </symbol>
      <symbol id="sm-9bf">
         <name>GPIOIntEnable</name>
         <value>0x6801</value>
         <object_component_ref idref="oc-92"/>
      </symbol>
      <symbol id="sm-9c0">
         <name>GPIOIntTypeSet</name>
         <value>0x64c5</value>
         <object_component_ref idref="oc-2c6"/>
      </symbol>
      <symbol id="sm-9c1">
         <name>GPIOPinTypeGPIOInput</name>
         <value>0x6755</value>
         <object_component_ref idref="oc-2c0"/>
      </symbol>
      <symbol id="sm-9c2">
         <name>GPIOIntClear</name>
         <value>0x66f3</value>
         <object_component_ref idref="oc-a4"/>
      </symbol>
      <symbol id="sm-9c3">
         <name>GPIOIntStatus</name>
         <value>0x67cb</value>
         <object_component_ref idref="oc-9e"/>
      </symbol>
      <symbol id="sm-9c4">
         <name>GPIODirModeSet</name>
         <value>0x66c9</value>
         <object_component_ref idref="oc-361"/>
      </symbol>
      <symbol id="sm-9c5">
         <name>GPIOPinWrite</name>
         <value>0x6835</value>
         <object_component_ref idref="oc-2d8"/>
      </symbol>
      <symbol id="sm-9c6">
         <name>GPIOPadConfigSet</name>
         <value>0x5cdd</value>
         <object_component_ref idref="oc-2a2"/>
      </symbol>
      <symbol id="sm-9c7">
         <name>GPIOPinTypeSSI</name>
         <value>0x6767</value>
         <object_component_ref idref="oc-2a8"/>
      </symbol>
      <symbol id="sm-9f7">
         <name>IntEnable</name>
         <value>0x63f5</value>
         <object_component_ref idref="oc-2cc"/>
      </symbol>
      <symbol id="sm-9f8">
         <name>IntMasterEnable</name>
         <value>0x67ad</value>
         <object_component_ref idref="oc-2d2"/>
      </symbol>
      <symbol id="sm-a27">
         <name>SSIDataGetNonBlocking</name>
         <value>0x6779</value>
         <object_component_ref idref="oc-2e4"/>
      </symbol>
      <symbol id="sm-a28">
         <name>SSIDataPutNonBlocking</name>
         <value>0x67d9</value>
         <object_component_ref idref="oc-2de"/>
      </symbol>
      <symbol id="sm-a29">
         <name>SSIConfigSetExpClk</name>
         <value>0x6659</value>
         <object_component_ref idref="oc-2b4"/>
      </symbol>
      <symbol id="sm-a2a">
         <name>SSIEnable</name>
         <value>0x6819</value>
         <object_component_ref idref="oc-2ba"/>
      </symbol>
      <symbol id="sm-a2b">
         <name>SSIBusy</name>
         <value>0x682d</value>
         <object_component_ref idref="oc-2ea"/>
      </symbol>
      <symbol id="sm-a7d">
         <name>SysCtlClockSet</name>
         <value>0x6179</value>
         <object_component_ref idref="oc-8c"/>
      </symbol>
      <symbol id="sm-a7e">
         <name>SysCtlDelay</name>
         <value>0x683b</value>
         <object_component_ref idref="oc-104"/>
      </symbol>
      <symbol id="sm-a7f">
         <name>SysCtlPeripheralEnable</name>
         <value>0x6695</value>
         <object_component_ref idref="oc-29c"/>
      </symbol>
      <symbol id="sm-a80">
         <name>SysCtlClockGet</name>
         <value>0x6069</value>
         <object_component_ref idref="oc-2ae"/>
      </symbol>
      <symbol id="sm-a95">
         <name>UARTIntClear</name>
         <value>0x20cd</value>
         <object_component_ref idref="oc-b0"/>
      </symbol>
      <symbol id="sm-a96">
         <name>UARTIntStatus</name>
         <value>0x6823</value>
         <object_component_ref idref="oc-aa"/>
      </symbol>
      <symbol id="sm-aa0">
         <name>CPUcpsie</name>
         <value>0x67f5</value>
         <object_component_ref idref="oc-376"/>
      </symbol>
      <symbol id="sm-aa1">
         <name>__TI_static_base__</name>
         <value>0x0</value>
      </symbol>
      <symbol id="sm-aa4">
         <name>SHT$$INIT_ARRAY$$Limit</name>
         <value>0x0</value>
      </symbol>
      <symbol id="sm-aa5">
         <name>SHT$$INIT_ARRAY$$Base</name>
         <value>0x0</value>
      </symbol>
   </symbol_table>
   <title>Link successful</title>
</link_info>
